Archive member included to satisfy reference by file (symbol)

app/libapp.a(main.c.obj)      (--whole-archive)
zephyr/libzephyr.a(heap.c.obj)
                              (--whole-archive)
zephyr/libzephyr.a(mem_blocks.c.obj)
                              (--whole-archive)
zephyr/libzephyr.a(cbprintf_packaged.c.obj)
                              (--whole-archive)
zephyr/libzephyr.a(printk.c.obj)
                              (--whole-archive)
zephyr/libzephyr.a(sem.c.obj)
                              (--whole-archive)
zephyr/libzephyr.a(thread_entry.c.obj)
                              (--whole-archive)
zephyr/libzephyr.a(cbprintf_complete.c.obj)
                              (--whole-archive)
zephyr/libzephyr.a(assert.c.obj)
                              (--whole-archive)
zephyr/libzephyr.a(mpsc_pbuf.c.obj)
                              (--whole-archive)
zephyr/libzephyr.a(p4wq.c.obj)
                              (--whole-archive)
zephyr/libzephyr.a(reboot.c.obj)
                              (--whole-archive)
zephyr/libzephyr.a(dec.c.obj)
                              (--whole-archive)
zephyr/libzephyr.a(hex.c.obj)
                              (--whole-archive)
zephyr/libzephyr.a(rb.c.obj)  (--whole-archive)
zephyr/libzephyr.a(timeutil.c.obj)
                              (--whole-archive)
zephyr/libzephyr.a(bitarray.c.obj)
                              (--whole-archive)
zephyr/libzephyr.a(configs.c.obj)
                              (--whole-archive)
zephyr/libzephyr.a(stm32cube_hal.c.obj)
                              (--whole-archive)
zephyr/libzephyr.a(soc_config.c.obj)
                              (--whole-archive)
zephyr/libzephyr.a(soc.c.obj)
                              (--whole-archive)
zephyr/libzephyr.a(log_core.c.obj)
                              (--whole-archive)
zephyr/libzephyr.a(log_mgmt.c.obj)
                              (--whole-archive)
zephyr/libzephyr.a(log_cache.c.obj)
                              (--whole-archive)
zephyr/libzephyr.a(log_msg.c.obj)
                              (--whole-archive)
zephyr/libzephyr.a(log_output.c.obj)
                              (--whole-archive)
zephyr/libzephyr.a(log_backend_uart.c.obj)
                              (--whole-archive)
zephyr/libzephyr.a(tracing_none.c.obj)
                              (--whole-archive)
zephyr/arch/common/libarch__common.a(sw_isr_common.c.obj)
                              (--whole-archive)
zephyr/arch/arch/arm/core/libarch__arm__core.a(fatal.c.obj)
                              (--whole-archive)
zephyr/arch/arch/arm/core/libarch__arm__core.a(nmi.c.obj)
                              (--whole-archive)
zephyr/arch/arch/arm/core/libarch__arm__core.a(nmi_on_reset.S.obj)
                              (--whole-archive)
zephyr/arch/arch/arm/core/libarch__arm__core.a(tls.c.obj)
                              (--whole-archive)
zephyr/arch/arch/arm/core/cortex_m/libarch__arm__core__cortex_m.a(exc_exit.c.obj)
                              (--whole-archive)
zephyr/arch/arch/arm/core/cortex_m/libarch__arm__core__cortex_m.a(fault.c.obj)
                              (--whole-archive)
zephyr/arch/arch/arm/core/cortex_m/libarch__arm__core__cortex_m.a(fault_s.S.obj)
                              (--whole-archive)
zephyr/arch/arch/arm/core/cortex_m/libarch__arm__core__cortex_m.a(fpu.c.obj)
                              (--whole-archive)
zephyr/arch/arch/arm/core/cortex_m/libarch__arm__core__cortex_m.a(reset.S.obj)
                              (--whole-archive)
zephyr/arch/arch/arm/core/cortex_m/libarch__arm__core__cortex_m.a(scb.c.obj)
                              (--whole-archive)
zephyr/arch/arch/arm/core/cortex_m/libarch__arm__core__cortex_m.a(thread_abort.c.obj)
                              (--whole-archive)
zephyr/arch/arch/arm/core/cortex_m/libarch__arm__core__cortex_m.a(vector_table.S.obj)
                              (--whole-archive)
zephyr/arch/arch/arm/core/cortex_m/libarch__arm__core__cortex_m.a(swap.c.obj)
                              (--whole-archive)
zephyr/arch/arch/arm/core/cortex_m/libarch__arm__core__cortex_m.a(swap_helper.S.obj)
                              (--whole-archive)
zephyr/arch/arch/arm/core/cortex_m/libarch__arm__core__cortex_m.a(irq_manage.c.obj)
                              (--whole-archive)
zephyr/arch/arch/arm/core/cortex_m/libarch__arm__core__cortex_m.a(prep_c.c.obj)
                              (--whole-archive)
zephyr/arch/arch/arm/core/cortex_m/libarch__arm__core__cortex_m.a(thread.c.obj)
                              (--whole-archive)
zephyr/arch/arch/arm/core/cortex_m/libarch__arm__core__cortex_m.a(cpu_idle.c.obj)
                              (--whole-archive)
zephyr/arch/arch/arm/core/cortex_m/libarch__arm__core__cortex_m.a(irq_init.c.obj)
                              (--whole-archive)
zephyr/arch/arch/arm/core/cortex_m/libarch__arm__core__cortex_m.a(isr_wrapper.c.obj)
                              (--whole-archive)
[...]
Memory Configuration

Name             Origin             Length             Attributes
FLASH            0x0000000008000000 0x0000000000040000 xr
RAM              0x0000000020000000 0x0000000000008000 xw
IDT_LIST         0x00000000ffff7fff 0x0000000000008000 xw
*default*        0x0000000000000000 0xffffffffffffffff

Linker script and memory map

                0x0000000008008944                vfprintf = __l_vfprintf
                0x0000000000000000                vfscanf = __l_vfscanf
LOAD zephyr/CMakeFiles/zephyr_final.dir/misc/empty_file.c.obj
LOAD zephyr/CMakeFiles/zephyr_final.dir/isr_tables.c.obj
LOAD zephyr/CMakeFiles/offsets.dir/./arch/arm/core/offsets/offsets.c.obj
LOAD app/libapp.a
LOAD zephyr/libzephyr.a
LOAD zephyr/arch/common/libarch__common.a
LOAD zephyr/arch/arch/arm/core/libarch__arm__core.a
LOAD zephyr/arch/arch/arm/core/cortex_m/libarch__arm__core__cortex_m.a
LOAD zephyr/lib/libc/picolibc/liblib__libc__picolibc.a
LOAD zephyr/lib/libc/common/liblib__libc__common.a
LOAD zephyr/subsys/rtio/libsubsys__rtio.a
LOAD zephyr/drivers/interrupt_controller/libdrivers__interrupt_controller.a
LOAD zephyr/drivers/adc/libdrivers__adc.a
LOAD zephyr/drivers/clock_control/libdrivers__clock_control.a
LOAD zephyr/drivers/console/libdrivers__console.a
LOAD zephyr/drivers/gpio/libdrivers__gpio.a
LOAD zephyr/drivers/i2c/libdrivers__i2c.a
LOAD zephyr/drivers/pinctrl/libdrivers__pinctrl.a
LOAD zephyr/drivers/reset/libdrivers__reset.a
LOAD zephyr/drivers/sensor/bosch/bme280/libdrivers__sensor__bosch__bme280.a
LOAD zephyr/drivers/sensor/st/stm32_temp/libdrivers__sensor__st__stm32_temp.a
LOAD zephyr/drivers/sensor/st/stm32_vbat/libdrivers__sensor__st__stm32_vbat.a
LOAD zephyr/drivers/sensor/st/stm32_vref/libdrivers__sensor__st__stm32_vref.a
LOAD zephyr/drivers/sensor/libdrivers__sensor.a
LOAD zephyr/drivers/serial/libdrivers__serial.a
LOAD zephyr/drivers/timer/libdrivers__timer.a
LOAD modules/hal_stm32/stm32cube/lib..__modules__hal__stm32__stm32cube.a
LOAD zephyr/kernel/libkernel.a
LOAD c:/users/julien/zephyr-sdk-0.16.8/arm-zephyr-eabi/bin/../lib/gcc/arm-zephyr-eabi/12.2.0/thumb/v6-m/nofp\libgcc.a
LOAD zephyr/arch/common/libisr_tables.a
LOAD c:\users\julien\zephyr-sdk-0.16.8\arm-zephyr-eabi\bin\../lib/gcc/../../picolibc/arm-zephyr-eabi/lib/thumb/v6-m/nofp\libc.a
LOAD c:/users/julien/zephyr-sdk-0.16.8/arm-zephyr-eabi/bin/../lib/gcc/arm-zephyr-eabi/12.2.0/thumb/v6-m/nofp\libgcc.a
                0x0000000000000004                _region_min_align = 0x4

.rel.plt        0x0000000008000000        0x0
 *(SORT_BY_ALIGNMENT(.rel.plt))
                [!provide]                        PROVIDE (__rel_iplt_start = .)
 *(SORT_BY_ALIGNMENT(.rel.iplt))
 .rel.iplt      0x0000000008000000        0x0 zephyr/CMakeFiles/zephyr_final.dir/isr_tables.c.obj
                [!provide]                        PROVIDE (__rel_iplt_end = .)

.rela.plt       0x0000000000000000        0x0
 *(SORT_BY_ALIGNMENT(.rela.plt))
                [!provide]                        PROVIDE (__rela_iplt_start = .)
 *(SORT_BY_ALIGNMENT(.rela.iplt))
                [!provide]                        PROVIDE (__rela_iplt_end = .)

.rel.dyn
 *(SORT_BY_ALIGNMENT(.rel.*))

.rela.dyn
 *(SORT_BY_ALIGNMENT(.rela.*))

/DISCARD/
 *(SORT_BY_ALIGNMENT(.plt))

/DISCARD/
 *(SORT_BY_ALIGNMENT(.iplt))
                0x0000000008000000                __rom_region_start = 0x8000000

rom_start       0x0000000008000000       0xbc
                0x0000000008000000                __rom_start_address = .
 FILL mask 0x00
                0x0000000008000000                . = (. + (0x0 - (. - __rom_start_address)))
                0x0000000008000000                . = ALIGN (0x4)
                0x0000000008000000                _vector_start = .
 *(SORT_BY_ALIGNMENT(.exc_vector_table))
 *(SORT_BY_ALIGNMENT(.exc_vector_table.*))
 .exc_vector_table._vector_table_section
                0x0000000008000000       0x40 zephyr/arch/arch/arm/core/cortex_m/libarch__arm__core__cortex_m.a(vector_table.S.obj)
                0x0000000008000000                _vector_table
 *(SORT_BY_ALIGNMENT(.vectors))
                0x00000000080000bc                _vector_end = .
                0x0000000008000040                . = ALIGN (0x4)
 *(SORT_BY_ALIGNMENT(.gnu.linkonce.irq_vector_table*))
 .gnu.linkonce.irq_vector_table
                0x0000000008000040       0x7c zephyr/CMakeFiles/zephyr_final.dir/isr_tables.c.obj
                0x0000000008000040                _irq_vector_table
                0x00000000080000bc                _vector_end = .

text            0x00000000080000bc     0xb6f0
                0x00000000080000bc                __text_region_start = .
 *(SORT_BY_ALIGNMENT(.text))
 .text          0x00000000080000bc       0x14 c:/users/julien/zephyr-sdk-0.16.8/arm-zephyr-eabi/bin/../lib/gcc/arm-zephyr-eabi/12.2.0/thumb/v6-m/nofp\libgcc.a(_thumb1_case_sqi.o)
                0x00000000080000bc                __gnu_thumb1_case_sqi
 .text          0x00000000080000d0       0x14 c:/users/julien/zephyr-sdk-0.16.8/arm-zephyr-eabi/bin/../lib/gcc/arm-zephyr-eabi/12.2.0/thumb/v6-m/nofp\libgcc.a(_thumb1_case_uqi.o)
                0x00000000080000d0                __gnu_thumb1_case_uqi
 .text          0x00000000080000e4       0x8c c:/users/julien/zephyr-sdk-0.16.8/arm-zephyr-eabi/bin/../lib/gcc/arm-zephyr-eabi/12.2.0/thumb/v6-m/nofp\libgcc.a(_udivsi3.o)
                0x00000000080000e4                __aeabi_uidiv
                0x00000000080000e4                __udivsi3
                0x000000000800015c                __aeabi_uidivmod
 .text          0x0000000008000170       0xa8 c:/users/julien/zephyr-sdk-0.16.8/arm-zephyr-eabi/bin/../lib/gcc/arm-zephyr-eabi/12.2.0/thumb/v6-m/nofp\libgcc.a(_divsi3.o)
                0x0000000008000170                __divsi3
                0x0000000008000170                __aeabi_idiv
                0x0000000008000204                __aeabi_idivmod
 .text          0x0000000008000218        0x4 c:/users/julien/zephyr-sdk-0.16.8/arm-zephyr-eabi/bin/../lib/gcc/arm-zephyr-eabi/12.2.0/thumb/v6-m/nofp\libgcc.a(_dvmd_tls.o)
                0x0000000008000218                __aeabi_idiv0
                0x0000000008000218                __aeabi_ldiv0
 .text          0x000000000800021c       0x7c c:/users/julien/zephyr-sdk-0.16.8/arm-zephyr-eabi/bin/../lib/gcc/arm-zephyr-eabi/12.2.0/thumb/v6-m/nofp\libgcc.a(_arm_cmpdf2.o)
                0x000000000800021c                __aeabi_cdrcmple
                0x000000000800022c                __aeabi_cdcmple
                0x000000000800022c                __aeabi_cdcmpeq
                0x000000000800023c                __aeabi_dcmpeq
                0x0000000008000248                __aeabi_dcmplt
                0x000000000800025c                __aeabi_dcmple
                0x0000000008000270                __aeabi_dcmpgt
                0x0000000008000284                __aeabi_dcmpge
 .text          0x0000000008000298       0x74 c:/users/julien/zephyr-sdk-0.16.8/arm-zephyr-eabi/bin/../lib/gcc/arm-zephyr-eabi/12.2.0/thumb/v6-m/nofp\libgcc.a(_arm_cmpsf2.o)
                0x0000000008000298                __aeabi_cfrcmple
                0x00000000080002a0                __aeabi_cfcmpeq
                0x00000000080002a0                __aeabi_cfcmple
                0x00000000080002b0                __aeabi_fcmpeq
                0x00000000080002bc                __aeabi_fcmplt
                0x00000000080002d0                __aeabi_fcmple
                0x00000000080002e4                __aeabi_fcmpgt
                0x00000000080002f8                __aeabi_fcmpge
 .text          0x000000000800030c       0x3c c:/users/julien/zephyr-sdk-0.16.8/arm-zephyr-eabi/bin/../lib/gcc/arm-zephyr-eabi/12.2.0/thumb/v6-m/nofp\libgcc.a(_clzsi2.o)
                0x000000000800030c                __clzsi2
 .text          0x0000000008000348       0x40 c:/users/julien/zephyr-sdk-0.16.8/arm-zephyr-eabi/bin/../lib/gcc/arm-zephyr-eabi/12.2.0/thumb/v6-m/nofp\libgcc.a(_ctzsi2.o)
                0x0000000008000348                __ctzsi2
 .text          0x0000000008000388       0x48 c:/users/julien/zephyr-sdk-0.16.8/arm-zephyr-eabi/bin/../lib/gcc/arm-zephyr-eabi/12.2.0/thumb/v6-m/nofp\libgcc.a(_aeabi_ldivmod.o)
                0x0000000008000388                __aeabi_ldivmod
 .text          0x00000000080003d0       0x40 c:/users/julien/zephyr-sdk-0.16.8/arm-zephyr-eabi/bin/../lib/gcc/arm-zephyr-eabi/12.2.0/thumb/v6-m/nofp\libgcc.a(_aeabi_uldivmod.o)
                0x00000000080003d0                __aeabi_uldivmod
 .text          0x0000000008000410       0x34 c:/users/julien/zephyr-sdk-0.16.8/arm-zephyr-eabi/bin/../lib/gcc/arm-zephyr-eabi/12.2.0/thumb/v6-m/nofp\libgcc.a(_popcountsi2.o)
                0x0000000008000410                __popcountsi2
 .text          0x0000000008000444       0x3c c:/users/julien/zephyr-sdk-0.16.8/arm-zephyr-eabi/bin/../lib/gcc/arm-zephyr-eabi/12.2.0/thumb/v6-m/nofp\libgcc.a(_fixunsdfdi.o)
                0x0000000008000444                __fixunsdfdi
                0x0000000008000444                __aeabi_d2ulz
 .text          0x0000000008000480      0x2e8 c:/users/julien/zephyr-sdk-0.16.8/arm-zephyr-eabi/bin/../lib/gcc/arm-zephyr-eabi/12.2.0/thumb/v6-m/nofp\libgcc.a(addsf3.o)
                0x0000000008000480                __aeabi_fadd
 .text          0x0000000008000768      0x1c4 c:/users/julien/zephyr-sdk-0.16.8/arm-zephyr-eabi/bin/../lib/gcc/arm-zephyr-eabi/12.2.0/thumb/v6-m/nofp\libgcc.a(divsf3.o)
                0x0000000008000768                __aeabi_fdiv
 .text          0x000000000800092c      0x1ec c:/users/julien/zephyr-sdk-0.16.8/arm-zephyr-eabi/bin/../lib/gcc/arm-zephyr-eabi/12.2.0/thumb/v6-m/nofp\libgcc.a(mulsf3.o)
                0x000000000800092c                __aeabi_fmul
 .text          0x0000000008000b18      0x32c c:/users/julien/zephyr-sdk-0.16.8/arm-zephyr-eabi/bin/../lib/gcc/arm-zephyr-eabi/12.2.0/thumb/v6-m/nofp\libgcc.a(subsf3.o)
                0x0000000008000b18                __aeabi_fsub
 .text          0x0000000008000e44       0x3c c:/users/julien/zephyr-sdk-0.16.8/arm-zephyr-eabi/bin/../lib/gcc/arm-zephyr-eabi/12.2.0/thumb/v6-m/nofp\libgcc.a(fixsfsi.o)
                0x0000000008000e44                __aeabi_f2iz
 .text          0x0000000008000e80       0x88 c:/users/julien/zephyr-sdk-0.16.8/arm-zephyr-eabi/bin/../lib/gcc/arm-zephyr-eabi/12.2.0/thumb/v6-m/nofp\libgcc.a(floatsisf.o)
                0x0000000008000e80                __aeabi_i2f
 .text          0x0000000008000f08      0x5e0 c:/users/julien/zephyr-sdk-0.16.8/arm-zephyr-eabi/bin/../lib/gcc/arm-zephyr-eabi/12.2.0/thumb/v6-m/nofp\libgcc.a(adddf3.o)
                0x0000000008000f08                __aeabi_dadd
 .text          0x00000000080014e8      0x504 c:/users/julien/zephyr-sdk-0.16.8/arm-zephyr-eabi/bin/../lib/gcc/arm-zephyr-eabi/12.2.0/thumb/v6-m/nofp\libgcc.a(divdf3.o)
                0x00000000080014e8                __aeabi_ddiv
 .text          0x00000000080019ec       0x84 c:/users/julien/zephyr-sdk-0.16.8/arm-zephyr-eabi/bin/../lib/gcc/arm-zephyr-eabi/12.2.0/thumb/v6-m/nofp\libgcc.a(eqdf2.o)
                0x00000000080019ec                __nedf2
                0x00000000080019ec                __eqdf2
 .text          0x0000000008001a70       0xec c:/users/julien/zephyr-sdk-0.16.8/arm-zephyr-eabi/bin/../lib/gcc/arm-zephyr-eabi/12.2.0/thumb/v6-m/nofp\libgcc.a(gedf2.o)
                0x0000000008001a70                __gedf2
                0x0000000008001a70                __gtdf2
 .text          0x0000000008001b5c       0xf0 c:/users/julien/zephyr-sdk-0.16.8/arm-zephyr-eabi/bin/../lib/gcc/arm-zephyr-eabi/12.2.0/thumb/v6-m/nofp\libgcc.a(ledf2.o)
                0x0000000008001b5c                __ledf2
                0x0000000008001b5c                __ltdf2
 .text          0x0000000008001c4c      0x454 c:/users/julien/zephyr-sdk-0.16.8/arm-zephyr-eabi/bin/../lib/gcc/arm-zephyr-eabi/12.2.0/thumb/v6-m/nofp\libgcc.a(muldf3.o)
                0x0000000008001c4c                __aeabi_dmul
 .text          0x00000000080020a0      0x628 c:/users/julien/zephyr-sdk-0.16.8/arm-zephyr-eabi/bin/../lib/gcc/arm-zephyr-eabi/12.2.0/thumb/v6-m/nofp\libgcc.a(subdf3.o)
                0x00000000080020a0                __aeabi_dsub
 .text          0x00000000080026c8       0x54 c:/users/julien/zephyr-sdk-0.16.8/arm-zephyr-eabi/bin/../lib/gcc/arm-zephyr-eabi/12.2.0/thumb/v6-m/nofp\libgcc.a(floatsidf.o)
                0x00000000080026c8                __aeabi_i2d
 .text          0x000000000800271c       0x40 c:/users/julien/zephyr-sdk-0.16.8/arm-zephyr-eabi/bin/../lib/gcc/arm-zephyr-eabi/12.2.0/thumb/v6-m/nofp\libgcc.a(floatunsidf.o)
                0x000000000800271c                __aeabi_ui2d
 .text          0x000000000800275c       0x14 c:/users/julien/zephyr-sdk-0.16.8/arm-zephyr-eabi/bin/../lib/gcc/arm-zephyr-eabi/12.2.0/thumb/v6-m/nofp\libgcc.a(_thumb1_case_uhi.o)
                0x000000000800275c                __gnu_thumb1_case_uhi
 .text          0x0000000008002770       0x18 c:/users/julien/zephyr-sdk-0.16.8/arm-zephyr-eabi/bin/../lib/gcc/arm-zephyr-eabi/12.2.0/thumb/v6-m/nofp\libgcc.a(_lshrdi3.o)
                0x0000000008002770                __lshrdi3
                0x0000000008002770                __aeabi_llsr
 .text          0x0000000008002788       0x18 c:/users/julien/zephyr-sdk-0.16.8/arm-zephyr-eabi/bin/../lib/gcc/arm-zephyr-eabi/12.2.0/thumb/v6-m/nofp\libgcc.a(_ashldi3.o)
                0x0000000008002788                __aeabi_llsl
                0x0000000008002788                __ashldi3
 .text          0x00000000080027a0       0x18 c:/users/julien/zephyr-sdk-0.16.8/arm-zephyr-eabi/bin/../lib/gcc/arm-zephyr-eabi/12.2.0/thumb/v6-m/nofp\libgcc.a(_clzdi2.o)
                0x00000000080027a0                __clzdi2
 .text          0x00000000080027b8       0x38 c:/users/julien/zephyr-sdk-0.16.8/arm-zephyr-eabi/bin/../lib/gcc/arm-zephyr-eabi/12.2.0/thumb/v6-m/nofp\libgcc.a(_fixunsdfsi.o)
                0x00000000080027b8                __aeabi_d2uiz
                0x00000000080027b8                __fixunsdfsi
 .text          0x00000000080027f0       0x64 c:/users/julien/zephyr-sdk-0.16.8/arm-zephyr-eabi/bin/../lib/gcc/arm-zephyr-eabi/12.2.0/thumb/v6-m/nofp\libgcc.a(fixdfsi.o)
                0x00000000080027f0                __aeabi_d2iz
 .text          0x0000000008002854       0x44 c:/users/julien/zephyr-sdk-0.16.8/arm-zephyr-eabi/bin/../lib/gcc/arm-zephyr-eabi/12.2.0/thumb/v6-m/nofp\libgcc.a(_muldi3.o)
                0x0000000008002854                __muldi3
                0x0000000008002854                __aeabi_lmul
 .text          0x0000000008002898        0xe c:/users/julien/zephyr-sdk-0.16.8/arm-zephyr-eabi/bin/../lib/gcc/arm-zephyr-eabi/12.2.0/thumb/v6-m/nofp\libgcc.a(_ffssi2.o)
                0x0000000008002898                __ffssi2
 .text          0x00000000080028a6       0x38 c:/users/julien/zephyr-sdk-0.16.8/arm-zephyr-eabi/bin/../lib/gcc/arm-zephyr-eabi/12.2.0/thumb/v6-m/nofp\libgcc.a(_fixdfdi.o)
                0x00000000080028a6                __fixdfdi
                0x00000000080028a6                __aeabi_d2lz
 .text          0x00000000080028de       0xde c:/users/julien/zephyr-sdk-0.16.8/arm-zephyr-eabi/bin/../lib/gcc/arm-zephyr-eabi/12.2.0/thumb/v6-m/nofp\libgcc.a(_udivmoddi4.o)
                0x00000000080028de                __udivmoddi4
 .text          0x00000000080029bc       0x30 c:/users/julien/zephyr-sdk-0.16.8/arm-zephyr-eabi/bin/../lib/gcc/arm-zephyr-eabi/12.2.0/thumb/v6-m/nofp\libgcc.a(bpabi.o)
                0x00000000080029bc                __gnu_ldivmod_helper
 .text          0x00000000080029ec       0x4e c:/users/julien/zephyr-sdk-0.16.8/arm-zephyr-eabi/bin/../lib/gcc/arm-zephyr-eabi/12.2.0/thumb/v6-m/nofp\libgcc.a(eqsf2.o)
                0x00000000080029ec                __eqsf2
                0x00000000080029ec                __nesf2
 .text          0x0000000008002a3a       0x9c c:/users/julien/zephyr-sdk-0.16.8/arm-zephyr-eabi/bin/../lib/gcc/arm-zephyr-eabi/12.2.0/thumb/v6-m/nofp\libgcc.a(gesf2.o)
                0x0000000008002a3a                __gesf2
                0x0000000008002a3a                __gtsf2
 .text          0x0000000008002ad6       0xa0 c:/users/julien/zephyr-sdk-0.16.8/arm-zephyr-eabi/bin/../lib/gcc/arm-zephyr-eabi/12.2.0/thumb/v6-m/nofp\libgcc.a(lesf2.o)
                0x0000000008002ad6                __ltsf2
                0x0000000008002ad6                __lesf2
 .text          0x0000000008002b76      0x142 c:/users/julien/zephyr-sdk-0.16.8/arm-zephyr-eabi/bin/../lib/gcc/arm-zephyr-eabi/12.2.0/thumb/v6-m/nofp\libgcc.a(_divdi3.o)
                0x0000000008002b76                __divdi3
 .text          0x0000000008002cb8        0xe c:\users\julien\zephyr-sdk-0.16.8\arm-zephyr-eabi\bin\../lib/gcc/../../picolibc/arm-zephyr-eabi/lib/thumb/v6-m/nofp\libc.a(strlen.S.o)
                0x0000000008002cb8                strlen
 *(SORT_BY_ALIGNMENT(.text.*))
 *fill*         0x0000000008002cc6        0x2 
 .text.print_uart
                0x0000000008002cc8       0x24 app/libapp.a(main.c.obj)
                0x0000000008002cc8                print_uart
 .text.main     0x0000000008002cec       0x8c app/libapp.a(main.c.obj)
                0x0000000008002cec                main
 .text.cbvprintf_package
                0x0000000008002d78      0x3b8 zephyr/libzephyr.a(cbprintf_packaged.c.obj)
                0x0000000008002d78                cbvprintf_package
 .text.cbprintf_package_convert
                0x0000000008003130      0x420 zephyr/libzephyr.a(cbprintf_packaged.c.obj)
                0x0000000008003130                cbprintf_package_convert
 .text.__printk_hook_install
                0x0000000008003550        0xc zephyr/libzephyr.a(printk.c.obj)
                0x0000000008003550                __printk_hook_install
 .text.z_thread_entry
                0x000000000800355c       0x30 zephyr/libzephyr.a(thread_entry.c.obj)
                0x000000000800355c                z_thread_entry
 .text.p4wq_loop
                0x000000000800358c       0xb0 zephyr/libzephyr.a(p4wq.c.obj)
 .text.k_p4wq_init
                0x000000000800363c       0x24 zephyr/libzephyr.a(p4wq.c.obj)
                0x000000000800363c                k_p4wq_init
 .text.k_p4wq_add_thread
                0x0000000008003660       0x44 zephyr/libzephyr.a(p4wq.c.obj)
                0x0000000008003660                k_p4wq_add_thread
 .text.static_init
                0x00000000080036a4       0x84 zephyr/libzephyr.a(p4wq.c.obj)
 .text.k_p4wq_submit
                0x0000000008003728       0xec zephyr/libzephyr.a(p4wq.c.obj)
                0x0000000008003728                k_p4wq_submit
 .text.rotate   0x0000000008003814       0xa4 zephyr/libzephyr.a(rb.c.obj)
 .text.rb_insert
                0x00000000080038b8      0x14c zephyr/libzephyr.a(rb.c.obj)
                0x00000000080038b8                rb_insert
 .text.rb_remove
                0x0000000008003a04      0x348 zephyr/libzephyr.a(rb.c.obj)
                0x0000000008003a04                rb_remove
 .text.st_stm32_common_config
                0x0000000008003d4c       0x3c zephyr/libzephyr.a(soc_config.c.obj)
 .text.stm32f0_init
                0x0000000008003d88       0x20 zephyr/libzephyr.a(soc.c.obj)
 .text.relocate_vector_table
                0x0000000008003da8       0x2c zephyr/libzephyr.a(soc.c.obj)
                0x0000000008003da8                relocate_vector_table
 .text.activate_foreach_backend
                0x0000000008003dd4       0x58 zephyr/libzephyr.a(log_core.c.obj)
 .text.enable_logger
                0x0000000008003e2c       0x5c zephyr/libzephyr.a(log_core.c.obj)
 .text.log_process_thread_timer_expiry_fn
                0x0000000008003e88       0x10 zephyr/libzephyr.a(log_core.c.obj)
 .text.z_log_init
                0x0000000008003e98       0x8c zephyr/libzephyr.a(log_core.c.obj)
 .text.log_format_func_t_get
                0x0000000008003f24        0xc zephyr/libzephyr.a(log_core.c.obj)
                0x0000000008003f24                log_format_func_t_get
 .text.log_set_timestamp_func
                0x0000000008003f30       0x20 zephyr/libzephyr.a(log_core.c.obj)
                0x0000000008003f30                log_set_timestamp_func
 .text.z_log_notify_backend_enabled
                0x0000000008003f50       0x20 zephyr/libzephyr.a(log_core.c.obj)
                0x0000000008003f50                z_log_notify_backend_enabled
 .text.z_log_dropped
                0x0000000008003f70       0x34 zephyr/libzephyr.a(log_core.c.obj)
                0x0000000008003f70                z_log_dropped
 .text.z_log_dropped_read_and_clear
                0x0000000008003fa4       0x10 zephyr/libzephyr.a(log_core.c.obj)
                0x0000000008003fa4                z_log_dropped_read_and_clear
 .text.dropped_notify
                0x0000000008003fb4       0x34 zephyr/libzephyr.a(log_core.c.obj)
                0x0000000008003fb4                dropped_notify
 .text.z_log_msg_init
                0x0000000008003fe8       0x20 zephyr/libzephyr.a(log_core.c.obj)
                0x0000000008003fe8                z_log_msg_init
 .text.log_core_init
                0x0000000008004008       0x30 zephyr/libzephyr.a(log_core.c.obj)
                0x0000000008004008                log_core_init
 .text.z_log_msg_alloc
                0x0000000008004038       0x18 zephyr/libzephyr.a(log_core.c.obj)
                0x0000000008004038                z_log_msg_alloc
 .text.z_log_msg_local_claim
                0x0000000008004050       0x10 zephyr/libzephyr.a(log_core.c.obj)
                0x0000000008004050                z_log_msg_local_claim
 .text.z_log_msg_free
                0x0000000008004060       0x14 zephyr/libzephyr.a(log_core.c.obj)
                0x0000000008004060                z_log_msg_free
 .text.z_log_msg_pending
                0x0000000008004074       0x10 zephyr/libzephyr.a(log_core.c.obj)
                0x0000000008004074                z_log_msg_pending
 .text.z_impl_log_process
                0x0000000008004084       0x9c zephyr/libzephyr.a(log_core.c.obj)
                0x0000000008004084                z_impl_log_process
 .text.z_impl_log_panic
                0x0000000008004120       0x48 zephyr/libzephyr.a(log_core.c.obj)
                0x0000000008004120                z_impl_log_panic
 .text.log_process_thread_func
                0x0000000008004168       0xa4 zephyr/libzephyr.a(log_core.c.obj)
 .text.z_log_msg_post_finalize
                0x000000000800420c       0x70 zephyr/libzephyr.a(log_core.c.obj)
 .text.z_log_msg_commit
                0x000000000800427c       0x24 zephyr/libzephyr.a(log_core.c.obj)
                0x000000000800427c                z_log_msg_commit
 .text.log_source_name_get
                0x00000000080042a0       0x1c zephyr/libzephyr.a(log_mgmt.c.obj)
                0x00000000080042a0                log_source_name_get
 .text.log_backend_enable
                0x00000000080042bc       0x28 zephyr/libzephyr.a(log_mgmt.c.obj)
                0x00000000080042bc                log_backend_enable
 .text.z_log_msg_simple_create
                0x00000000080042e4       0x70 zephyr/libzephyr.a(log_msg.c.obj)
 .text.z_impl_z_log_msg_static_create
                0x0000000008004354      0x130 zephyr/libzephyr.a(log_msg.c.obj)
                0x0000000008004354                z_impl_z_log_msg_static_create
 .text.z_log_msg_runtime_vcreate
                0x0000000008004484       0x9c zephyr/libzephyr.a(log_msg.c.obj)
                0x0000000008004484                z_log_msg_runtime_vcreate
 .text.log_msg_get_source_id
                0x0000000008004520       0x1c zephyr/libzephyr.a(log_msg.c.obj)
                0x0000000008004520                log_msg_get_source_id
 .text.print_formatted
                0x000000000800453c       0x20 zephyr/libzephyr.a(log_output.c.obj)
 .text.newline_print
                0x000000000800455c       0x20 zephyr/libzephyr.a(log_output.c.obj)
 .text.log_output_process
                0x000000000800457c      0x2cc zephyr/libzephyr.a(log_output.c.obj)
                0x000000000800457c                log_output_process
 .text.log_output_dropped_process
                0x0000000008004848       0x58 zephyr/libzephyr.a(log_output.c.obj)
                0x0000000008004848                log_output_dropped_process
 .text.log_output_timestamp_freq_set
                0x00000000080048a0       0x34 zephyr/libzephyr.a(log_output.c.obj)
                0x00000000080048a0                log_output_timestamp_freq_set
 .text.char_out
                0x00000000080048d4       0x24 zephyr/libzephyr.a(log_backend_uart.c.obj)
 .text.z_arm_fatal_error
                0x00000000080048f8       0xb8 zephyr/arch/arch/arm/core/libarch__arm__core.a(fatal.c.obj)
                0x00000000080048f8                z_arm_fatal_error
 .text.z_arm_nmi
                0x00000000080049b0       0x14 zephyr/arch/arch/arm/core/libarch__arm__core.a(nmi.c.obj)
                0x00000000080049b0                z_arm_nmi
 .text.z_SysNmiOnReset
                0x00000000080049c4        0x4 zephyr/arch/arch/arm/core/libarch__arm__core.a(nmi_on_reset.S.obj)
                0x00000000080049c4                z_SysNmiOnReset
 .text.arch_tls_stack_setup
                0x00000000080049c8       0x3c zephyr/arch/arch/arm/core/libarch__arm__core.a(tls.c.obj)
                0x00000000080049c8                arch_tls_stack_setup
 .text._HandlerModeExit
                0x0000000008004a04       0x28 zephyr/arch/arch/arm/core/cortex_m/libarch__arm__core__cortex_m.a(exc_exit.c.obj)
                0x0000000008004a04                z_arm_int_exit
                0x0000000008004a04                z_arm_exc_exit
 .text.z_arm_fault
                0x0000000008004a2c      0x138 zephyr/arch/arch/arm/core/cortex_m/libarch__arm__core__cortex_m.a(fault.c.obj)
                0x0000000008004a2c                z_arm_fault
 .text.z_arm_fault_init
                0x0000000008004b64       0x10 zephyr/arch/arch/arm/core/cortex_m/libarch__arm__core__cortex_m.a(fault.c.obj)
                0x0000000008004b64                z_arm_fault_init
 .text.__fault  0x0000000008004b74       0x14 zephyr/arch/arch/arm/core/cortex_m/libarch__arm__core__cortex_m.a(fault_s.S.obj)
                0x0000000008004b74                z_arm_hard_fault
                0x0000000008004b74                z_arm_exc_spurious
 .text._reset_section
                0x0000000008004b88       0x28 zephyr/arch/arch/arm/core/cortex_m/libarch__arm__core__cortex_m.a(reset.S.obj)
                0x0000000008004b88                __start
                0x0000000008004b88                z_arm_reset
 .text.z_impl_k_thread_abort
                0x0000000008004bb0       0x38 zephyr/arch/arch/arm/core/cortex_m/libarch__arm__core__cortex_m.a(thread_abort.c.obj)
                0x0000000008004bb0                z_impl_k_thread_abort
 .text.arch_swap
                0x0000000008004be8       0x34 zephyr/arch/arch/arm/core/cortex_m/libarch__arm__core__cortex_m.a(swap.c.obj)
                0x0000000008004be8                arch_swap
 .text.z_arm_pendsv_c
                0x0000000008004c1c       0x40 zephyr/arch/arch/arm/core/cortex_m/libarch__arm__core__cortex_m.a(swap.c.obj)
                0x0000000008004c1c                z_arm_pendsv_c
 .text.z_arm_pendsv
                0x0000000008004c5c       0x4c zephyr/arch/arch/arm/core/cortex_m/libarch__arm__core__cortex_m.a(swap_helper.S.obj)
                0x0000000008004c5c                z_arm_pendsv
 .text.z_arm_svc
                0x0000000008004ca8       0x24 zephyr/arch/arch/arm/core/cortex_m/libarch__arm__core__cortex_m.a(swap_helper.S.obj)
                0x0000000008004ca8                z_arm_svc
 .text.arch_irq_enable
                0x0000000008004ccc       0x18 zephyr/arch/arch/arm/core/cortex_m/libarch__arm__core__cortex_m.a(irq_manage.c.obj)
                0x0000000008004ccc                arch_irq_enable
 .text.z_arm_irq_priority_set
                0x0000000008004ce4       0x54 zephyr/arch/arch/arm/core/cortex_m/libarch__arm__core__cortex_m.a(irq_manage.c.obj)
                0x0000000008004ce4                z_arm_irq_priority_set
 .text.arch_new_thread
                0x0000000008004d38       0x30 zephyr/arch/arch/arm/core/cortex_m/libarch__arm__core__cortex_m.a(thread.c.obj)
                0x0000000008004d38                arch_new_thread
 .text.arch_switch_to_main_thread
                0x0000000008004d68       0x3c zephyr/arch/arch/arm/core/cortex_m/libarch__arm__core__cortex_m.a(thread.c.obj)
                0x0000000008004d68                arch_switch_to_main_thread
 .text.z_arm_cpu_idle_init
                0x0000000008004da4        0xc zephyr/arch/arch/arm/core/cortex_m/libarch__arm__core__cortex_m.a(cpu_idle.c.obj)
                0x0000000008004da4                z_arm_cpu_idle_init
 .text.z_arm_interrupt_init
                0x0000000008004db0       0x30 zephyr/arch/arch/arm/core/cortex_m/libarch__arm__core__cortex_m.a(irq_init.c.obj)
                0x0000000008004db0                z_arm_interrupt_init
 .text._isr_wrapper
                0x0000000008004de0       0x20 zephyr/arch/arch/arm/core/cortex_m/libarch__arm__core__cortex_m.a(isr_wrapper.c.obj)
                0x0000000008004de0                _isr_wrapper
 .text.z_impl_zephyr_fputc
                0x0000000008004e00       0x10 zephyr/lib/libc/picolibc/liblib__libc__picolibc.a(libc-hooks.c.obj)
                0x0000000008004e00                z_impl_zephyr_fputc
 .text.__stdout_hook_install
                0x0000000008004e10       0x18 zephyr/lib/libc/picolibc/liblib__libc__picolibc.a(libc-hooks.c.obj)
                0x0000000008004e10                __stdout_hook_install
 .text.cbvprintf
                0x0000000008004e28       0x38 zephyr/lib/libc/picolibc/liblib__libc__picolibc.a(libc-hooks.c.obj)
                0x0000000008004e28                cbvprintf
 .text.malloc_prepare
                0x0000000008004e60       0x24 zephyr/lib/libc/common/liblib__libc__common.a(malloc.c.obj)
 .text.rtio_executor_done
                0x0000000008004e84      0x1b8 zephyr/subsys/rtio/libsubsys__rtio.a(rtio_executor.c.obj)
 .text.rtio_init
                0x000000000800503c       0x90 zephyr/subsys/rtio/libsubsys__rtio.a(rtio_init.c.obj)
                0x000000000800503c                rtio_init
 .text.rtio_work_handler
                0x00000000080050cc       0x18 zephyr/subsys/rtio/libsubsys__rtio.a(rtio_workq.c.obj)
 .text.rtio_work_req_alloc
                0x00000000080050e4       0x2c zephyr/subsys/rtio/libsubsys__rtio.a(rtio_workq.c.obj)
                0x00000000080050e4                rtio_work_req_alloc
 .text.rtio_work_req_submit
                0x0000000008005110       0x50 zephyr/subsys/rtio/libsubsys__rtio.a(rtio_workq.c.obj)
                0x0000000008005110                rtio_work_req_submit
 .text.stm32_exti_isr
                0x0000000008005160       0x44 zephyr/drivers/interrupt_controller/libdrivers__interrupt_controller.a(intc_exti_stm32.c.obj)
 .text.stm32_exti_init
                0x00000000080051a4       0x40 zephyr/drivers/interrupt_controller/libdrivers__interrupt_controller.a(intc_exti_stm32.c.obj)
 .text.stm32_gpio_intc_enable_line
                0x00000000080051e4       0x30 zephyr/drivers/interrupt_controller/libdrivers__interrupt_controller.a(intc_exti_stm32.c.obj)
                0x00000000080051e4                stm32_gpio_intc_enable_line
 .text.stm32_gpio_intc_disable_line
                0x0000000008005214       0x10 zephyr/drivers/interrupt_controller/libdrivers__interrupt_controller.a(intc_exti_stm32.c.obj)
                0x0000000008005214                stm32_gpio_intc_disable_line
 .text.stm32_gpio_intc_select_line_trigger
                0x0000000008005224       0x48 zephyr/drivers/interrupt_controller/libdrivers__interrupt_controller.a(intc_exti_stm32.c.obj)
                0x0000000008005224                stm32_gpio_intc_select_line_trigger
 .text.stm32_gpio_intc_set_irq_callback
                0x000000000800526c       0x40 zephyr/drivers/interrupt_controller/libdrivers__interrupt_controller.a(intc_exti_stm32.c.obj)
                0x000000000800526c                stm32_gpio_intc_set_irq_callback
 .text.stm32_gpio_intc_remove_irq_callback
                0x00000000080052ac       0x24 zephyr/drivers/interrupt_controller/libdrivers__interrupt_controller.a(intc_exti_stm32.c.obj)
                0x00000000080052ac                stm32_gpio_intc_remove_irq_callback
 .text.stm32_exti_set_line_src_port
                0x00000000080052d0       0x24 zephyr/drivers/interrupt_controller/libdrivers__interrupt_controller.a(intc_exti_stm32.c.obj)
                0x00000000080052d0                stm32_exti_set_line_src_port
 .text.stm32_exti_get_line_src_port
                0x00000000080052f4       0x20 zephyr/drivers/interrupt_controller/libdrivers__interrupt_controller.a(intc_exti_stm32.c.obj)
                0x00000000080052f4                stm32_exti_get_line_src_port
 .text.adc_stm32_disable
                0x0000000008005314       0x3c zephyr/drivers/adc/libdrivers__adc.a(adc_stm32.c.obj)
 .text.adc_stm32_channel_setup
                0x0000000008005350       0xcc zephyr/drivers/adc/libdrivers__adc.a(adc_stm32.c.obj)
 .text.adc_context_start_sampling
                0x000000000800541c       0x28 zephyr/drivers/adc/libdrivers__adc.a(adc_stm32.c.obj)
 .text.adc_stm32_enable.isra.0
                0x0000000008005444       0x40 zephyr/drivers/adc/libdrivers__adc.a(adc_stm32.c.obj)
 .text.adc_stm32_calibrate.isra.0
                0x0000000008005484       0x70 zephyr/drivers/adc/libdrivers__adc.a(adc_stm32.c.obj)
 .text.adc_stm32_read
                0x00000000080054f4      0x208 zephyr/drivers/adc/libdrivers__adc.a(adc_stm32.c.obj)
 .text.adc_stm32_isr_12
                0x00000000080056fc       0xc4 zephyr/drivers/adc/libdrivers__adc.a(adc_stm32.c.obj)
 .text.adc_stm32_init
                0x00000000080057c0       0xcc zephyr/drivers/adc/libdrivers__adc.a(adc_stm32.c.obj)
 .text.stm32_clock_control_on
                0x000000000800588c       0x30 zephyr/drivers/clock_control/libdrivers__clock_control.a(clock_stm32_ll_common.c.obj)
 .text.stm32_clock_control_off
                0x00000000080058bc       0x24 zephyr/drivers/clock_control/libdrivers__clock_control.a(clock_stm32_ll_common.c.obj)
 .text.stm32_clock_control_configure
                0x00000000080058e0       0x5c zephyr/drivers/clock_control/libdrivers__clock_control.a(clock_stm32_ll_common.c.obj)
 .text.stm32_clock_control_get_subsys_rate
                0x000000000800593c       0x64 zephyr/drivers/clock_control/libdrivers__clock_control.a(clock_stm32_ll_common.c.obj)
 .text.stm32_clock_control_get_status
                0x00000000080059a0       0x34 zephyr/drivers/clock_control/libdrivers__clock_control.a(clock_stm32_ll_common.c.obj)
 .text.stm32_clock_control_init
                0x00000000080059d4      0x108 zephyr/drivers/clock_control/libdrivers__clock_control.a(clock_stm32_ll_common.c.obj)
                0x00000000080059d4                stm32_clock_control_init
 .text.config_pll_sysclock
                0x0000000008005adc       0x24 zephyr/drivers/clock_control/libdrivers__clock_control.a(clock_stm32f0_f3.c.obj)
                0x0000000008005adc                config_pll_sysclock
 .text.get_pllout_frequency
                0x0000000008005b00        0x8 zephyr/drivers/clock_control/libdrivers__clock_control.a(clock_stm32f0_f3.c.obj)
                0x0000000008005b00                get_pllout_frequency
 .text.config_enable_default_clocks
                0x0000000008005b08       0x30 zephyr/drivers/clock_control/libdrivers__clock_control.a(clock_stm32f0_f3.c.obj)
                0x0000000008005b08                config_enable_default_clocks
 .text.uart_console_init
                0x0000000008005b38       0x2c zephyr/drivers/console/libdrivers__console.a(uart_console.c.obj)
 .text.console_out
                0x0000000008005b64       0x28 zephyr/drivers/console/libdrivers__console.a(uart_console.c.obj)
 .text.gpio_stm32_pin_interrupt_configure
                0x0000000008005b8c       0xac zephyr/drivers/gpio/libdrivers__gpio.a(gpio_stm32.c.obj)
 .text.gpio_stm32_init
                0x0000000008005c38       0x34 zephyr/drivers/gpio/libdrivers__gpio.a(gpio_stm32.c.obj)
 .text.stm32_i2c_master_mode_end
                0x0000000008005c6c       0x38 zephyr/drivers/i2c/libdrivers__i2c.a(i2c_ll_stm32_v2.c.obj)
 .text.msg_init
                0x0000000008005ca4       0xb0 zephyr/drivers/i2c/libdrivers__i2c.a(i2c_ll_stm32_v2.c.obj)
 .text.stm32_i2c_combined_isr
                0x0000000008005d54       0xbc zephyr/drivers/i2c/libdrivers__i2c.a(i2c_ll_stm32_v2.c.obj)
                0x0000000008005d54                stm32_i2c_combined_isr
 .text.stm32_i2c_configure_timing
                0x0000000008005e10      0x164 zephyr/drivers/i2c/libdrivers__i2c.a(i2c_ll_stm32_v2.c.obj)
                0x0000000008005e10                stm32_i2c_configure_timing
 .text.stm32_i2c_transaction
                0x0000000008005f74      0x164 zephyr/drivers/i2c/libdrivers__i2c.a(i2c_ll_stm32_v2.c.obj)
                0x0000000008005f74                stm32_i2c_transaction
 .text.i2c_stm32_get_config.part.0
                0x00000000080060d8       0x1c zephyr/drivers/i2c/libdrivers__i2c.a(i2c_ll_stm32.c.obj)
 .text.i2c_stm32_set_smbus_mode
                0x00000000080060f4       0x5c zephyr/drivers/i2c/libdrivers__i2c.a(i2c_ll_stm32.c.obj)
                0x00000000080060f4                i2c_stm32_set_smbus_mode
 .text.i2c_stm32_runtime_configure
                0x0000000008006150       0xac zephyr/drivers/i2c/libdrivers__i2c.a(i2c_ll_stm32.c.obj)
                0x0000000008006150                i2c_stm32_runtime_configure
 .text.i2c_stm32_init
                0x00000000080061fc      0x144 zephyr/drivers/i2c/libdrivers__i2c.a(i2c_ll_stm32.c.obj)
 .text.pinctrl_configure_pins
                0x0000000008006340       0x8c zephyr/drivers/pinctrl/libdrivers__pinctrl.a(pinctrl_stm32.c.obj)
                0x0000000008006340                pinctrl_configure_pins
 .text.bme280_channel_get
                0x00000000080063cc       0x84 zephyr/drivers/sensor/bosch/bme280/libdrivers__sensor__bosch__bme280.a(bme280.c.obj)
 .text.bme280_sample_fetch_helper
                0x0000000008006450      0x268 zephyr/drivers/sensor/bosch/bme280/libdrivers__sensor__bosch__bme280.a(bme280.c.obj)
                0x0000000008006450                bme280_sample_fetch_helper
 .text.bme280_convert_double_to_q31
                0x00000000080066b8       0x84 zephyr/drivers/sensor/bosch/bme280/libdrivers__sensor__bosch__bme280.a(bme280_decoder.c.obj)
 .text.bme280_decoder_decode
                0x000000000800673c       0xb4 zephyr/drivers/sensor/bosch/bme280/libdrivers__sensor__bosch__bme280.a(bme280_decoder.c.obj)
 .text.bme280_get_decoder
                0x00000000080067f0        0xc zephyr/drivers/sensor/bosch/bme280/libdrivers__sensor__bosch__bme280.a(bme280_decoder.c.obj)
                0x00000000080067f0                bme280_get_decoder
 .text.bme280_submit_sync
                0x00000000080067fc      0x118 zephyr/drivers/sensor/bosch/bme280/libdrivers__sensor__bosch__bme280.a(bme280_async.c.obj)
                0x00000000080067fc                bme280_submit_sync
 .text.bme280_submit
                0x0000000008006914       0x18 zephyr/drivers/sensor/bosch/bme280/libdrivers__sensor__bosch__bme280.a(bme280_async.c.obj)
                0x0000000008006914                bme280_submit
 .text.stm32_temp_channel_get
                0x000000000800692c       0xdc zephyr/drivers/sensor/st/stm32_temp/libdrivers__sensor__st__stm32_temp.a(stm32_temp.c.obj)
 .text.stm32_temp_sample_fetch
                0x0000000008006a08       0x88 zephyr/drivers/sensor/st/stm32_temp/libdrivers__sensor__st__stm32_temp.a(stm32_temp.c.obj)
 .text.stm32_temp_init
                0x0000000008006a90       0x80 zephyr/drivers/sensor/st/stm32_temp/libdrivers__sensor__st__stm32_temp.a(stm32_temp.c.obj)
 .text.stm32_vbat_channel_get
                0x0000000008006b10       0x48 zephyr/drivers/sensor/st/stm32_vbat/libdrivers__sensor__st__stm32_vbat.a(stm32_vbat.c.obj)
 .text.stm32_vbat_sample_fetch
                0x0000000008006b58       0x84 zephyr/drivers/sensor/st/stm32_vbat/libdrivers__sensor__st__stm32_vbat.a(stm32_vbat.c.obj)
 .text.stm32_vbat_init
                0x0000000008006bdc       0x94 zephyr/drivers/sensor/st/stm32_vbat/libdrivers__sensor__st__stm32_vbat.a(stm32_vbat.c.obj)
 .text.stm32_vref_channel_get.part.0
                0x0000000008006c70       0x1c zephyr/drivers/sensor/st/stm32_vref/libdrivers__sensor__st__stm32_vref.a(stm32_vref.c.obj)
 .text.stm32_vref_sample_fetch
                0x0000000008006c8c       0x88 zephyr/drivers/sensor/st/stm32_vref/libdrivers__sensor__st__stm32_vref.a(stm32_vref.c.obj)
 .text.stm32_vref_init
                0x0000000008006d14       0x80 zephyr/drivers/sensor/st/stm32_vref/libdrivers__sensor__st__stm32_vref.a(stm32_vref.c.obj)
 .text.uart_stm32_irq_err_enable
                0x0000000008006d94       0x58 zephyr/drivers/serial/libdrivers__serial.a(uart_stm32.c.obj)
 .text.uart_stm32_irq_err_disable
                0x0000000008006dec       0x5c zephyr/drivers/serial/libdrivers__serial.a(uart_stm32.c.obj)
 .text.uart_stm32_config_get
                0x0000000008006e48       0xa4 zephyr/drivers/serial/libdrivers__serial.a(uart_stm32.c.obj)
 .text.uart_stm32_set_baudrate.part.0
                0x0000000008006eec       0x18 zephyr/drivers/serial/libdrivers__serial.a(uart_stm32.c.obj)
 .text.uart_stm32_set_baudrate
                0x0000000008006f04       0x44 zephyr/drivers/serial/libdrivers__serial.a(uart_stm32.c.obj)
 .text.uart_stm32_parameters_set
                0x0000000008006f48      0x15c zephyr/drivers/serial/libdrivers__serial.a(uart_stm32.c.obj)
 .text.uart_stm32_init
                0x00000000080070a4      0x208 zephyr/drivers/serial/libdrivers__serial.a(uart_stm32.c.obj)
 .text.uart_stm32_configure
                0x00000000080072ac      0x188 zephyr/drivers/serial/libdrivers__serial.a(uart_stm32.c.obj)
 .text.uart_stm32_fifo_fill
                0x0000000008007434       0x60 zephyr/drivers/serial/libdrivers__serial.a(uart_stm32.c.obj)
 .text.uart_stm32_fifo_read
                0x0000000008007494       0x50 zephyr/drivers/serial/libdrivers__serial.a(uart_stm32.c.obj)
 .text.elapsed  0x00000000080074e4       0x54 zephyr/drivers/timer/libdrivers__timer.a(cortex_m_systick.c.obj)
 .text.sys_clock_driver_init
                0x0000000008007538       0x40 zephyr/drivers/timer/libdrivers__timer.a(cortex_m_systick.c.obj)
 .text.sys_clock_isr
                0x0000000008007578       0x44 zephyr/drivers/timer/libdrivers__timer.a(cortex_m_systick.c.obj)
                0x0000000008007578                sys_clock_isr
 .text.sys_clock_set_timeout
                0x00000000080075bc       0xf4 zephyr/drivers/timer/libdrivers__timer.a(cortex_m_systick.c.obj)
                0x00000000080075bc                sys_clock_set_timeout
 .text.sys_clock_elapsed
                0x00000000080076b0       0x34 zephyr/drivers/timer/libdrivers__timer.a(cortex_m_systick.c.obj)
                0x00000000080076b0                sys_clock_elapsed
 .text.sys_clock_cycle_get_32
                0x00000000080076e4       0x24 zephyr/drivers/timer/libdrivers__timer.a(cortex_m_systick.c.obj)
                0x00000000080076e4                sys_clock_cycle_get_32
 .text.HAL_RCC_GetSysClockFreq
                0x0000000008007708       0x6c modules/hal_stm32/stm32cube/lib..__modules__hal__stm32__stm32cube.a(stm32f0xx_hal_rcc.c.obj)
                0x0000000008007708                HAL_RCC_GetSysClockFreq
 .text.LL_SetFlashLatency
                0x0000000008007774       0x38 modules/hal_stm32/stm32cube/lib..__modules__hal__stm32__stm32cube.a(stm32f0xx_ll_utils.c.obj)
                0x0000000008007774                LL_SetFlashLatency
 .text.k_sys_fatal_error_handler
                0x00000000080077ac       0x20 zephyr/kernel/libkernel.a(fatal.c.obj)
                0x00000000080077ac                k_sys_fatal_error_handler
 .text.z_fatal_error
                0x00000000080077cc       0xf4 zephyr/kernel/libkernel.a(fatal.c.obj)
                0x00000000080077cc                z_fatal_error
 .text.z_sys_init_run_level
                0x00000000080078c0       0x30 zephyr/kernel/libkernel.a(init.c.obj)
 .text.bg_thread_main
                0x00000000080078f0       0xac zephyr/kernel/libkernel.a(init.c.obj)
 .text.z_bss_zero
                0x000000000800799c       0x18 zephyr/kernel/libkernel.a(init.c.obj)
                0x000000000800799c                z_bss_zero
 .text.z_init_cpu
                0x00000000080079b4       0x70 zephyr/kernel/libkernel.a(init.c.obj)
                0x00000000080079b4                z_init_cpu
 .text.z_cstart
                0x0000000008007a24       0xbc zephyr/kernel/libkernel.a(init.c.obj)
                0x0000000008007a24                z_cstart
 .text.init_mem_slab_obj_core_list
                0x0000000008007ae0       0x24 zephyr/kernel/libkernel.a(mem_slab.c.obj)
 .text.k_mem_slab_alloc
                0x0000000008007b04       0x58 zephyr/kernel/libkernel.a(mem_slab.c.obj)
                0x0000000008007b04                k_mem_slab_alloc
 .text.z_impl_k_mutex_lock
                0x0000000008007b5c       0xf0 zephyr/kernel/libkernel.a(mutex.c.obj)
                0x0000000008007b5c                z_impl_k_mutex_lock
 .text.z_impl_k_mutex_unlock
                0x0000000008007c4c       0x78 zephyr/kernel/libkernel.a(mutex.c.obj)
                0x0000000008007c4c                z_impl_k_mutex_unlock
 .text.z_impl_k_sem_give
                0x0000000008007cc4       0x48 zephyr/kernel/libkernel.a(sem.c.obj)
                0x0000000008007cc4                z_impl_k_sem_give
 .text.z_impl_k_sem_take
                0x0000000008007d0c       0x4c zephyr/kernel/libkernel.a(sem.c.obj)
                0x0000000008007d0c                z_impl_k_sem_take
 .text.z_impl_k_thread_name_set
                0x0000000008007d58       0x20 zephyr/kernel/libkernel.a(thread.c.obj)
                0x0000000008007d58                z_impl_k_thread_name_set
 .text.z_setup_new_thread
                0x0000000008007d78       0x9c zephyr/kernel/libkernel.a(thread.c.obj)
                0x0000000008007d78                z_setup_new_thread
 .text.z_impl_k_thread_create
                0x0000000008007e14       0x58 zephyr/kernel/libkernel.a(thread.c.obj)
                0x0000000008007e14                z_impl_k_thread_create
 .text.update_cache
                0x0000000008007e6c       0x44 zephyr/kernel/libkernel.a(sched.c.obj)
 .text.unready_thread
                0x0000000008007eb0       0x2c zephyr/kernel/libkernel.a(sched.c.obj)
 .text.ready_thread
                0x0000000008007edc       0x70 zephyr/kernel/libkernel.a(sched.c.obj)
 .text.z_thread_halt
                0x0000000008007f4c       0xd8 zephyr/kernel/libkernel.a(sched.c.obj)
 .text.move_thread_to_end_of_prio_q
                0x0000000008008024       0x78 zephyr/kernel/libkernel.a(sched.c.obj)
                0x0000000008008024                move_thread_to_end_of_prio_q
 .text.z_pend_curr
                0x000000000800809c       0x50 zephyr/kernel/libkernel.a(sched.c.obj)
                0x000000000800809c                z_pend_curr
 .text.z_thread_prio_set
                0x00000000080080ec       0x94 zephyr/kernel/libkernel.a(sched.c.obj)
                0x00000000080080ec                z_thread_prio_set
 .text.z_reschedule
                0x0000000008008180       0x2c zephyr/kernel/libkernel.a(sched.c.obj)
                0x0000000008008180                z_reschedule
 .text.z_sched_start
                0x00000000080081ac       0x34 zephyr/kernel/libkernel.a(sched.c.obj)
                0x00000000080081ac                z_sched_start
 .text.z_reschedule_irqlock
                0x00000000080081e0       0x2c zephyr/kernel/libkernel.a(sched.c.obj)
                0x00000000080081e0                z_reschedule_irqlock
 .text.k_sched_lock
                0x000000000800820c       0x20 zephyr/kernel/libkernel.a(sched.c.obj)
                0x000000000800820c                k_sched_lock
 .text.k_sched_unlock
                0x000000000800822c       0x34 zephyr/kernel/libkernel.a(sched.c.obj)
                0x000000000800822c                k_sched_unlock
 .text.z_sched_init
                0x0000000008008260       0x14 zephyr/kernel/libkernel.a(sched.c.obj)
                0x0000000008008260                z_sched_init
 .text.z_impl_k_yield
                0x0000000008008274       0x78 zephyr/kernel/libkernel.a(sched.c.obj)
                0x0000000008008274                z_impl_k_yield
 .text.z_tick_sleep
                0x00000000080082ec       0x8c zephyr/kernel/libkernel.a(sched.c.obj)
 .text.z_impl_k_sleep
                0x0000000008008378       0x3c zephyr/kernel/libkernel.a(sched.c.obj)
                0x0000000008008378                z_impl_k_sleep
 .text.z_impl_k_sched_current_thread_query
                0x00000000080083b4        0xc zephyr/kernel/libkernel.a(sched.c.obj)
                0x00000000080083b4                z_impl_k_sched_current_thread_query
 .text.slice_timeout
                0x00000000080083c0       0x20 zephyr/kernel/libkernel.a(timeslicing.c.obj)
 .text.thread_is_sliceable
                0x00000000080083e0       0x40 zephyr/kernel/libkernel.a(timeslicing.c.obj)
                0x00000000080083e0                thread_is_sliceable
 .text.z_reset_time_slice
                0x0000000008008420       0x4c zephyr/kernel/libkernel.a(timeslicing.c.obj)
                0x0000000008008420                z_reset_time_slice
 .text.z_time_slice
                0x000000000800846c       0x58 zephyr/kernel/libkernel.a(timeslicing.c.obj)
                0x000000000800846c                z_time_slice
 .text.z_data_copy
                0x00000000080084c4       0x34 zephyr/kernel/libkernel.a(xip.c.obj)
                0x00000000080084c4                z_data_copy
 .text.elapsed  0x00000000080084f8       0x18 zephyr/kernel/libkernel.a(timeout.c.obj)
 .text.remove_timeout
                0x0000000008008510       0x38 zephyr/kernel/libkernel.a(timeout.c.obj)
 .text.next_timeout
                0x0000000008008548       0x44 zephyr/kernel/libkernel.a(timeout.c.obj)
 .text.z_add_timeout
                0x000000000800858c       0xe8 zephyr/kernel/libkernel.a(timeout.c.obj)
                0x000000000800858c                z_add_timeout
 .text.sys_clock_announce
                0x0000000008008674       0xdc zephyr/kernel/libkernel.a(timeout.c.obj)
                0x0000000008008674                sys_clock_announce
 .text.sys_clock_tick_get
                0x0000000008008750       0x2c zephyr/kernel/libkernel.a(timeout.c.obj)
                0x0000000008008750                sys_clock_tick_get
 .text.z_timer_expiration_handler
                0x000000000800877c       0xec zephyr/kernel/libkernel.a(timer.c.obj)
                0x000000000800877c                z_timer_expiration_handler
 .text.z_impl_k_timer_start
                0x0000000008008868       0x70 zephyr/kernel/libkernel.a(timer.c.obj)
                0x0000000008008868                z_impl_k_timer_start
 .text.boot_banner
                0x00000000080088d8       0x10 zephyr/kernel/libkernel.a(banner.c.obj)
                0x00000000080088d8                boot_banner
 .text.snprintf
                0x00000000080088e8       0x5c c:\users\julien\zephyr-sdk-0.16.8\arm-zephyr-eabi\bin\../lib/gcc/../../picolibc/arm-zephyr-eabi/lib/thumb/v6-m/nofp\libc.a(libc_tinystdio_snprintf.c.o)
                0x00000000080088e8                snprintf
 .text.__l_vfprintf
                0x0000000008008944      0x4d0 c:\users\julien\zephyr-sdk-0.16.8\arm-zephyr-eabi\bin\../lib/gcc/../../picolibc/arm-zephyr-eabi/lib/thumb/v6-m/nofp\libc.a(libc_tinystdio_vflprintf.c.o)
                0x0000000008008944                __l_vfprintf
 .text.pow      0x0000000008008e14      0xb44 c:\users\julien\zephyr-sdk-0.16.8\arm-zephyr-eabi\bin\../lib/gcc/../../picolibc/arm-zephyr-eabi/lib/thumb/v6-m/nofp\libc.a(libm_math_s_pow.c.o)
                0x0000000008008e14                _pow
                0x0000000008008e14                powl
                0x0000000008008e14                pow
 .text.scalbn   0x0000000008009958       0xa8 c:\users\julien\zephyr-sdk-0.16.8\arm-zephyr-eabi\bin\../lib/gcc/../../picolibc/arm-zephyr-eabi/lib/thumb/v6-m/nofp\libc.a(libm_common_s_scalbn.c.o)
                0x0000000008009958                scalbnl
                0x0000000008009958                scalbn
                0x0000000008009958                ldexpl
                0x0000000008009958                ldexp
 .text.__math_oflow
                0x0000000008009a00       0x18 c:\users\julien\zephyr-sdk-0.16.8\arm-zephyr-eabi\bin\../lib/gcc/../../picolibc/arm-zephyr-eabi/lib/thumb/v6-m/nofp\libc.a(libm_common_math_err_oflow.c.o)
                0x0000000008009a00                __math_oflow
 .text.__math_divzero
                0x0000000008009a18       0x18 c:\users\julien\zephyr-sdk-0.16.8\arm-zephyr-eabi\bin\../lib/gcc/../../picolibc/arm-zephyr-eabi/lib/thumb/v6-m/nofp\libc.a(libm_common_math_err_divzero.c.o)
                0x0000000008009a18                __math_divzero
 .text.__math_invalid
                0x0000000008009a30       0x10 c:\users\julien\zephyr-sdk-0.16.8\arm-zephyr-eabi\bin\../lib/gcc/../../picolibc/arm-zephyr-eabi/lib/thumb/v6-m/nofp\libc.a(libm_common_math_err_invalid.c.o)
                0x0000000008009a30                __math_invalid
 .text.sqrt     0x0000000008009a40      0x17c c:\users\julien\zephyr-sdk-0.16.8\arm-zephyr-eabi\bin\../lib/gcc/../../picolibc/arm-zephyr-eabi/lib/thumb/v6-m/nofp\libc.a(libm_machine_arm_s_sqrt.c.o)
                0x0000000008009a40                sqrtl
                0x0000000008009a40                sqrt
 .text.__fpclassifyd
                0x0000000008009bbc       0x38 c:\users\julien\zephyr-sdk-0.16.8\arm-zephyr-eabi\bin\../lib/gcc/../../picolibc/arm-zephyr-eabi/lib/thumb/v6-m/nofp\libc.a(libm_common_s_fpclassify.c.o)
                0x0000000008009bbc                __fpclassifyd
                0x0000000008009bbc                __fpclassifyl
 .text._OffsetAbsSyms
                0x0000000008009bf4        0x2 zephyr/CMakeFiles/offsets.dir/./arch/arm/core/offsets/offsets.c.obj
                0x0000000008009bf4                _OffsetAbsSyms
 .text.k_sleep.isra.0
                0x0000000008009bf6        0x8 app/libapp.a(main.c.obj)
 .text.chunk_size
                0x0000000008009bfe        0xa zephyr/libzephyr.a(heap.c.obj)
 .text.free_list_add
                0x0000000008009c08       0x4e zephyr/libzephyr.a(heap.c.obj)
 .text.sys_heap_init
                0x0000000008009c56       0x74 zephyr/libzephyr.a(heap.c.obj)
                0x0000000008009c56                sys_heap_init
 .text.sys_mem_blocks_alloc_contiguous
                0x0000000008009cca       0x36 zephyr/libzephyr.a(mem_blocks.c.obj)
                0x0000000008009cca                sys_mem_blocks_alloc_contiguous
 .text.sys_mem_blocks_free_contiguous
                0x0000000008009d00       0x34 zephyr/libzephyr.a(mem_blocks.c.obj)
                0x0000000008009d00                sys_mem_blocks_free_contiguous
 .text.cbpprintf_external
                0x0000000008009d34       0x68 zephyr/libzephyr.a(cbprintf_packaged.c.obj)
                0x0000000008009d34                cbpprintf_external
 .text.is_ptr   0x0000000008009d9c       0x4a zephyr/libzephyr.a(cbprintf_packaged.c.obj)
                0x0000000008009d9c                is_ptr
 .text.arch_printk_char_out
                0x0000000008009de6        0x4 zephyr/libzephyr.a(printk.c.obj)
                0x0000000008009de6                arch_printk_char_out
 .text.printk   0x0000000008009dea       0x16 zephyr/libzephyr.a(printk.c.obj)
                0x0000000008009dea                printk
 .text.free_space
                0x0000000008009e00       0x2c zephyr/libzephyr.a(mpsc_pbuf.c.obj)
 .text.get_usage
                0x0000000008009e2c       0x22 zephyr/libzephyr.a(mpsc_pbuf.c.obj)
 .text.idx_inc  0x0000000008009e4e       0x1c zephyr/libzephyr.a(mpsc_pbuf.c.obj)
 .text.rd_idx_inc
                0x0000000008009e6a       0x18 zephyr/libzephyr.a(mpsc_pbuf.c.obj)
 .text.add_skip_item
                0x0000000008009e82       0x3a zephyr/libzephyr.a(mpsc_pbuf.c.obj)
 .text.drop_item_locked
                0x0000000008009ebc       0xe2 zephyr/libzephyr.a(mpsc_pbuf.c.obj)
 .text.post_drop_action
                0x0000000008009f9e       0x38 zephyr/libzephyr.a(mpsc_pbuf.c.obj)
 .text.max_utilization_update
                0x0000000008009fd6       0x1a zephyr/libzephyr.a(mpsc_pbuf.c.obj)
 .text.mpsc_pbuf_init
                0x0000000008009ff0       0x42 zephyr/libzephyr.a(mpsc_pbuf.c.obj)
                0x0000000008009ff0                mpsc_pbuf_init
 .text.mpsc_pbuf_alloc
                0x000000000800a032       0xfc zephyr/libzephyr.a(mpsc_pbuf.c.obj)
                0x000000000800a032                mpsc_pbuf_alloc
 .text.mpsc_pbuf_commit
                0x000000000800a12e       0x38 zephyr/libzephyr.a(mpsc_pbuf.c.obj)
                0x000000000800a12e                mpsc_pbuf_commit
 .text.mpsc_pbuf_claim
                0x000000000800a166       0xa2 zephyr/libzephyr.a(mpsc_pbuf.c.obj)
                0x000000000800a166                mpsc_pbuf_claim
 .text.mpsc_pbuf_free
                0x000000000800a208       0x72 zephyr/libzephyr.a(mpsc_pbuf.c.obj)
                0x000000000800a208                mpsc_pbuf_free
 .text.mpsc_pbuf_is_pending
                0x000000000800a27a       0x2e zephyr/libzephyr.a(mpsc_pbuf.c.obj)
                0x000000000800a27a                mpsc_pbuf_is_pending
 .text.rb_lessthan
                0x000000000800a2a8       0x36 zephyr/libzephyr.a(p4wq.c.obj)
 .text.find_and_stack
                0x000000000800a2de       0x3a zephyr/libzephyr.a(rb.c.obj)
 .text.set_child
                0x000000000800a318       0x14 zephyr/libzephyr.a(rb.c.obj)
 .text.z_rb_get_minmax
                0x000000000800a32c       0x1e zephyr/libzephyr.a(rb.c.obj)
                0x000000000800a32c                z_rb_get_minmax
 .text.setup_bundle_data.constprop.0
                0x000000000800a34a       0x38 zephyr/libzephyr.a(bitarray.c.obj)
 .text.set_region
                0x000000000800a382       0x8e zephyr/libzephyr.a(bitarray.c.obj)
 .text.match_region
                0x000000000800a410       0x92 zephyr/libzephyr.a(bitarray.c.obj)
 .text.sys_bitarray_alloc
                0x000000000800a4a2       0x9e zephyr/libzephyr.a(bitarray.c.obj)
                0x000000000800a4a2                sys_bitarray_alloc
 .text.sys_bitarray_free
                0x000000000800a540       0x6a zephyr/libzephyr.a(bitarray.c.obj)
                0x000000000800a540                sys_bitarray_free
 .text._ConfigAbsSyms
                0x000000000800a5aa        0x2 zephyr/libzephyr.a(configs.c.obj)
                0x000000000800a5aa                _ConfigAbsSyms
 .text.log_msg_generic_get_wlen
                0x000000000800a5ac       0x22 zephyr/libzephyr.a(log_core.c.obj)
 .text.dummy_timestamp
                0x000000000800a5ce        0x4 zephyr/libzephyr.a(log_core.c.obj)
 .text.atomic_inc
                0x000000000800a5d2        0xa zephyr/libzephyr.a(log_core.c.obj)
 .text.default_lf_get_timestamp
                0x000000000800a5dc       0x10 zephyr/libzephyr.a(log_core.c.obj)
 .text.z_log_vprintk
                0x000000000800a5ec       0x1a zephyr/libzephyr.a(log_core.c.obj)
                0x000000000800a5ec                z_log_vprintk
 .text.z_log_notify_drop
                0x000000000800a606        0xa zephyr/libzephyr.a(log_core.c.obj)
 .text.z_log_get_tag
                0x000000000800a610        0x4 zephyr/libzephyr.a(log_core.c.obj)
                0x000000000800a610                z_log_get_tag
 .text.z_cbprintf_cpy
                0x000000000800a614       0x2e zephyr/libzephyr.a(log_msg.c.obj)
 .text.z_log_msg_finalize
                0x000000000800a642       0x32 zephyr/libzephyr.a(log_msg.c.obj)
                0x000000000800a642                z_log_msg_finalize
 .text.z_impl_z_log_msg_simple_create_0
                0x000000000800a674        0xe zephyr/libzephyr.a(log_msg.c.obj)
                0x000000000800a674                z_impl_z_log_msg_simple_create_0
 .text.z_impl_z_log_msg_simple_create_1
                0x000000000800a682       0x10 zephyr/libzephyr.a(log_msg.c.obj)
                0x000000000800a682                z_impl_z_log_msg_simple_create_1
 .text.z_impl_z_log_msg_simple_create_2
                0x000000000800a692       0x16 zephyr/libzephyr.a(log_msg.c.obj)
                0x000000000800a692                z_impl_z_log_msg_simple_create_2
 .text.buffer_write
                0x000000000800a6a8       0x1e zephyr/libzephyr.a(log_output.c.obj)
 .text.log_output_flush
                0x000000000800a6c6       0x18 zephyr/libzephyr.a(log_output.c.obj)
                0x000000000800a6c6                log_output_flush
 .text.out_func
                0x000000000800a6de       0x26 zephyr/libzephyr.a(log_output.c.obj)
 .text.cr_out_func
                0x000000000800a704       0x1c zephyr/libzephyr.a(log_output.c.obj)
 .text.log_output_msg_process
                0x000000000800a720       0x62 zephyr/libzephyr.a(log_output.c.obj)
                0x000000000800a720                log_output_msg_process
 .text.format_set
                0x000000000800a782        0xc zephyr/libzephyr.a(log_backend_uart.c.obj)
 .text.log_backend_uart_init
                0x000000000800a78e        0xc zephyr/libzephyr.a(log_backend_uart.c.obj)
 .text.panic    0x000000000800a79a       0x14 zephyr/libzephyr.a(log_backend_uart.c.obj)
 .text.dropped  0x000000000800a7ae        0xe zephyr/libzephyr.a(log_backend_uart.c.obj)
 .text.process  0x000000000800a7bc       0x1c zephyr/libzephyr.a(log_backend_uart.c.obj)
 .text.z_do_kernel_oops
                0x000000000800a7d8        0xc zephyr/arch/arch/arm/core/libarch__arm__core.a(fatal.c.obj)
                0x000000000800a7d8                z_do_kernel_oops
 .text.z_irq_spurious
                0x000000000800a7e4        0xc zephyr/arch/arch/arm/core/cortex_m/libarch__arm__core__cortex_m.a(irq_manage.c.obj)
                0x000000000800a7e4                z_irq_spurious
 .text.z_prep_c
                0x000000000800a7f0       0x16 zephyr/arch/arch/arm/core/cortex_m/libarch__arm__core__cortex_m.a(prep_c.c.obj)
                0x000000000800a7f0                z_prep_c
 .text.arch_irq_unlock_outlined
                0x000000000800a806        0xc zephyr/arch/arch/arm/core/cortex_m/libarch__arm__core__cortex_m.a(thread.c.obj)
                0x000000000800a806                arch_irq_unlock_outlined
 .text.arch_cpu_idle
                0x000000000800a812        0xe zephyr/arch/arch/arm/core/cortex_m/libarch__arm__core__cortex_m.a(cpu_idle.c.obj)
                0x000000000800a812                arch_cpu_idle
 .text.cbputc   0x000000000800a820        0xc zephyr/lib/libc/picolibc/liblib__libc__picolibc.a(libc-hooks.c.obj)
 .text.picolibc_put
                0x000000000800a82c        0xa zephyr/lib/libc/picolibc/liblib__libc__picolibc.a(libc-hooks.c.obj)
 .text.mpsc_pop
                0x000000000800a836       0x4a zephyr/subsys/rtio/libsubsys__rtio.a(rtio_executor.c.obj)
 .text.rtio_executor_err
                0x000000000800a880        0xa zephyr/subsys/rtio/libsubsys__rtio.a(rtio_executor.c.obj)
                0x000000000800a880                rtio_executor_err
 .text.rtio_iodev_submit
                0x000000000800a88a       0x40 zephyr/subsys/rtio/libsubsys__rtio.a(rtio_executor.c.obj)
 .text.rtio_executor_submit
                0x000000000800a8ca       0x68 zephyr/subsys/rtio/libsubsys__rtio.a(rtio_executor.c.obj)
                0x000000000800a8ca                rtio_executor_submit
 .text.rtio_executor_ok
                0x000000000800a932        0xa zephyr/subsys/rtio/libsubsys__rtio.a(rtio_executor.c.obj)
                0x000000000800a932                rtio_executor_ok
 .text.stm32_gpio_intc_get_pin_irq_line
                0x000000000800a93c        0x6 zephyr/drivers/interrupt_controller/libdrivers__interrupt_controller.a(intc_exti_stm32.c.obj)
                0x000000000800a93c                stm32_gpio_intc_get_pin_irq_line
 .text.adc_stm32_isr_12_init
                0x000000000800a942       0x14 zephyr/drivers/adc/libdrivers__adc.a(adc_stm32.c.obj)
 .text.z_log_msg_simple_create_0.constprop.0
                0x000000000800a956        0xc zephyr/drivers/adc/libdrivers__adc.a(adc_stm32.c.obj)
 .text.adc_context_on_timer_expired
                0x000000000800a962       0x22 zephyr/drivers/adc/libdrivers__adc.a(adc_stm32.c.obj)
 .text.config_regulator_voltage
                0x000000000800a984        0x2 zephyr/drivers/clock_control/libdrivers__clock_control.a(clock_stm32_ll_common.c.obj)
                0x000000000800a984                config_regulator_voltage
 .text.gpio_stm32_port_get_raw
                0x000000000800a986        0xc zephyr/drivers/gpio/libdrivers__gpio.a(gpio_stm32.c.obj)
 .text.gpio_stm32_port_set_masked_raw
                0x000000000800a992       0x12 zephyr/drivers/gpio/libdrivers__gpio.a(gpio_stm32.c.obj)
 .text.gpio_stm32_port_set_bits_raw
                0x000000000800a9a4        0xa zephyr/drivers/gpio/libdrivers__gpio.a(gpio_stm32.c.obj)
 .text.gpio_stm32_port_clear_bits_raw
                0x000000000800a9ae        0xa zephyr/drivers/gpio/libdrivers__gpio.a(gpio_stm32.c.obj)
 .text.gpio_stm32_port_toggle_bits
                0x000000000800a9b8        0xe zephyr/drivers/gpio/libdrivers__gpio.a(gpio_stm32.c.obj)
 .text.gpio_stm32_manage_callback
                0x000000000800a9c6       0x58 zephyr/drivers/gpio/libdrivers__gpio.a(gpio_stm32.c.obj)
 .text.gpio_stm32_configure_raw.isra.0
                0x000000000800aa1e       0xa0 zephyr/drivers/gpio/libdrivers__gpio.a(gpio_stm32.c.obj)
 .text.gpio_stm32_config
                0x000000000800aabe       0x70 zephyr/drivers/gpio/libdrivers__gpio.a(gpio_stm32.c.obj)
 .text.gpio_stm32_isr
                0x000000000800ab2e       0x32 zephyr/drivers/gpio/libdrivers__gpio.a(gpio_stm32.c.obj)
 .text.gpio_stm32_configure
                0x000000000800ab60       0x2a zephyr/drivers/gpio/libdrivers__gpio.a(gpio_stm32.c.obj)
                0x000000000800ab60                gpio_stm32_configure
 .text.stm32_i2c_disable_transfer_interrupts
                0x000000000800ab8a       0x40 zephyr/drivers/i2c/libdrivers__i2c.a(i2c_ll_stm32_v2.c.obj)
 .text.stm32_i2c_enable_transfer_interrupts.isra.0
                0x000000000800abca       0x24 zephyr/drivers/i2c/libdrivers__i2c.a(i2c_ll_stm32_v2.c.obj)
 .text.i2c_stm32_irq_config_func_0
                0x000000000800abee       0x14 zephyr/drivers/i2c/libdrivers__i2c.a(i2c_ll_stm32.c.obj)
 .text.i2c_stm32_transfer
                0x000000000800ac02       0x9a zephyr/drivers/i2c/libdrivers__i2c.a(i2c_ll_stm32.c.obj)
 .text.i2c_stm32_get_config
                0x000000000800ac9c       0x1c zephyr/drivers/i2c/libdrivers__i2c.a(i2c_ll_stm32.c.obj)
                0x000000000800ac9c                i2c_stm32_get_config
 .text.pinctrl_lookup_state
                0x000000000800acb8       0x26 zephyr/drivers/pinctrl/libdrivers__pinctrl.a(common.c.obj)
                0x000000000800acb8                pinctrl_lookup_state
 .text.reset_stm32_status
                0x000000000800acde       0x20 zephyr/drivers/reset/libdrivers__reset.a(reset_stm32.c.obj)
 .text.reset_stm32_line_assert
                0x000000000800acfe       0x1c zephyr/drivers/reset/libdrivers__reset.a(reset_stm32.c.obj)
 .text.reset_stm32_line_deassert
                0x000000000800ad1a       0x1c zephyr/drivers/reset/libdrivers__reset.a(reset_stm32.c.obj)
 .text.reset_stm32_line_toggle
                0x000000000800ad36       0x16 zephyr/drivers/reset/libdrivers__reset.a(reset_stm32.c.obj)
 .text.bme280_reg_write.isra.0
                0x000000000800ad4c        0xa zephyr/drivers/sensor/bosch/bme280/libdrivers__sensor__bosch__bme280.a(bme280.c.obj)
 .text.bme280_reg_read.isra.0
                0x000000000800ad56        0xa zephyr/drivers/sensor/bosch/bme280/libdrivers__sensor__bosch__bme280.a(bme280.c.obj)
 .text.bme280_wait_until_ready
                0x000000000800ad60       0x34 zephyr/drivers/sensor/bosch/bme280/libdrivers__sensor__bosch__bme280.a(bme280.c.obj)
 .text.bme280_chip_init
                0x000000000800ad94      0x136 zephyr/drivers/sensor/bosch/bme280/libdrivers__sensor__bosch__bme280.a(bme280.c.obj)
 .text.bme280_sample_fetch
                0x000000000800aeca        0xc zephyr/drivers/sensor/bosch/bme280/libdrivers__sensor__bosch__bme280.a(bme280.c.obj)
                0x000000000800aeca                bme280_sample_fetch
 .text.bme280_bus_check_i2c
                0x000000000800aed6       0x16 zephyr/drivers/sensor/bosch/bme280/libdrivers__sensor__bosch__bme280.a(bme280_i2c.c.obj)
 .text.bme280_reg_read_i2c
                0x000000000800aeec       0x38 zephyr/drivers/sensor/bosch/bme280/libdrivers__sensor__bosch__bme280.a(bme280_i2c.c.obj)
 .text.bme280_reg_write_i2c
                0x000000000800af24       0x2c zephyr/drivers/sensor/bosch/bme280/libdrivers__sensor__bosch__bme280.a(bme280_i2c.c.obj)
 .text.bme280_decoder_get_frame_count
                0x000000000800af50       0x3e zephyr/drivers/sensor/bosch/bme280/libdrivers__sensor__bosch__bme280.a(bme280_decoder.c.obj)
 .text.bme280_decoder_get_size_info
                0x000000000800af8e       0x22 zephyr/drivers/sensor/bosch/bme280/libdrivers__sensor__bosch__bme280.a(bme280_decoder.c.obj)
 .text.stm32_vref_channel_get
                0x000000000800afb0       0x46 zephyr/drivers/sensor/st/stm32_vref/libdrivers__sensor__st__stm32_vref.a(stm32_vref.c.obj)
 .text.sensor_decoders_init
                0x000000000800aff6        0x4 zephyr/drivers/sensor/libdrivers__sensor.a(sensor_decoders_init.c.obj)
 .text.uart_stm32_ll2cfg_databits
                0x000000000800affa       0x2c zephyr/drivers/serial/libdrivers__serial.a(uart_stm32.c.obj)
 .text.uart_stm32_err_check
                0x000000000800b026       0x5e zephyr/drivers/serial/libdrivers__serial.a(uart_stm32.c.obj)
 .text.uart_stm32_irq_tx_enable
                0x000000000800b084       0x1c zephyr/drivers/serial/libdrivers__serial.a(uart_stm32.c.obj)
 .text.uart_stm32_irq_tx_disable
                0x000000000800b0a0       0x1c zephyr/drivers/serial/libdrivers__serial.a(uart_stm32.c.obj)
 .text.uart_stm32_irq_rx_enable
                0x000000000800b0bc       0x1c zephyr/drivers/serial/libdrivers__serial.a(uart_stm32.c.obj)
 .text.uart_stm32_irq_rx_disable
                0x000000000800b0d8       0x1c zephyr/drivers/serial/libdrivers__serial.a(uart_stm32.c.obj)
 .text.uart_stm32_irq_rx_ready
                0x000000000800b0f4        0xc zephyr/drivers/serial/libdrivers__serial.a(uart_stm32.c.obj)
 .text.uart_stm32_irq_update
                0x000000000800b100        0x4 zephyr/drivers/serial/libdrivers__serial.a(uart_stm32.c.obj)
 .text.uart_stm32_irq_callback_set
                0x000000000800b104        0x8 zephyr/drivers/serial/libdrivers__serial.a(uart_stm32.c.obj)
 .text.uart_stm32_isr
                0x000000000800b10c       0x10 zephyr/drivers/serial/libdrivers__serial.a(uart_stm32.c.obj)
 .text.uart_stm32_irq_config_func_0
                0x000000000800b11c       0x14 zephyr/drivers/serial/libdrivers__serial.a(uart_stm32.c.obj)
 .text.uart_stm32_irq_config_func_1
                0x000000000800b130       0x14 zephyr/drivers/serial/libdrivers__serial.a(uart_stm32.c.obj)
 .text.uart_stm32_irq_tx_complete
                0x000000000800b144        0xc zephyr/drivers/serial/libdrivers__serial.a(uart_stm32.c.obj)
 .text.uart_stm32_irq_tx_ready
                0x000000000800b150       0x14 zephyr/drivers/serial/libdrivers__serial.a(uart_stm32.c.obj)
 .text.uart_stm32_poll_out
                0x000000000800b164       0x36 zephyr/drivers/serial/libdrivers__serial.a(uart_stm32.c.obj)
 .text.uart_stm32_irq_is_pending
                0x000000000800b19a       0x24 zephyr/drivers/serial/libdrivers__serial.a(uart_stm32.c.obj)
 .text.uart_stm32_poll_in
                0x000000000800b1be       0x22 zephyr/drivers/serial/libdrivers__serial.a(uart_stm32.c.obj)
 .text.z_impl_k_busy_wait
                0x000000000800b1e0       0x1c zephyr/kernel/libkernel.a(busy_wait.c.obj)
                0x000000000800b1e0                z_impl_k_busy_wait
 .text.z_device_state_init
                0x000000000800b1fc        0x2 zephyr/kernel/libkernel.a(device.c.obj)
                0x000000000800b1fc                z_device_state_init
 .text.z_impl_device_is_ready
                0x000000000800b1fe       0x1a zephyr/kernel/libkernel.a(device.c.obj)
                0x000000000800b1fe                z_impl_device_is_ready
 .text.arch_system_halt
                0x000000000800b218        0x8 zephyr/kernel/libkernel.a(fatal.c.obj)
                0x000000000800b218                arch_system_halt
 .text.do_device_init
                0x000000000800b220       0x30 zephyr/kernel/libkernel.a(init.c.obj)
 .text.z_early_memset
                0x000000000800b250        0x8 zephyr/kernel/libkernel.a(init.c.obj)
                0x000000000800b250                z_early_memset
 .text.z_early_memcpy
                0x000000000800b258        0x8 zephyr/kernel/libkernel.a(init.c.obj)
                0x000000000800b258                z_early_memcpy
 .text.z_init_static
                0x000000000800b260        0x2 zephyr/kernel/libkernel.a(init_static.c.obj)
                0x000000000800b260                z_init_static
 .text.create_free_list
                0x000000000800b262       0x3a zephyr/kernel/libkernel.a(mem_slab.c.obj)
 .text.k_mem_slab_free
                0x000000000800b29c       0x4a zephyr/kernel/libkernel.a(mem_slab.c.obj)
                0x000000000800b29c                k_mem_slab_free
 .text.idle     0x000000000800b2e6        0xe zephyr/kernel/libkernel.a(idle.c.obj)
                0x000000000800b2e6                idle
 .text.adjust_owner_prio.isra.0
                0x000000000800b2f4       0x16 zephyr/kernel/libkernel.a(mutex.c.obj)
 .text.z_impl_k_mutex_init
                0x000000000800b30a        0xe zephyr/kernel/libkernel.a(mutex.c.obj)
                0x000000000800b30a                z_impl_k_mutex_init
 .text.z_impl_k_sem_init
                0x000000000800b318       0x1a zephyr/kernel/libkernel.a(sem.c.obj)
                0x000000000800b318                z_impl_k_sem_init
 .text.k_is_in_isr
                0x000000000800b332        0xc zephyr/kernel/libkernel.a(thread.c.obj)
                0x000000000800b332                k_is_in_isr
 .text.k_thread_name_get
                0x000000000800b33e        0x4 zephyr/kernel/libkernel.a(thread.c.obj)
                0x000000000800b33e                k_thread_name_get
 .text.z_impl_k_thread_start
                0x000000000800b342        0x8 zephyr/kernel/libkernel.a(thread.c.obj)
                0x000000000800b342                z_impl_k_thread_start
 .text.sys_dlist_remove
                0x000000000800b34a       0x10 zephyr/kernel/libkernel.a(sched.c.obj)
 .text.unpend_thread_no_timeout
                0x000000000800b35a       0x16 zephyr/kernel/libkernel.a(sched.c.obj)
 .text.z_sched_prio_cmp
                0x000000000800b370       0x1e zephyr/kernel/libkernel.a(sched.c.obj)
                0x000000000800b370                z_sched_prio_cmp
 .text.add_to_waitq_locked
                0x000000000800b38e       0x4e zephyr/kernel/libkernel.a(sched.c.obj)
 .text.z_ready_thread
                0x000000000800b3dc       0x18 zephyr/kernel/libkernel.a(sched.c.obj)
                0x000000000800b3dc                z_ready_thread
 .text.z_impl_k_thread_suspend
                0x000000000800b3f4       0x30 zephyr/kernel/libkernel.a(sched.c.obj)
                0x000000000800b3f4                z_impl_k_thread_suspend
 .text.z_unpend_thread_no_timeout
                0x000000000800b424       0x1e zephyr/kernel/libkernel.a(sched.c.obj)
                0x000000000800b424                z_unpend_thread_no_timeout
 .text.z_sched_wake_thread
                0x000000000800b442       0x3e zephyr/kernel/libkernel.a(sched.c.obj)
                0x000000000800b442                z_sched_wake_thread
 .text.z_thread_timeout
                0x000000000800b480        0xc zephyr/kernel/libkernel.a(sched.c.obj)
                0x000000000800b480                z_thread_timeout
 .text.z_unpend1_no_timeout
                0x000000000800b48c       0x2a zephyr/kernel/libkernel.a(sched.c.obj)
                0x000000000800b48c                z_unpend1_no_timeout
 .text.z_unpend_first_thread
                0x000000000800b4b6       0x32 zephyr/kernel/libkernel.a(sched.c.obj)
                0x000000000800b4b6                z_unpend_first_thread
 .text.z_impl_k_usleep
                0x000000000800b4e8       0x22 zephyr/kernel/libkernel.a(sched.c.obj)
                0x000000000800b4e8                z_impl_k_usleep
 .text.z_thread_abort
                0x000000000800b50a       0x40 zephyr/kernel/libkernel.a(sched.c.obj)
                0x000000000800b50a                z_thread_abort
 .text.z_abort_timeout
                0x000000000800b54a       0x26 zephyr/kernel/libkernel.a(timeout.c.obj)
                0x000000000800b54a                z_abort_timeout
 .text.sys_clock_tick_get_32
                0x000000000800b570        0x8 zephyr/kernel/libkernel.a(timeout.c.obj)
                0x000000000800b570                sys_clock_tick_get_32
 .text.z_impl_k_uptime_ticks
                0x000000000800b578        0x8 zephyr/kernel/libkernel.a(timeout.c.obj)
                0x000000000800b578                z_impl_k_uptime_ticks
 .text.k_timer_init
                0x000000000800b580       0x18 zephyr/kernel/libkernel.a(timer.c.obj)
                0x000000000800b580                k_timer_init
 .text.z_impl_k_timer_stop
                0x000000000800b598       0x32 zephyr/kernel/libkernel.a(timer.c.obj)
                0x000000000800b598                z_impl_k_timer_stop
 .text.z_impl_atomic_add
                0x000000000800b5ca       0x1a zephyr/kernel/libkernel.a(atomic_c.c.obj)
                0x000000000800b5ca                z_impl_atomic_add
 .text.z_impl_atomic_sub
                0x000000000800b5e4       0x1a zephyr/kernel/libkernel.a(atomic_c.c.obj)
                0x000000000800b5e4                z_impl_atomic_sub
 .text.z_impl_atomic_set
                0x000000000800b5fe       0x18 zephyr/kernel/libkernel.a(atomic_c.c.obj)
                0x000000000800b5fe                z_impl_atomic_set
 .text.strncpy  0x000000000800b616       0x22 c:\users\julien\zephyr-sdk-0.16.8\arm-zephyr-eabi\bin\../lib/gcc/../../picolibc/arm-zephyr-eabi/lib/thumb/v6-m/nofp\libc.a(libc_string_strncpy.c.o)
                0x000000000800b616                strncpy
 .text.strnlen  0x000000000800b638       0x16 c:\users\julien\zephyr-sdk-0.16.8\arm-zephyr-eabi\bin\../lib/gcc/../../picolibc/arm-zephyr-eabi/lib/thumb/v6-m/nofp\libc.a(libc_string_strnlen.c.o)
                0x000000000800b638                strnlen
 .text.__ultoa_invert
                0x000000000800b64e      0x10e c:\users\julien\zephyr-sdk-0.16.8\arm-zephyr-eabi\bin\../lib/gcc/../../picolibc/arm-zephyr-eabi/lib/thumb/v6-m/nofp\libc.a(libc_tinystdio_vflprintf.c.o)
 .text.__math_uflow
                0x000000000800b75c       0x12 c:\users\julien\zephyr-sdk-0.16.8\arm-zephyr-eabi\bin\../lib/gcc/../../picolibc/arm-zephyr-eabi/lib/thumb/v6-m/nofp\libc.a(libm_common_math_err_uflow.c.o)
                0x000000000800b75c                __math_uflow
 .text.memcpy   0x000000000800b76e       0x12 c:\users\julien\zephyr-sdk-0.16.8\arm-zephyr-eabi\bin\../lib/gcc/../../picolibc/arm-zephyr-eabi/lib/thumb/v6-m/nofp\libc.a(memcpy.c.o)
                0x000000000800b76e                __aeabi_memcpy
                0x000000000800b76e                __aeabi_memcpy4
                0x000000000800b76e                __aeabi_memcpy8
                0x000000000800b76e                memcpy
 .text.memset   0x000000000800b780       0x10 c:\users\julien\zephyr-sdk-0.16.8\arm-zephyr-eabi\bin\../lib/gcc/../../picolibc/arm-zephyr-eabi/lib/thumb/v6-m/nofp\libc.a(memset.c.o)
                0x000000000800b780                memset
 .text.__file_str_put
                0x000000000800b790       0x10 c:\users\julien\zephyr-sdk-0.16.8\arm-zephyr-eabi\bin\../lib/gcc/../../picolibc/arm-zephyr-eabi/lib/thumb/v6-m/nofp\libc.a(libc_tinystdio_filestrput.c.o)
                0x000000000800b790                __file_str_put
 *(SORT_BY_ALIGNMENT(.TEXT.*))
 .TEXT.__aeabi_read_tp
                0x000000000800b7a0        0xc zephyr/arch/arch/arm/core/cortex_m/libarch__arm__core__cortex_m.a(__aeabi_read_tp.S.obj)
                0x000000000800b7a0                __aeabi_read_tp
 *(SORT_BY_ALIGNMENT(.gnu.linkonce.t.*))
 *(SORT_BY_ALIGNMENT(.glue_7t))
 .glue_7t       0x000000000800b7ac        0x0 linker stubs
 *(SORT_BY_ALIGNMENT(.glue_7))
 .glue_7        0x000000000800b7ac        0x0 linker stubs
 *(SORT_BY_ALIGNMENT(.vfp11_veneer))
 .vfp11_veneer  0x000000000800b7ac        0x0 linker stubs
 *(SORT_BY_ALIGNMENT(.v4_bx))
 .v4_bx         0x000000000800b7ac        0x0 linker stubs
                0x000000000800b7ac                . = ALIGN (0x4)
                0x000000000800b7ac                __text_region_end = .

.ARM.exidx      0x000000000800b7ac        0x8
                0x000000000800b7ac                __exidx_start = .
 *(SORT_BY_ALIGNMENT(.ARM.exidx*) SORT_BY_ALIGNMENT(gnu.linkonce.armexidx.*))
 .ARM.exidx     0x000000000800b7ac        0x8 c:/users/julien/zephyr-sdk-0.16.8/arm-zephyr-eabi/bin/../lib/gcc/arm-zephyr-eabi/12.2.0/thumb/v6-m/nofp\libgcc.a(_udivmoddi4.o)
 .ARM.exidx     0x000000000800b7b4        0x0 c:/users/julien/zephyr-sdk-0.16.8/arm-zephyr-eabi/bin/../lib/gcc/arm-zephyr-eabi/12.2.0/thumb/v6-m/nofp\libgcc.a(_divdi3.o)
                                          0x8 (size before relaxing)
                0x000000000800b7b4                __exidx_end = .
                0x000000000800b7b4                __rodata_region_start = .

initlevel       0x000000000800b7b4       0xd8
                0x000000000800b7b4                __init_start = .
                0x000000000800b7b4                __init_EARLY_start = .
 *(SORT_BY_NAME(SORT_BY_ALIGNMENT(.z_init_EARLY?_*)))
 *(SORT_BY_NAME(SORT_BY_ALIGNMENT(.z_init_EARLY??_*)))
                0x000000000800b7b4                __init_PRE_KERNEL_1_start = .
 *(SORT_BY_NAME(SORT_BY_ALIGNMENT(.z_init_PRE_KERNEL_1?_*)))
 .z_init_PRE_KERNEL_10_0_
                0x000000000800b7b4        0x8 zephyr/libzephyr.a(soc.c.obj)
 .z_init_PRE_KERNEL_11_00009_
                0x000000000800b7bc        0x8 zephyr/drivers/clock_control/libdrivers__clock_control.a(clock_stm32_ll_common.c.obj)
 .z_init_PRE_KERNEL_11_0_
                0x000000000800b7c4        0x8 zephyr/libzephyr.a(soc_config.c.obj)
 *(SORT_BY_NAME(SORT_BY_ALIGNMENT(.z_init_PRE_KERNEL_1??_*)))
 .z_init_PRE_KERNEL_130_0_
                0x000000000800b7cc        0x8 zephyr/kernel/libkernel.a(mem_slab.c.obj)
 .z_init_PRE_KERNEL_135_00040_
                0x000000000800b7d4        0x8 zephyr/drivers/reset/libdrivers__reset.a(reset_stm32.c.obj)
 .z_init_PRE_KERNEL_140_00033_
                0x000000000800b7dc        0x8 zephyr/drivers/gpio/libdrivers__gpio.a(gpio_stm32.c.obj)
 .z_init_PRE_KERNEL_140_00036_
                0x000000000800b7e4        0x8 zephyr/drivers/gpio/libdrivers__gpio.a(gpio_stm32.c.obj)
 .z_init_PRE_KERNEL_140_00053_
                0x000000000800b7ec        0x8 zephyr/drivers/interrupt_controller/libdrivers__interrupt_controller.a(intc_exti_stm32.c.obj)
 .z_init_PRE_KERNEL_140_00084_
                0x000000000800b7f4        0x8 zephyr/drivers/gpio/libdrivers__gpio.a(gpio_stm32.c.obj)
 .z_init_PRE_KERNEL_140_00085_
                0x000000000800b7fc        0x8 zephyr/drivers/gpio/libdrivers__gpio.a(gpio_stm32.c.obj)
 .z_init_PRE_KERNEL_140_00086_
                0x000000000800b804        0x8 zephyr/drivers/gpio/libdrivers__gpio.a(gpio_stm32.c.obj)
 .z_init_PRE_KERNEL_140_00087_
                0x000000000800b80c        0x8 zephyr/drivers/gpio/libdrivers__gpio.a(gpio_stm32.c.obj)
 .z_init_PRE_KERNEL_150_00056_
                0x000000000800b814        0x8 zephyr/drivers/serial/libdrivers__serial.a(uart_stm32.c.obj)
 .z_init_PRE_KERNEL_150_00065_
                0x000000000800b81c        0x8 zephyr/drivers/serial/libdrivers__serial.a(uart_stm32.c.obj)
 .z_init_PRE_KERNEL_160_0_
                0x000000000800b824        0x8 zephyr/drivers/console/libdrivers__console.a(uart_console.c.obj)
                0x000000000800b82c                __init_PRE_KERNEL_2_start = .
 *(SORT_BY_NAME(SORT_BY_ALIGNMENT(.z_init_PRE_KERNEL_2?_*)))
 .z_init_PRE_KERNEL_20_0_
                0x000000000800b82c        0x8 zephyr/drivers/timer/libdrivers__timer.a(cortex_m_systick.c.obj)
 *(SORT_BY_NAME(SORT_BY_ALIGNMENT(.z_init_PRE_KERNEL_2??_*)))
                0x000000000800b834                __init_POST_KERNEL_start = .
 *(SORT_BY_NAME(SORT_BY_ALIGNMENT(.z_init_POST_KERNEL?_*)))
 .z_init_POST_KERNEL0_0_
                0x000000000800b834        0x8 zephyr/libzephyr.a(log_core.c.obj)
 .z_init_POST_KERNEL0_0_
                0x000000000800b83c        0x8 zephyr/subsys/rtio/libsubsys__rtio.a(rtio_init.c.obj)
 *(SORT_BY_NAME(SORT_BY_ALIGNMENT(.z_init_POST_KERNEL??_*)))
 .z_init_POST_KERNEL35_0_
                0x000000000800b844        0x8 zephyr/lib/libc/common/liblib__libc__common.a(malloc.c.obj)
 .z_init_POST_KERNEL50_00012_
                0x000000000800b84c        0x8 zephyr/drivers/adc/libdrivers__adc.a(adc_stm32.c.obj)
 .z_init_POST_KERNEL50_00017_
                0x000000000800b854        0x8 zephyr/drivers/i2c/libdrivers__i2c.a(i2c_ll_stm32.c.obj)
 .z_init_POST_KERNEL90_00013_
                0x000000000800b85c        0x8 zephyr/drivers/sensor/st/stm32_temp/libdrivers__sensor__st__stm32_temp.a(stm32_temp.c.obj)
 .z_init_POST_KERNEL90_00024_
                0x000000000800b864        0x8 zephyr/drivers/sensor/st/stm32_vbat/libdrivers__sensor__st__stm32_vbat.a(stm32_vbat.c.obj)
 .z_init_POST_KERNEL90_00025_
                0x000000000800b86c        0x8 zephyr/drivers/sensor/st/stm32_vref/libdrivers__sensor__st__stm32_vref.a(stm32_vref.c.obj)
 .z_init_POST_KERNEL90_00083_
                0x000000000800b874        0x8 zephyr/drivers/sensor/bosch/bme280/libdrivers__sensor__bosch__bme280.a(bme280.c.obj)
 .z_init_POST_KERNEL99_0_
                0x000000000800b87c        0x8 zephyr/drivers/sensor/libdrivers__sensor.a(sensor_decoders_init.c.obj)
                0x000000000800b884                __init_APPLICATION_start = .
 *(SORT_BY_NAME(SORT_BY_ALIGNMENT(.z_init_APPLICATION?_*)))
 *(SORT_BY_NAME(SORT_BY_ALIGNMENT(.z_init_APPLICATION??_*)))
 .z_init_APPLICATION99_0_
                0x000000000800b884        0x8 zephyr/libzephyr.a(p4wq.c.obj)
                0x000000000800b88c                __init_SMP_start = .
 *(SORT_BY_NAME(SORT_BY_ALIGNMENT(.z_init_SMP?_*)))
 *(SORT_BY_NAME(SORT_BY_ALIGNMENT(.z_init_SMP??_*)))
                0x000000000800b88c                __init_end = .
                0x000000000800b88c                __deferred_init_list_start = .
 *(SORT_BY_ALIGNMENT(.z_deferred_init*))
                0x000000000800b88c                __deferred_init_list_end = .

device_area     0x000000000800b88c      0x154
                0x000000000800b88c                _device_list_start = .
 *(SORT_BY_NAME(SORT_BY_ALIGNMENT(._device.static.*_?_*)))
 ._device.static.1_1_
                0x000000000800b88c       0x14 zephyr/drivers/clock_control/libdrivers__clock_control.a(clock_stm32_ll_common.c.obj)
                0x000000000800b88c                __device_dts_ord_9
 *(SORT_BY_NAME(SORT_BY_ALIGNMENT(._device.static.*_??_*)))
 ._device.static.1_35_
                0x000000000800b8a0       0x14 zephyr/drivers/reset/libdrivers__reset.a(reset_stm32.c.obj)
                0x000000000800b8a0                __device_dts_ord_40
 ._device.static.1_40_
                0x000000000800b8b4       0x14 zephyr/drivers/interrupt_controller/libdrivers__interrupt_controller.a(intc_exti_stm32.c.obj)
                0x000000000800b8b4                __device_dts_ord_53
 ._device.static.1_40_
                0x000000000800b8c8       0x78 zephyr/drivers/gpio/libdrivers__gpio.a(gpio_stm32.c.obj)
                0x000000000800b8c8                __device_dts_ord_87
                0x000000000800b8dc                __device_dts_ord_86
                0x000000000800b8f0                __device_dts_ord_85
                0x000000000800b904                __device_dts_ord_33
                0x000000000800b918                __device_dts_ord_84
                0x000000000800b92c                __device_dts_ord_36
 ._device.static.1_50_
                0x000000000800b940       0x28 zephyr/drivers/serial/libdrivers__serial.a(uart_stm32.c.obj)
                0x000000000800b940                __device_dts_ord_56
                0x000000000800b954                __device_dts_ord_65
 ._device.static.3_50_
                0x000000000800b968       0x14 zephyr/drivers/adc/libdrivers__adc.a(adc_stm32.c.obj)
                0x000000000800b968                __device_dts_ord_12
 ._device.static.3_50_
                0x000000000800b97c       0x14 zephyr/drivers/i2c/libdrivers__i2c.a(i2c_ll_stm32.c.obj)
                0x000000000800b97c                __device_dts_ord_17
 ._device.static.3_90_
                0x000000000800b990       0x14 zephyr/drivers/sensor/bosch/bme280/libdrivers__sensor__bosch__bme280.a(bme280.c.obj)
                0x000000000800b990                __device_dts_ord_83
 ._device.static.3_90_
                0x000000000800b9a4       0x14 zephyr/drivers/sensor/st/stm32_temp/libdrivers__sensor__st__stm32_temp.a(stm32_temp.c.obj)
                0x000000000800b9a4                __device_dts_ord_13
 ._device.static.3_90_
                0x000000000800b9b8       0x14 zephyr/drivers/sensor/st/stm32_vbat/libdrivers__sensor__st__stm32_vbat.a(stm32_vbat.c.obj)
                0x000000000800b9b8                __device_dts_ord_24
 ._device.static.3_90_
                0x000000000800b9cc       0x14 zephyr/drivers/sensor/st/stm32_vref/libdrivers__sensor__st__stm32_vref.a(stm32_vref.c.obj)
                0x000000000800b9cc                __device_dts_ord_25
                0x000000000800b9e0                _device_list_end = .

sw_isr_table    0x000000000800b9e0       0xf8
                0x000000000800b9e0                . = ALIGN (0x4)
 *(SORT_BY_ALIGNMENT(.gnu.linkonce.sw_isr_table*))
 .gnu.linkonce.sw_isr_table
                0x000000000800b9e0       0xf8 zephyr/CMakeFiles/zephyr_final.dir/isr_tables.c.obj
                0x000000000800b9e0                _sw_isr_table

initlevel_error
                0x000000000800b7b4        0x0
 *(SORT_BY_NAME(SORT_BY_ALIGNMENT(.z_init_[_A-Z0-9]*)))
                0x0000000000000001                ASSERT ((SIZEOF (initlevel_error) == 0x0), Undefined initialization levels used.)

app_shmem_regions
                0x000000000800bad8        0x0
                0x000000000800bad8                __app_shmem_regions_start = .
 *(SORT_BY_NAME(SORT_BY_ALIGNMENT(.app_regions.*)))
                0x000000000800bad8                __app_shmem_regions_end = .

k_p4wq_initparam_area
                0x000000000800bad8       0x18
                0x000000000800bad8                _k_p4wq_initparam_list_start = .
 *(SORT_BY_NAME(SORT_BY_ALIGNMENT(._k_p4wq_initparam.static.*)))
 ._k_p4wq_initparam.static._init_rtio_workq_
                0x000000000800bad8       0x18 zephyr/subsys/rtio/libsubsys__rtio.a(rtio_workq.c.obj)
                0x000000000800baf0                _k_p4wq_initparam_list_end = .

_static_thread_data_area
                0x000000000800baf0        0x0
                0x000000000800baf0                __static_thread_data_list_start = .
 *(SORT_BY_NAME(SORT_BY_ALIGNMENT(.__static_thread_data.static.*)))
                0x000000000800baf0                __static_thread_data_list_end = .

device_deps     0x000000000800baf0        0x0
                0x000000000800baf0                __device_deps_start = .
 *(SORT_BY_NAME(SORT_BY_ALIGNMENT(.__device_deps_pass2*)))
                0x000000000800baf0                __device_deps_end = .

ztest           0x000000000800baf0        0x0
                0x000000000800baf0                _ztest_expected_result_entry_list_start = .
 *(SORT_BY_NAME(SORT_BY_ALIGNMENT(._ztest_expected_result_entry.static.*)))
                0x000000000800baf0                _ztest_expected_result_entry_list_end = .
                0x000000000800baf0                _ztest_suite_node_list_start = .
 *(SORT_BY_NAME(SORT_BY_ALIGNMENT(._ztest_suite_node.static.*)))
                0x000000000800baf0                _ztest_suite_node_list_end = .
                0x000000000800baf0                _ztest_unit_test_list_start = .
 *(SORT_BY_NAME(SORT_BY_ALIGNMENT(._ztest_unit_test.static.*)))
                0x000000000800baf0                _ztest_unit_test_list_end = .
                0x000000000800baf0                _ztest_test_rule_list_start = .
 *(SORT_BY_NAME(SORT_BY_ALIGNMENT(._ztest_test_rule.static.*)))
                0x000000000800baf0                _ztest_test_rule_list_end = .

init_array      0x000000000800baf0        0x0
 *(SORT_BY_NAME(SORT_BY_ALIGNMENT(.ctors*)))
 *(SORT_BY_NAME(SORT_BY_ALIGNMENT(.init_array*)))
                0x0000000000000001                ASSERT ((SIZEOF (init_array) == 0x0), GNU-style constructors required but STATIC_INIT_GNU not enabled)

bt_l2cap_fixed_chan_area
                0x000000000800baf0        0x0
                0x000000000800baf0                _bt_l2cap_fixed_chan_list_start = .
 *(SORT_BY_NAME(SORT_BY_ALIGNMENT(._bt_l2cap_fixed_chan.static.*)))
                0x000000000800baf0                _bt_l2cap_fixed_chan_list_end = .

bt_gatt_service_static_area
                0x000000000800baf0        0x0
                0x000000000800baf0                _bt_gatt_service_static_list_start = .
 *(SORT_BY_NAME(SORT_BY_ALIGNMENT(._bt_gatt_service_static.static.*)))
                0x000000000800baf0                _bt_gatt_service_static_list_end = .

log_strings_area
                0x000000000800baf0        0x0
                0x000000000800baf0                _log_strings_list_start = .
 *(SORT_BY_NAME(SORT_BY_ALIGNMENT(._log_strings.static.*)))
                0x000000000800baf0                _log_strings_list_end = .

log_const_area  0x000000000800baf0       0x90
                0x000000000800baf0                _log_const_list_start = .