Archive member included to satisfy reference by file (symbol)

app/libapp.a(main.c.obj)      (--whole-archive)
zephyr/libzephyr.a(heap.c.obj)
                              (--whole-archive)
zephyr/libzephyr.a(mem_blocks.c.obj)
                              (--whole-archive)
zephyr/libzephyr.a(cbprintf_packaged.c.obj)
                              (--whole-archive)
zephyr/libzephyr.a(printk.c.obj)
                              (--whole-archive)
zephyr/libzephyr.a(sem.c.obj)
                              (--whole-archive)
zephyr/libzephyr.a(thread_entry.c.obj)
                              (--whole-archive)
zephyr/libzephyr.a(cbprintf_complete.c.obj)
                              (--whole-archive)
zephyr/libzephyr.a(assert.c.obj)
                              (--whole-archive)
zephyr/libzephyr.a(mpsc_pbuf.c.obj)
                              (--whole-archive)
zephyr/libzephyr.a(p4wq.c.obj)
                              (--whole-archive)
zephyr/libzephyr.a(reboot.c.obj)
                              (--whole-archive)
zephyr/libzephyr.a(dec.c.obj)
                              (--whole-archive)
zephyr/libzephyr.a(hex.c.obj)
                              (--whole-archive)
zephyr/libzephyr.a(rb.c.obj)  (--whole-archive)
zephyr/libzephyr.a(timeutil.c.obj)
                              (--whole-archive)
zephyr/libzephyr.a(bitarray.c.obj)
                              (--whole-archive)
zephyr/libzephyr.a(configs.c.obj)
                              (--whole-archive)
zephyr/libzephyr.a(stm32cube_hal.c.obj)
                              (--whole-archive)
zephyr/libzephyr.a(soc_config.c.obj)
                              (--whole-archive)
zephyr/libzephyr.a(soc.c.obj)
                              (--whole-archive)
zephyr/libzephyr.a(log_core.c.obj)
                              (--whole-archive)
zephyr/libzephyr.a(log_mgmt.c.obj)
                              (--whole-archive)
zephyr/libzephyr.a(log_cache.c.obj)
                              (--whole-archive)
zephyr/libzephyr.a(log_msg.c.obj)
                              (--whole-archive)
zephyr/libzephyr.a(log_output.c.obj)
                              (--whole-archive)
zephyr/libzephyr.a(log_backend_uart.c.obj)
                              (--whole-archive)
zephyr/libzephyr.a(tracing_none.c.obj)
                              (--whole-archive)
zephyr/arch/common/libarch__common.a(sw_isr_common.c.obj)
                              (--whole-archive)
zephyr/arch/arch/arm/core/libarch__arm__core.a(fatal.c.obj)
                              (--whole-archive)
zephyr/arch/arch/arm/core/libarch__arm__core.a(nmi.c.obj)
                              (--whole-archive)
zephyr/arch/arch/arm/core/libarch__arm__core.a(nmi_on_reset.S.obj)
                              (--whole-archive)
zephyr/arch/arch/arm/core/libarch__arm__core.a(tls.c.obj)
                              (--whole-archive)
zephyr/arch/arch/arm/core/cortex_m/libarch__arm__core__cortex_m.a(exc_exit.c.obj)
                              (--whole-archive)
zephyr/arch/arch/arm/core/cortex_m/libarch__arm__core__cortex_m.a(fault.c.obj)
                              (--whole-archive)
zephyr/arch/arch/arm/core/cortex_m/libarch__arm__core__cortex_m.a(fault_s.S.obj)
                              (--whole-archive)
zephyr/arch/arch/arm/core/cortex_m/libarch__arm__core__cortex_m.a(fpu.c.obj)
                              (--whole-archive)
zephyr/arch/arch/arm/core/cortex_m/libarch__arm__core__cortex_m.a(reset.S.obj)
                              (--whole-archive)
zephyr/arch/arch/arm/core/cortex_m/libarch__arm__core__cortex_m.a(scb.c.obj)
                              (--whole-archive)
zephyr/arch/arch/arm/core/cortex_m/libarch__arm__core__cortex_m.a(thread_abort.c.obj)
                              (--whole-archive)
zephyr/arch/arch/arm/core/cortex_m/libarch__arm__core__cortex_m.a(vector_table.S.obj)
                              (--whole-archive)
zephyr/arch/arch/arm/core/cortex_m/libarch__arm__core__cortex_m.a(swap.c.obj)
                              (--whole-archive)
zephyr/arch/arch/arm/core/cortex_m/libarch__arm__core__cortex_m.a(swap_helper.S.obj)
                              (--whole-archive)
zephyr/arch/arch/arm/core/cortex_m/libarch__arm__core__cortex_m.a(irq_manage.c.obj)
                              (--whole-archive)
zephyr/arch/arch/arm/core/cortex_m/libarch__arm__core__cortex_m.a(prep_c.c.obj)
                              (--whole-archive)
zephyr/arch/arch/arm/core/cortex_m/libarch__arm__core__cortex_m.a(thread.c.obj)
                              (--whole-archive)
zephyr/arch/arch/arm/core/cortex_m/libarch__arm__core__cortex_m.a(cpu_idle.c.obj)
                              (--whole-archive)
zephyr/arch/arch/arm/core/cortex_m/libarch__arm__core__cortex_m.a(irq_init.c.obj)
                              (--whole-archive)
zephyr/arch/arch/arm/core/cortex_m/libarch__arm__core__cortex_m.a(isr_wrapper.c.obj)
                              (--whole-archive)
[...]
Memory Configuration

Name             Origin             Length             Attributes
FLASH            0x0000000008000000 0x0000000000040000 xr
RAM              0x0000000020000000 0x0000000000008000 xw
IDT_LIST         0x00000000ffff7fff 0x0000000000008000 xw
*default*        0x0000000000000000 0xffffffffffffffff

Linker script and memory map

                0x0000000008008afc                vfprintf = __l_vfprintf
                0x0000000000000000                vfscanf = __l_vfscanf
LOAD zephyr/CMakeFiles/zephyr_final.dir/misc/empty_file.c.obj
LOAD zephyr/CMakeFiles/zephyr_final.dir/isr_tables.c.obj
LOAD zephyr/CMakeFiles/offsets.dir/./arch/arm/core/offsets/offsets.c.obj
LOAD app/libapp.a
LOAD zephyr/libzephyr.a
LOAD zephyr/arch/common/libarch__common.a
LOAD zephyr/arch/arch/arm/core/libarch__arm__core.a
LOAD zephyr/arch/arch/arm/core/cortex_m/libarch__arm__core__cortex_m.a
LOAD zephyr/lib/libc/picolibc/liblib__libc__picolibc.a
LOAD zephyr/lib/libc/common/liblib__libc__common.a
LOAD zephyr/subsys/rtio/libsubsys__rtio.a
LOAD zephyr/drivers/interrupt_controller/libdrivers__interrupt_controller.a
LOAD zephyr/drivers/adc/libdrivers__adc.a
LOAD zephyr/drivers/clock_control/libdrivers__clock_control.a
LOAD zephyr/drivers/console/libdrivers__console.a
LOAD zephyr/drivers/gpio/libdrivers__gpio.a
LOAD zephyr/drivers/i2c/libdrivers__i2c.a
LOAD zephyr/drivers/pinctrl/libdrivers__pinctrl.a
LOAD zephyr/drivers/reset/libdrivers__reset.a
LOAD zephyr/drivers/sensor/bosch/bme280/libdrivers__sensor__bosch__bme280.a
LOAD zephyr/drivers/sensor/st/stm32_temp/libdrivers__sensor__st__stm32_temp.a
LOAD zephyr/drivers/sensor/st/stm32_vbat/libdrivers__sensor__st__stm32_vbat.a
LOAD zephyr/drivers/sensor/st/stm32_vref/libdrivers__sensor__st__stm32_vref.a
LOAD zephyr/drivers/sensor/libdrivers__sensor.a
LOAD zephyr/drivers/serial/libdrivers__serial.a
LOAD zephyr/drivers/timer/libdrivers__timer.a
LOAD modules/hal_stm32/stm32cube/lib..__modules__hal__stm32__stm32cube.a
LOAD zephyr/kernel/libkernel.a
LOAD c:/users/julien/zephyr-sdk-0.16.8/arm-zephyr-eabi/bin/../lib/gcc/arm-zephyr-eabi/12.2.0/thumb/v6-m/nofp\libgcc.a
LOAD zephyr/arch/common/libisr_tables.a
LOAD c:\users\julien\zephyr-sdk-0.16.8\arm-zephyr-eabi\bin\../lib/gcc/../../picolibc/arm-zephyr-eabi/lib/thumb/v6-m/nofp\libc.a
LOAD c:/users/julien/zephyr-sdk-0.16.8/arm-zephyr-eabi/bin/../lib/gcc/arm-zephyr-eabi/12.2.0/thumb/v6-m/nofp\libgcc.a
                0x0000000000000004                _region_min_align = 0x4

.rel.plt        0x0000000008000000        0x0
 *(SORT_BY_ALIGNMENT(.rel.plt))
                [!provide]                        PROVIDE (__rel_iplt_start = .)
 *(SORT_BY_ALIGNMENT(.rel.iplt))
 .rel.iplt      0x0000000008000000        0x0 zephyr/CMakeFiles/zephyr_final.dir/isr_tables.c.obj
                [!provide]                        PROVIDE (__rel_iplt_end = .)

.rela.plt       0x0000000000000000        0x0
 *(SORT_BY_ALIGNMENT(.rela.plt))
                [!provide]                        PROVIDE (__rela_iplt_start = .)
 *(SORT_BY_ALIGNMENT(.rela.iplt))
                [!provide]                        PROVIDE (__rela_iplt_end = .)

.rel.dyn
 *(SORT_BY_ALIGNMENT(.rel.*))

.rela.dyn
 *(SORT_BY_ALIGNMENT(.rela.*))

/DISCARD/
 *(SORT_BY_ALIGNMENT(.plt))

/DISCARD/
 *(SORT_BY_ALIGNMENT(.iplt))
                0x0000000008000000                __rom_region_start = 0x8000000

rom_start       0x0000000008000000       0xbc
                0x0000000008000000                __rom_start_address = .
 FILL mask 0x00
                0x0000000008000000                . = (. + (0x0 - (. - __rom_start_address)))
                0x0000000008000000                . = ALIGN (0x4)
                0x0000000008000000                _vector_start = .
 *(SORT_BY_ALIGNMENT(.exc_vector_table))
 *(SORT_BY_ALIGNMENT(.exc_vector_table.*))
 .exc_vector_table._vector_table_section
                0x0000000008000000       0x40 zephyr/arch/arch/arm/core/cortex_m/libarch__arm__core__cortex_m.a(vector_table.S.obj)
                0x0000000008000000                _vector_table
 *(SORT_BY_ALIGNMENT(.vectors))
                0x00000000080000bc                _vector_end = .
                0x0000000008000040                . = ALIGN (0x4)
 *(SORT_BY_ALIGNMENT(.gnu.linkonce.irq_vector_table*))
 .gnu.linkonce.irq_vector_table
                0x0000000008000040       0x7c zephyr/CMakeFiles/zephyr_final.dir/isr_tables.c.obj
                0x0000000008000040                _irq_vector_table
                0x00000000080000bc                _vector_end = .

text            0x00000000080000bc     0xb8a8
                0x00000000080000bc                __text_region_start = .
 *(SORT_BY_ALIGNMENT(.text))
 .text          0x00000000080000bc       0x14 c:/users/julien/zephyr-sdk-0.16.8/arm-zephyr-eabi/bin/../lib/gcc/arm-zephyr-eabi/12.2.0/thumb/v6-m/nofp\libgcc.a(_thumb1_case_sqi.o)
                0x00000000080000bc                __gnu_thumb1_case_sqi
 .text          0x00000000080000d0       0x14 c:/users/julien/zephyr-sdk-0.16.8/arm-zephyr-eabi/bin/../lib/gcc/arm-zephyr-eabi/12.2.0/thumb/v6-m/nofp\libgcc.a(_thumb1_case_uqi.o)
                0x00000000080000d0                __gnu_thumb1_case_uqi
 .text          0x00000000080000e4       0x8c c:/users/julien/zephyr-sdk-0.16.8/arm-zephyr-eabi/bin/../lib/gcc/arm-zephyr-eabi/12.2.0/thumb/v6-m/nofp\libgcc.a(_udivsi3.o)
                0x00000000080000e4                __aeabi_uidiv
                0x00000000080000e4                __udivsi3
                0x000000000800015c                __aeabi_uidivmod
 .text          0x0000000008000170       0xa8 c:/users/julien/zephyr-sdk-0.16.8/arm-zephyr-eabi/bin/../lib/gcc/arm-zephyr-eabi/12.2.0/thumb/v6-m/nofp\libgcc.a(_divsi3.o)
                0x0000000008000170                __divsi3
                0x0000000008000170                __aeabi_idiv
                0x0000000008000204                __aeabi_idivmod
 .text          0x0000000008000218        0x4 c:/users/julien/zephyr-sdk-0.16.8/arm-zephyr-eabi/bin/../lib/gcc/arm-zephyr-eabi/12.2.0/thumb/v6-m/nofp\libgcc.a(_dvmd_tls.o)
                0x0000000008000218                __aeabi_idiv0
                0x0000000008000218                __aeabi_ldiv0
 .text          0x000000000800021c       0x7c c:/users/julien/zephyr-sdk-0.16.8/arm-zephyr-eabi/bin/../lib/gcc/arm-zephyr-eabi/12.2.0/thumb/v6-m/nofp\libgcc.a(_arm_cmpdf2.o)
                0x000000000800021c                __aeabi_cdrcmple
                0x000000000800022c                __aeabi_cdcmple
                0x000000000800022c                __aeabi_cdcmpeq
                0x000000000800023c                __aeabi_dcmpeq
                0x0000000008000248                __aeabi_dcmplt
                0x000000000800025c                __aeabi_dcmple
                0x0000000008000270                __aeabi_dcmpgt
                0x0000000008000284                __aeabi_dcmpge
 .text          0x0000000008000298       0x74 c:/users/julien/zephyr-sdk-0.16.8/arm-zephyr-eabi/bin/../lib/gcc/arm-zephyr-eabi/12.2.0/thumb/v6-m/nofp\libgcc.a(_arm_cmpsf2.o)
                0x0000000008000298                __aeabi_cfrcmple
                0x00000000080002a0                __aeabi_cfcmpeq
                0x00000000080002a0                __aeabi_cfcmple
                0x00000000080002b0                __aeabi_fcmpeq
                0x00000000080002bc                __aeabi_fcmplt
                0x00000000080002d0                __aeabi_fcmple
                0x00000000080002e4                __aeabi_fcmpgt
                0x00000000080002f8                __aeabi_fcmpge
 .text          0x000000000800030c       0x3c c:/users/julien/zephyr-sdk-0.16.8/arm-zephyr-eabi/bin/../lib/gcc/arm-zephyr-eabi/12.2.0/thumb/v6-m/nofp\libgcc.a(_clzsi2.o)
                0x000000000800030c                __clzsi2
 .text          0x0000000008000348       0x40 c:/users/julien/zephyr-sdk-0.16.8/arm-zephyr-eabi/bin/../lib/gcc/arm-zephyr-eabi/12.2.0/thumb/v6-m/nofp\libgcc.a(_ctzsi2.o)
                0x0000000008000348                __ctzsi2
 .text          0x0000000008000388       0x48 c:/users/julien/zephyr-sdk-0.16.8/arm-zephyr-eabi/bin/../lib/gcc/arm-zephyr-eabi/12.2.0/thumb/v6-m/nofp\libgcc.a(_aeabi_ldivmod.o)
                0x0000000008000388                __aeabi_ldivmod
 .text          0x00000000080003d0       0x40 c:/users/julien/zephyr-sdk-0.16.8/arm-zephyr-eabi/bin/../lib/gcc/arm-zephyr-eabi/12.2.0/thumb/v6-m/nofp\libgcc.a(_aeabi_uldivmod.o)
                0x00000000080003d0                __aeabi_uldivmod
 .text          0x0000000008000410       0x34 c:/users/julien/zephyr-sdk-0.16.8/arm-zephyr-eabi/bin/../lib/gcc/arm-zephyr-eabi/12.2.0/thumb/v6-m/nofp\libgcc.a(_popcountsi2.o)
                0x0000000008000410                __popcountsi2
 .text          0x0000000008000444       0x3c c:/users/julien/zephyr-sdk-0.16.8/arm-zephyr-eabi/bin/../lib/gcc/arm-zephyr-eabi/12.2.0/thumb/v6-m/nofp\libgcc.a(_fixunsdfdi.o)
                0x0000000008000444                __fixunsdfdi
                0x0000000008000444                __aeabi_d2ulz
 .text          0x0000000008000480      0x2e8 c:/users/julien/zephyr-sdk-0.16.8/arm-zephyr-eabi/bin/../lib/gcc/arm-zephyr-eabi/12.2.0/thumb/v6-m/nofp\libgcc.a(addsf3.o)
                0x0000000008000480                __aeabi_fadd
 .text          0x0000000008000768      0x1c4 c:/users/julien/zephyr-sdk-0.16.8/arm-zephyr-eabi/bin/../lib/gcc/arm-zephyr-eabi/12.2.0/thumb/v6-m/nofp\libgcc.a(divsf3.o)
                0x0000000008000768                __aeabi_fdiv
 .text          0x000000000800092c      0x1ec c:/users/julien/zephyr-sdk-0.16.8/arm-zephyr-eabi/bin/../lib/gcc/arm-zephyr-eabi/12.2.0/thumb/v6-m/nofp\libgcc.a(mulsf3.o)
                0x000000000800092c                __aeabi_fmul
 .text          0x0000000008000b18      0x32c c:/users/julien/zephyr-sdk-0.16.8/arm-zephyr-eabi/bin/../lib/gcc/arm-zephyr-eabi/12.2.0/thumb/v6-m/nofp\libgcc.a(subsf3.o)
                0x0000000008000b18                __aeabi_fsub
 .text          0x0000000008000e44       0x3c c:/users/julien/zephyr-sdk-0.16.8/arm-zephyr-eabi/bin/../lib/gcc/arm-zephyr-eabi/12.2.0/thumb/v6-m/nofp\libgcc.a(fixsfsi.o)
                0x0000000008000e44                __aeabi_f2iz
 .text          0x0000000008000e80       0x88 c:/users/julien/zephyr-sdk-0.16.8/arm-zephyr-eabi/bin/../lib/gcc/arm-zephyr-eabi/12.2.0/thumb/v6-m/nofp\libgcc.a(floatsisf.o)
                0x0000000008000e80                __aeabi_i2f
 .text          0x0000000008000f08      0x5e0 c:/users/julien/zephyr-sdk-0.16.8/arm-zephyr-eabi/bin/../lib/gcc/arm-zephyr-eabi/12.2.0/thumb/v6-m/nofp\libgcc.a(adddf3.o)
                0x0000000008000f08                __aeabi_dadd
 .text          0x00000000080014e8      0x504 c:/users/julien/zephyr-sdk-0.16.8/arm-zephyr-eabi/bin/../lib/gcc/arm-zephyr-eabi/12.2.0/thumb/v6-m/nofp\libgcc.a(divdf3.o)
                0x00000000080014e8                __aeabi_ddiv
 .text          0x00000000080019ec       0x84 c:/users/julien/zephyr-sdk-0.16.8/arm-zephyr-eabi/bin/../lib/gcc/arm-zephyr-eabi/12.2.0/thumb/v6-m/nofp\libgcc.a(eqdf2.o)
                0x00000000080019ec                __nedf2
                0x00000000080019ec                __eqdf2
 .text          0x0000000008001a70       0xec c:/users/julien/zephyr-sdk-0.16.8/arm-zephyr-eabi/bin/../lib/gcc/arm-zephyr-eabi/12.2.0/thumb/v6-m/nofp\libgcc.a(gedf2.o)
                0x0000000008001a70                __gedf2
                0x0000000008001a70                __gtdf2
 .text          0x0000000008001b5c       0xf0 c:/users/julien/zephyr-sdk-0.16.8/arm-zephyr-eabi/bin/../lib/gcc/arm-zephyr-eabi/12.2.0/thumb/v6-m/nofp\libgcc.a(ledf2.o)
                0x0000000008001b5c                __ledf2
                0x0000000008001b5c                __ltdf2
 .text          0x0000000008001c4c      0x454 c:/users/julien/zephyr-sdk-0.16.8/arm-zephyr-eabi/bin/../lib/gcc/arm-zephyr-eabi/12.2.0/thumb/v6-m/nofp\libgcc.a(muldf3.o)
                0x0000000008001c4c                __aeabi_dmul
 .text          0x00000000080020a0      0x628 c:/users/julien/zephyr-sdk-0.16.8/arm-zephyr-eabi/bin/../lib/gcc/arm-zephyr-eabi/12.2.0/thumb/v6-m/nofp\libgcc.a(subdf3.o)
                0x00000000080020a0                __aeabi_dsub
 .text          0x00000000080026c8       0x64 c:/users/julien/zephyr-sdk-0.16.8/arm-zephyr-eabi/bin/../lib/gcc/arm-zephyr-eabi/12.2.0/thumb/v6-m/nofp\libgcc.a(fixdfsi.o)
                0x00000000080026c8                __aeabi_d2iz
 .text          0x000000000800272c       0x54 c:/users/julien/zephyr-sdk-0.16.8/arm-zephyr-eabi/bin/../lib/gcc/arm-zephyr-eabi/12.2.0/thumb/v6-m/nofp\libgcc.a(floatsidf.o)
                0x000000000800272c                __aeabi_i2d
 .text          0x0000000008002780       0x40 c:/users/julien/zephyr-sdk-0.16.8/arm-zephyr-eabi/bin/../lib/gcc/arm-zephyr-eabi/12.2.0/thumb/v6-m/nofp\libgcc.a(floatunsidf.o)
                0x0000000008002780                __aeabi_ui2d
 .text          0x00000000080027c0       0x14 c:/users/julien/zephyr-sdk-0.16.8/arm-zephyr-eabi/bin/../lib/gcc/arm-zephyr-eabi/12.2.0/thumb/v6-m/nofp\libgcc.a(_thumb1_case_uhi.o)
                0x00000000080027c0                __gnu_thumb1_case_uhi
 .text          0x00000000080027d4       0x18 c:/users/julien/zephyr-sdk-0.16.8/arm-zephyr-eabi/bin/../lib/gcc/arm-zephyr-eabi/12.2.0/thumb/v6-m/nofp\libgcc.a(_lshrdi3.o)
                0x00000000080027d4                __lshrdi3
                0x00000000080027d4                __aeabi_llsr
 .text          0x00000000080027ec       0x18 c:/users/julien/zephyr-sdk-0.16.8/arm-zephyr-eabi/bin/../lib/gcc/arm-zephyr-eabi/12.2.0/thumb/v6-m/nofp\libgcc.a(_ashldi3.o)
                0x00000000080027ec                __aeabi_llsl
                0x00000000080027ec                __ashldi3
 .text          0x0000000008002804       0x18 c:/users/julien/zephyr-sdk-0.16.8/arm-zephyr-eabi/bin/../lib/gcc/arm-zephyr-eabi/12.2.0/thumb/v6-m/nofp\libgcc.a(_clzdi2.o)
                0x0000000008002804                __clzdi2
 .text          0x000000000800281c       0x38 c:/users/julien/zephyr-sdk-0.16.8/arm-zephyr-eabi/bin/../lib/gcc/arm-zephyr-eabi/12.2.0/thumb/v6-m/nofp\libgcc.a(_fixunsdfsi.o)
                0x000000000800281c                __aeabi_d2uiz
                0x000000000800281c                __fixunsdfsi
 .text          0x0000000008002854       0x44 c:/users/julien/zephyr-sdk-0.16.8/arm-zephyr-eabi/bin/../lib/gcc/arm-zephyr-eabi/12.2.0/thumb/v6-m/nofp\libgcc.a(_muldi3.o)
                0x0000000008002854                __muldi3
                0x0000000008002854                __aeabi_lmul
 .text          0x0000000008002898        0xe c:/users/julien/zephyr-sdk-0.16.8/arm-zephyr-eabi/bin/../lib/gcc/arm-zephyr-eabi/12.2.0/thumb/v6-m/nofp\libgcc.a(_ffssi2.o)
                0x0000000008002898                __ffssi2
 .text          0x00000000080028a6       0x38 c:/users/julien/zephyr-sdk-0.16.8/arm-zephyr-eabi/bin/../lib/gcc/arm-zephyr-eabi/12.2.0/thumb/v6-m/nofp\libgcc.a(_fixdfdi.o)
                0x00000000080028a6                __fixdfdi
                0x00000000080028a6                __aeabi_d2lz
 .text          0x00000000080028de       0xde c:/users/julien/zephyr-sdk-0.16.8/arm-zephyr-eabi/bin/../lib/gcc/arm-zephyr-eabi/12.2.0/thumb/v6-m/nofp\libgcc.a(_udivmoddi4.o)
                0x00000000080028de                __udivmoddi4
 .text          0x00000000080029bc       0x30 c:/users/julien/zephyr-sdk-0.16.8/arm-zephyr-eabi/bin/../lib/gcc/arm-zephyr-eabi/12.2.0/thumb/v6-m/nofp\libgcc.a(bpabi.o)
                0x00000000080029bc                __gnu_ldivmod_helper
 .text          0x00000000080029ec       0x4e c:/users/julien/zephyr-sdk-0.16.8/arm-zephyr-eabi/bin/../lib/gcc/arm-zephyr-eabi/12.2.0/thumb/v6-m/nofp\libgcc.a(eqsf2.o)
                0x00000000080029ec                __eqsf2
                0x00000000080029ec                __nesf2
 .text          0x0000000008002a3a       0x9c c:/users/julien/zephyr-sdk-0.16.8/arm-zephyr-eabi/bin/../lib/gcc/arm-zephyr-eabi/12.2.0/thumb/v6-m/nofp\libgcc.a(gesf2.o)
                0x0000000008002a3a                __gesf2
                0x0000000008002a3a                __gtsf2
 .text          0x0000000008002ad6       0xa0 c:/users/julien/zephyr-sdk-0.16.8/arm-zephyr-eabi/bin/../lib/gcc/arm-zephyr-eabi/12.2.0/thumb/v6-m/nofp\libgcc.a(lesf2.o)
                0x0000000008002ad6                __ltsf2
                0x0000000008002ad6                __lesf2
 .text          0x0000000008002b76      0x142 c:/users/julien/zephyr-sdk-0.16.8/arm-zephyr-eabi/bin/../lib/gcc/arm-zephyr-eabi/12.2.0/thumb/v6-m/nofp\libgcc.a(_divdi3.o)
                0x0000000008002b76                __divdi3
 .text          0x0000000008002cb8        0xe c:\users\julien\zephyr-sdk-0.16.8\arm-zephyr-eabi\bin\../lib/gcc/../../picolibc/arm-zephyr-eabi/lib/thumb/v6-m/nofp\libc.a(strlen.S.o)
                0x0000000008002cb8                strlen
 *(SORT_BY_ALIGNMENT(.text.*))
 *fill*         0x0000000008002cc6        0x2 
 .text.sensor_channel_get.constprop.0.isra.0
                0x0000000008002cc8       0x18 app/libapp.a(main.c.obj)
 .text.print_uart
                0x0000000008002ce0       0x24 app/libapp.a(main.c.obj)
                0x0000000008002ce0                print_uart
 .text.read_bme280_data
                0x0000000008002d04       0xec app/libapp.a(main.c.obj)
                0x0000000008002d04                read_bme280_data
 .text.send_sensor_data
                0x0000000008002df0       0x9c app/libapp.a(main.c.obj)
                0x0000000008002df0                send_sensor_data
 .text.main     0x0000000008002e8c       0x54 app/libapp.a(main.c.obj)
                0x0000000008002e8c                main
 .text.cbvprintf_package
                0x0000000008002ee0      0x3b8 zephyr/libzephyr.a(cbprintf_packaged.c.obj)
                0x0000000008002ee0                cbvprintf_package
 .text.cbprintf_package_convert
                0x0000000008003298      0x420 zephyr/libzephyr.a(cbprintf_packaged.c.obj)
                0x0000000008003298                cbprintf_package_convert
 .text.__printk_hook_install
                0x00000000080036b8        0xc zephyr/libzephyr.a(printk.c.obj)
                0x00000000080036b8                __printk_hook_install
 .text.z_thread_entry
                0x00000000080036c4       0x30 zephyr/libzephyr.a(thread_entry.c.obj)
                0x00000000080036c4                z_thread_entry
 .text.p4wq_loop
                0x00000000080036f4       0xb0 zephyr/libzephyr.a(p4wq.c.obj)
 .text.k_p4wq_init
                0x00000000080037a4       0x24 zephyr/libzephyr.a(p4wq.c.obj)
                0x00000000080037a4                k_p4wq_init
 .text.k_p4wq_add_thread
                0x00000000080037c8       0x44 zephyr/libzephyr.a(p4wq.c.obj)
                0x00000000080037c8                k_p4wq_add_thread
 .text.static_init
                0x000000000800380c       0x84 zephyr/libzephyr.a(p4wq.c.obj)
 .text.k_p4wq_submit
                0x0000000008003890       0xec zephyr/libzephyr.a(p4wq.c.obj)
                0x0000000008003890                k_p4wq_submit
 .text.rotate   0x000000000800397c       0xa4 zephyr/libzephyr.a(rb.c.obj)
 .text.rb_insert
                0x0000000008003a20      0x14c zephyr/libzephyr.a(rb.c.obj)
                0x0000000008003a20                rb_insert
 .text.rb_remove
                0x0000000008003b6c      0x348 zephyr/libzephyr.a(rb.c.obj)
                0x0000000008003b6c                rb_remove
 .text.st_stm32_common_config
                0x0000000008003eb4       0x3c zephyr/libzephyr.a(soc_config.c.obj)
 .text.stm32f0_init
                0x0000000008003ef0       0x20 zephyr/libzephyr.a(soc.c.obj)
 .text.relocate_vector_table
                0x0000000008003f10       0x2c zephyr/libzephyr.a(soc.c.obj)
                0x0000000008003f10                relocate_vector_table
 .text.activate_foreach_backend
                0x0000000008003f3c       0x58 zephyr/libzephyr.a(log_core.c.obj)
 .text.enable_logger
                0x0000000008003f94       0x5c zephyr/libzephyr.a(log_core.c.obj)
 .text.log_process_thread_timer_expiry_fn
                0x0000000008003ff0       0x10 zephyr/libzephyr.a(log_core.c.obj)
 .text.z_log_init
                0x0000000008004000       0x8c zephyr/libzephyr.a(log_core.c.obj)
 .text.log_format_func_t_get
                0x000000000800408c        0xc zephyr/libzephyr.a(log_core.c.obj)
                0x000000000800408c                log_format_func_t_get
 .text.log_set_timestamp_func
                0x0000000008004098       0x20 zephyr/libzephyr.a(log_core.c.obj)
                0x0000000008004098                log_set_timestamp_func
 .text.z_log_notify_backend_enabled
                0x00000000080040b8       0x20 zephyr/libzephyr.a(log_core.c.obj)
                0x00000000080040b8                z_log_notify_backend_enabled
 .text.z_log_dropped
                0x00000000080040d8       0x34 zephyr/libzephyr.a(log_core.c.obj)
                0x00000000080040d8                z_log_dropped
 .text.z_log_dropped_read_and_clear
                0x000000000800410c       0x10 zephyr/libzephyr.a(log_core.c.obj)
                0x000000000800410c                z_log_dropped_read_and_clear
 .text.dropped_notify
                0x000000000800411c       0x34 zephyr/libzephyr.a(log_core.c.obj)
                0x000000000800411c                dropped_notify
 .text.z_log_msg_init
                0x0000000008004150       0x20 zephyr/libzephyr.a(log_core.c.obj)
                0x0000000008004150                z_log_msg_init
 .text.log_core_init
                0x0000000008004170       0x30 zephyr/libzephyr.a(log_core.c.obj)
                0x0000000008004170                log_core_init
 .text.z_log_msg_alloc
                0x00000000080041a0       0x18 zephyr/libzephyr.a(log_core.c.obj)
                0x00000000080041a0                z_log_msg_alloc
 .text.z_log_msg_local_claim
                0x00000000080041b8       0x10 zephyr/libzephyr.a(log_core.c.obj)
                0x00000000080041b8                z_log_msg_local_claim
 .text.z_log_msg_free
                0x00000000080041c8       0x14 zephyr/libzephyr.a(log_core.c.obj)
                0x00000000080041c8                z_log_msg_free
 .text.z_log_msg_pending
                0x00000000080041dc       0x10 zephyr/libzephyr.a(log_core.c.obj)
                0x00000000080041dc                z_log_msg_pending
 .text.z_impl_log_process
                0x00000000080041ec       0x9c zephyr/libzephyr.a(log_core.c.obj)
                0x00000000080041ec                z_impl_log_process
 .text.z_impl_log_panic
                0x0000000008004288       0x48 zephyr/libzephyr.a(log_core.c.obj)
                0x0000000008004288                z_impl_log_panic
 .text.log_process_thread_func
                0x00000000080042d0       0xa4 zephyr/libzephyr.a(log_core.c.obj)
 .text.z_log_msg_post_finalize
                0x0000000008004374       0x70 zephyr/libzephyr.a(log_core.c.obj)
 .text.z_log_msg_commit
                0x00000000080043e4       0x24 zephyr/libzephyr.a(log_core.c.obj)
                0x00000000080043e4                z_log_msg_commit
 .text.log_source_name_get
                0x0000000008004408       0x1c zephyr/libzephyr.a(log_mgmt.c.obj)
                0x0000000008004408                log_source_name_get
 .text.log_backend_enable
                0x0000000008004424       0x28 zephyr/libzephyr.a(log_mgmt.c.obj)
                0x0000000008004424                log_backend_enable
 .text.z_log_msg_simple_create
                0x000000000800444c       0x70 zephyr/libzephyr.a(log_msg.c.obj)
 .text.z_impl_z_log_msg_static_create
                0x00000000080044bc      0x130 zephyr/libzephyr.a(log_msg.c.obj)
                0x00000000080044bc                z_impl_z_log_msg_static_create
 .text.z_log_msg_runtime_vcreate
                0x00000000080045ec       0x9c zephyr/libzephyr.a(log_msg.c.obj)
                0x00000000080045ec                z_log_msg_runtime_vcreate
 .text.log_msg_get_source_id
                0x0000000008004688       0x1c zephyr/libzephyr.a(log_msg.c.obj)
                0x0000000008004688                log_msg_get_source_id
 .text.print_formatted
                0x00000000080046a4       0x20 zephyr/libzephyr.a(log_output.c.obj)
 .text.newline_print
                0x00000000080046c4       0x20 zephyr/libzephyr.a(log_output.c.obj)
 .text.log_output_process
                0x00000000080046e4      0x2cc zephyr/libzephyr.a(log_output.c.obj)
                0x00000000080046e4                log_output_process
 .text.log_output_dropped_process
                0x00000000080049b0       0x58 zephyr/libzephyr.a(log_output.c.obj)
                0x00000000080049b0                log_output_dropped_process
 .text.log_output_timestamp_freq_set
                0x0000000008004a08       0x34 zephyr/libzephyr.a(log_output.c.obj)
                0x0000000008004a08                log_output_timestamp_freq_set
 .text.char_out
                0x0000000008004a3c       0x24 zephyr/libzephyr.a(log_backend_uart.c.obj)
 .text.z_arm_fatal_error
                0x0000000008004a60       0xb8 zephyr/arch/arch/arm/core/libarch__arm__core.a(fatal.c.obj)
                0x0000000008004a60                z_arm_fatal_error
 .text.z_arm_nmi
                0x0000000008004b18       0x14 zephyr/arch/arch/arm/core/libarch__arm__core.a(nmi.c.obj)
                0x0000000008004b18                z_arm_nmi
 .text.z_SysNmiOnReset
                0x0000000008004b2c        0x4 zephyr/arch/arch/arm/core/libarch__arm__core.a(nmi_on_reset.S.obj)
                0x0000000008004b2c                z_SysNmiOnReset
 .text.arch_tls_stack_setup
                0x0000000008004b30       0x3c zephyr/arch/arch/arm/core/libarch__arm__core.a(tls.c.obj)
                0x0000000008004b30                arch_tls_stack_setup
 .text._HandlerModeExit
                0x0000000008004b6c       0x28 zephyr/arch/arch/arm/core/cortex_m/libarch__arm__core__cortex_m.a(exc_exit.c.obj)
                0x0000000008004b6c                z_arm_int_exit
                0x0000000008004b6c                z_arm_exc_exit
 .text.z_arm_fault
                0x0000000008004b94      0x138 zephyr/arch/arch/arm/core/cortex_m/libarch__arm__core__cortex_m.a(fault.c.obj)
                0x0000000008004b94                z_arm_fault
 .text.z_arm_fault_init
                0x0000000008004ccc       0x10 zephyr/arch/arch/arm/core/cortex_m/libarch__arm__core__cortex_m.a(fault.c.obj)
                0x0000000008004ccc                z_arm_fault_init
 .text.__fault  0x0000000008004cdc       0x14 zephyr/arch/arch/arm/core/cortex_m/libarch__arm__core__cortex_m.a(fault_s.S.obj)
                0x0000000008004cdc                z_arm_hard_fault
                0x0000000008004cdc                z_arm_exc_spurious
 .text._reset_section
                0x0000000008004cf0       0x28 zephyr/arch/arch/arm/core/cortex_m/libarch__arm__core__cortex_m.a(reset.S.obj)
                0x0000000008004cf0                __start
                0x0000000008004cf0                z_arm_reset
 .text.z_impl_k_thread_abort
                0x0000000008004d18       0x38 zephyr/arch/arch/arm/core/cortex_m/libarch__arm__core__cortex_m.a(thread_abort.c.obj)
                0x0000000008004d18                z_impl_k_thread_abort
 .text.arch_swap
                0x0000000008004d50       0x34 zephyr/arch/arch/arm/core/cortex_m/libarch__arm__core__cortex_m.a(swap.c.obj)
                0x0000000008004d50                arch_swap
 .text.z_arm_pendsv_c
                0x0000000008004d84       0x40 zephyr/arch/arch/arm/core/cortex_m/libarch__arm__core__cortex_m.a(swap.c.obj)
                0x0000000008004d84                z_arm_pendsv_c
 .text.z_arm_pendsv
                0x0000000008004dc4       0x4c zephyr/arch/arch/arm/core/cortex_m/libarch__arm__core__cortex_m.a(swap_helper.S.obj)
                0x0000000008004dc4                z_arm_pendsv
 .text.z_arm_svc
                0x0000000008004e10       0x24 zephyr/arch/arch/arm/core/cortex_m/libarch__arm__core__cortex_m.a(swap_helper.S.obj)
                0x0000000008004e10                z_arm_svc
 .text.arch_irq_enable
                0x0000000008004e34       0x18 zephyr/arch/arch/arm/core/cortex_m/libarch__arm__core__cortex_m.a(irq_manage.c.obj)
                0x0000000008004e34                arch_irq_enable
 .text.z_arm_irq_priority_set
                0x0000000008004e4c       0x54 zephyr/arch/arch/arm/core/cortex_m/libarch__arm__core__cortex_m.a(irq_manage.c.obj)
                0x0000000008004e4c                z_arm_irq_priority_set
 .text.arch_new_thread
                0x0000000008004ea0       0x30 zephyr/arch/arch/arm/core/cortex_m/libarch__arm__core__cortex_m.a(thread.c.obj)
                0x0000000008004ea0                arch_new_thread
 .text.arch_switch_to_main_thread
                0x0000000008004ed0       0x3c zephyr/arch/arch/arm/core/cortex_m/libarch__arm__core__cortex_m.a(thread.c.obj)
                0x0000000008004ed0                arch_switch_to_main_thread
 .text.z_arm_cpu_idle_init
                0x0000000008004f0c        0xc zephyr/arch/arch/arm/core/cortex_m/libarch__arm__core__cortex_m.a(cpu_idle.c.obj)
                0x0000000008004f0c                z_arm_cpu_idle_init
 .text.z_arm_interrupt_init
                0x0000000008004f18       0x30 zephyr/arch/arch/arm/core/cortex_m/libarch__arm__core__cortex_m.a(irq_init.c.obj)
                0x0000000008004f18                z_arm_interrupt_init
 .text._isr_wrapper
                0x0000000008004f48       0x20 zephyr/arch/arch/arm/core/cortex_m/libarch__arm__core__cortex_m.a(isr_wrapper.c.obj)
                0x0000000008004f48                _isr_wrapper
 .text.z_impl_zephyr_fputc
                0x0000000008004f68       0x10 zephyr/lib/libc/picolibc/liblib__libc__picolibc.a(libc-hooks.c.obj)
                0x0000000008004f68                z_impl_zephyr_fputc
 .text.__stdout_hook_install
                0x0000000008004f78       0x18 zephyr/lib/libc/picolibc/liblib__libc__picolibc.a(libc-hooks.c.obj)
                0x0000000008004f78                __stdout_hook_install
 .text.cbvprintf
                0x0000000008004f90       0x38 zephyr/lib/libc/picolibc/liblib__libc__picolibc.a(libc-hooks.c.obj)
                0x0000000008004f90                cbvprintf
 .text.malloc_prepare
                0x0000000008004fc8       0x24 zephyr/lib/libc/common/liblib__libc__common.a(malloc.c.obj)
 .text.rtio_executor_done
                0x0000000008004fec      0x1b8 zephyr/subsys/rtio/libsubsys__rtio.a(rtio_executor.c.obj)
 .text.rtio_init
                0x00000000080051a4       0x90 zephyr/subsys/rtio/libsubsys__rtio.a(rtio_init.c.obj)
                0x00000000080051a4                rtio_init
 .text.rtio_work_handler
                0x0000000008005234       0x18 zephyr/subsys/rtio/libsubsys__rtio.a(rtio_workq.c.obj)
 .text.rtio_work_req_alloc
                0x000000000800524c       0x2c zephyr/subsys/rtio/libsubsys__rtio.a(rtio_workq.c.obj)
                0x000000000800524c                rtio_work_req_alloc
 .text.rtio_work_req_submit
                0x0000000008005278       0x50 zephyr/subsys/rtio/libsubsys__rtio.a(rtio_workq.c.obj)
                0x0000000008005278                rtio_work_req_submit
 .text.stm32_exti_isr
                0x00000000080052c8       0x44 zephyr/drivers/interrupt_controller/libdrivers__interrupt_controller.a(intc_exti_stm32.c.obj)
 .text.stm32_exti_init
                0x000000000800530c       0x40 zephyr/drivers/interrupt_controller/libdrivers__interrupt_controller.a(intc_exti_stm32.c.obj)
 .text.stm32_gpio_intc_enable_line
                0x000000000800534c       0x30 zephyr/drivers/interrupt_controller/libdrivers__interrupt_controller.a(intc_exti_stm32.c.obj)
                0x000000000800534c                stm32_gpio_intc_enable_line
 .text.stm32_gpio_intc_disable_line
                0x000000000800537c       0x10 zephyr/drivers/interrupt_controller/libdrivers__interrupt_controller.a(intc_exti_stm32.c.obj)
                0x000000000800537c                stm32_gpio_intc_disable_line
 .text.stm32_gpio_intc_select_line_trigger
                0x000000000800538c       0x48 zephyr/drivers/interrupt_controller/libdrivers__interrupt_controller.a(intc_exti_stm32.c.obj)
                0x000000000800538c                stm32_gpio_intc_select_line_trigger
 .text.stm32_gpio_intc_set_irq_callback
                0x00000000080053d4       0x40 zephyr/drivers/interrupt_controller/libdrivers__interrupt_controller.a(intc_exti_stm32.c.obj)
                0x00000000080053d4                stm32_gpio_intc_set_irq_callback
 .text.stm32_gpio_intc_remove_irq_callback
                0x0000000008005414       0x24 zephyr/drivers/interrupt_controller/libdrivers__interrupt_controller.a(intc_exti_stm32.c.obj)
                0x0000000008005414                stm32_gpio_intc_remove_irq_callback
 .text.stm32_exti_set_line_src_port
                0x0000000008005438       0x24 zephyr/drivers/interrupt_controller/libdrivers__interrupt_controller.a(intc_exti_stm32.c.obj)
                0x0000000008005438                stm32_exti_set_line_src_port
 .text.stm32_exti_get_line_src_port
                0x000000000800545c       0x20 zephyr/drivers/interrupt_controller/libdrivers__interrupt_controller.a(intc_exti_stm32.c.obj)
                0x000000000800545c                stm32_exti_get_line_src_port
 .text.adc_stm32_disable
                0x000000000800547c       0x3c zephyr/drivers/adc/libdrivers__adc.a(adc_stm32.c.obj)
 .text.adc_stm32_channel_setup
                0x00000000080054b8       0xcc zephyr/drivers/adc/libdrivers__adc.a(adc_stm32.c.obj)
 .text.adc_context_start_sampling
                0x0000000008005584       0x28 zephyr/drivers/adc/libdrivers__adc.a(adc_stm32.c.obj)
 .text.adc_stm32_enable.isra.0
                0x00000000080055ac       0x40 zephyr/drivers/adc/libdrivers__adc.a(adc_stm32.c.obj)
 .text.adc_stm32_calibrate.isra.0
                0x00000000080055ec       0x70 zephyr/drivers/adc/libdrivers__adc.a(adc_stm32.c.obj)
 .text.adc_stm32_read
                0x000000000800565c      0x208 zephyr/drivers/adc/libdrivers__adc.a(adc_stm32.c.obj)
 .text.adc_stm32_isr_12
                0x0000000008005864       0xc4 zephyr/drivers/adc/libdrivers__adc.a(adc_stm32.c.obj)
 .text.adc_stm32_init
                0x0000000008005928       0xcc zephyr/drivers/adc/libdrivers__adc.a(adc_stm32.c.obj)
 .text.stm32_clock_control_on
                0x00000000080059f4       0x30 zephyr/drivers/clock_control/libdrivers__clock_control.a(clock_stm32_ll_common.c.obj)
 .text.stm32_clock_control_off
                0x0000000008005a24       0x24 zephyr/drivers/clock_control/libdrivers__clock_control.a(clock_stm32_ll_common.c.obj)
 .text.stm32_clock_control_configure
                0x0000000008005a48       0x5c zephyr/drivers/clock_control/libdrivers__clock_control.a(clock_stm32_ll_common.c.obj)
 .text.stm32_clock_control_get_subsys_rate
                0x0000000008005aa4       0x64 zephyr/drivers/clock_control/libdrivers__clock_control.a(clock_stm32_ll_common.c.obj)
 .text.stm32_clock_control_get_status
                0x0000000008005b08       0x34 zephyr/drivers/clock_control/libdrivers__clock_control.a(clock_stm32_ll_common.c.obj)
 .text.stm32_clock_control_init
                0x0000000008005b3c      0x108 zephyr/drivers/clock_control/libdrivers__clock_control.a(clock_stm32_ll_common.c.obj)
                0x0000000008005b3c                stm32_clock_control_init
 .text.config_pll_sysclock
                0x0000000008005c44       0x24 zephyr/drivers/clock_control/libdrivers__clock_control.a(clock_stm32f0_f3.c.obj)
                0x0000000008005c44                config_pll_sysclock
 .text.get_pllout_frequency
                0x0000000008005c68        0x8 zephyr/drivers/clock_control/libdrivers__clock_control.a(clock_stm32f0_f3.c.obj)
                0x0000000008005c68                get_pllout_frequency
 .text.config_enable_default_clocks
                0x0000000008005c70       0x30 zephyr/drivers/clock_control/libdrivers__clock_control.a(clock_stm32f0_f3.c.obj)
                0x0000000008005c70                config_enable_default_clocks
 .text.uart_console_init
                0x0000000008005ca0       0x2c zephyr/drivers/console/libdrivers__console.a(uart_console.c.obj)
 .text.console_out
                0x0000000008005ccc       0x28 zephyr/drivers/console/libdrivers__console.a(uart_console.c.obj)
 .text.gpio_stm32_pin_interrupt_configure
                0x0000000008005cf4       0xac zephyr/drivers/gpio/libdrivers__gpio.a(gpio_stm32.c.obj)
 .text.gpio_stm32_init
                0x0000000008005da0       0x34 zephyr/drivers/gpio/libdrivers__gpio.a(gpio_stm32.c.obj)
 .text.stm32_i2c_master_mode_end
                0x0000000008005dd4       0x38 zephyr/drivers/i2c/libdrivers__i2c.a(i2c_ll_stm32_v2.c.obj)
 .text.msg_init
                0x0000000008005e0c       0xb0 zephyr/drivers/i2c/libdrivers__i2c.a(i2c_ll_stm32_v2.c.obj)
 .text.stm32_i2c_combined_isr
                0x0000000008005ebc       0xbc zephyr/drivers/i2c/libdrivers__i2c.a(i2c_ll_stm32_v2.c.obj)
                0x0000000008005ebc                stm32_i2c_combined_isr
 .text.stm32_i2c_configure_timing
                0x0000000008005f78      0x164 zephyr/drivers/i2c/libdrivers__i2c.a(i2c_ll_stm32_v2.c.obj)
                0x0000000008005f78                stm32_i2c_configure_timing
 .text.stm32_i2c_transaction
                0x00000000080060dc      0x164 zephyr/drivers/i2c/libdrivers__i2c.a(i2c_ll_stm32_v2.c.obj)
                0x00000000080060dc                stm32_i2c_transaction
 .text.i2c_stm32_get_config.part.0
                0x0000000008006240       0x1c zephyr/drivers/i2c/libdrivers__i2c.a(i2c_ll_stm32.c.obj)
 .text.i2c_stm32_set_smbus_mode
                0x000000000800625c       0x5c zephyr/drivers/i2c/libdrivers__i2c.a(i2c_ll_stm32.c.obj)
                0x000000000800625c                i2c_stm32_set_smbus_mode
 .text.i2c_stm32_runtime_configure
                0x00000000080062b8       0xac zephyr/drivers/i2c/libdrivers__i2c.a(i2c_ll_stm32.c.obj)
                0x00000000080062b8                i2c_stm32_runtime_configure
 .text.i2c_stm32_init
                0x0000000008006364      0x144 zephyr/drivers/i2c/libdrivers__i2c.a(i2c_ll_stm32.c.obj)
 .text.pinctrl_configure_pins
                0x00000000080064a8       0x8c zephyr/drivers/pinctrl/libdrivers__pinctrl.a(pinctrl_stm32.c.obj)
                0x00000000080064a8                pinctrl_configure_pins
 .text.bme280_channel_get
                0x0000000008006534       0x84 zephyr/drivers/sensor/bosch/bme280/libdrivers__sensor__bosch__bme280.a(bme280.c.obj)
 .text.bme280_sample_fetch_helper
                0x00000000080065b8      0x268 zephyr/drivers/sensor/bosch/bme280/libdrivers__sensor__bosch__bme280.a(bme280.c.obj)
                0x00000000080065b8                bme280_sample_fetch_helper
 .text.bme280_convert_double_to_q31
                0x0000000008006820       0x84 zephyr/drivers/sensor/bosch/bme280/libdrivers__sensor__bosch__bme280.a(bme280_decoder.c.obj)
 .text.bme280_decoder_decode
                0x00000000080068a4       0xb4 zephyr/drivers/sensor/bosch/bme280/libdrivers__sensor__bosch__bme280.a(bme280_decoder.c.obj)
 .text.bme280_get_decoder
                0x0000000008006958        0xc zephyr/drivers/sensor/bosch/bme280/libdrivers__sensor__bosch__bme280.a(bme280_decoder.c.obj)
                0x0000000008006958                bme280_get_decoder
 .text.bme280_submit_sync
                0x0000000008006964      0x118 zephyr/drivers/sensor/bosch/bme280/libdrivers__sensor__bosch__bme280.a(bme280_async.c.obj)
                0x0000000008006964                bme280_submit_sync
 .text.bme280_submit
                0x0000000008006a7c       0x18 zephyr/drivers/sensor/bosch/bme280/libdrivers__sensor__bosch__bme280.a(bme280_async.c.obj)
                0x0000000008006a7c                bme280_submit
 .text.stm32_temp_channel_get
                0x0000000008006a94       0xdc zephyr/drivers/sensor/st/stm32_temp/libdrivers__sensor__st__stm32_temp.a(stm32_temp.c.obj)
 .text.stm32_temp_sample_fetch
                0x0000000008006b70       0x88 zephyr/drivers/sensor/st/stm32_temp/libdrivers__sensor__st__stm32_temp.a(stm32_temp.c.obj)
 .text.stm32_temp_init
                0x0000000008006bf8       0x80 zephyr/drivers/sensor/st/stm32_temp/libdrivers__sensor__st__stm32_temp.a(stm32_temp.c.obj)
 .text.stm32_vbat_channel_get
                0x0000000008006c78       0x48 zephyr/drivers/sensor/st/stm32_vbat/libdrivers__sensor__st__stm32_vbat.a(stm32_vbat.c.obj)
 .text.stm32_vbat_sample_fetch
                0x0000000008006cc0       0x84 zephyr/drivers/sensor/st/stm32_vbat/libdrivers__sensor__st__stm32_vbat.a(stm32_vbat.c.obj)
 .text.stm32_vbat_init
                0x0000000008006d44       0x94 zephyr/drivers/sensor/st/stm32_vbat/libdrivers__sensor__st__stm32_vbat.a(stm32_vbat.c.obj)
 .text.stm32_vref_channel_get.part.0
                0x0000000008006dd8       0x1c zephyr/drivers/sensor/st/stm32_vref/libdrivers__sensor__st__stm32_vref.a(stm32_vref.c.obj)
 .text.stm32_vref_sample_fetch
                0x0000000008006df4       0x88 zephyr/drivers/sensor/st/stm32_vref/libdrivers__sensor__st__stm32_vref.a(stm32_vref.c.obj)
 .text.stm32_vref_init
                0x0000000008006e7c       0x80 zephyr/drivers/sensor/st/stm32_vref/libdrivers__sensor__st__stm32_vref.a(stm32_vref.c.obj)
 .text.uart_stm32_irq_err_enable
                0x0000000008006efc       0x58 zephyr/drivers/serial/libdrivers__serial.a(uart_stm32.c.obj)
 .text.uart_stm32_irq_err_disable
                0x0000000008006f54       0x5c zephyr/drivers/serial/libdrivers__serial.a(uart_stm32.c.obj)
 .text.uart_stm32_config_get
                0x0000000008006fb0       0xa4 zephyr/drivers/serial/libdrivers__serial.a(uart_stm32.c.obj)
 .text.uart_stm32_set_baudrate.part.0
                0x0000000008007054       0x18 zephyr/drivers/serial/libdrivers__serial.a(uart_stm32.c.obj)
 .text.uart_stm32_set_baudrate
                0x000000000800706c       0x44 zephyr/drivers/serial/libdrivers__serial.a(uart_stm32.c.obj)
 .text.uart_stm32_parameters_set
                0x00000000080070b0      0x15c zephyr/drivers/serial/libdrivers__serial.a(uart_stm32.c.obj)
 .text.uart_stm32_init
                0x000000000800720c      0x208 zephyr/drivers/serial/libdrivers__serial.a(uart_stm32.c.obj)
 .text.uart_stm32_configure
                0x0000000008007414      0x188 zephyr/drivers/serial/libdrivers__serial.a(uart_stm32.c.obj)
 .text.uart_stm32_fifo_fill
                0x000000000800759c       0x60 zephyr/drivers/serial/libdrivers__serial.a(uart_stm32.c.obj)
 .text.uart_stm32_fifo_read
                0x00000000080075fc       0x50 zephyr/drivers/serial/libdrivers__serial.a(uart_stm32.c.obj)
 .text.elapsed  0x000000000800764c       0x54 zephyr/drivers/timer/libdrivers__timer.a(cortex_m_systick.c.obj)
 .text.sys_clock_driver_init
                0x00000000080076a0       0x40 zephyr/drivers/timer/libdrivers__timer.a(cortex_m_systick.c.obj)
 .text.sys_clock_isr
                0x00000000080076e0       0x44 zephyr/drivers/timer/libdrivers__timer.a(cortex_m_systick.c.obj)
                0x00000000080076e0                sys_clock_isr
 .text.sys_clock_set_timeout
                0x0000000008007724       0xf4 zephyr/drivers/timer/libdrivers__timer.a(cortex_m_systick.c.obj)
                0x0000000008007724                sys_clock_set_timeout
 .text.sys_clock_elapsed
                0x0000000008007818       0x34 zephyr/drivers/timer/libdrivers__timer.a(cortex_m_systick.c.obj)
                0x0000000008007818                sys_clock_elapsed
 .text.sys_clock_cycle_get_32
                0x000000000800784c       0x24 zephyr/drivers/timer/libdrivers__timer.a(cortex_m_systick.c.obj)
                0x000000000800784c                sys_clock_cycle_get_32
 .text.HAL_RCC_GetSysClockFreq
                0x0000000008007870       0x6c modules/hal_stm32/stm32cube/lib..__modules__hal__stm32__stm32cube.a(stm32f0xx_hal_rcc.c.obj)
                0x0000000008007870                HAL_RCC_GetSysClockFreq
 .text.LL_SetFlashLatency
                0x00000000080078dc       0x38 modules/hal_stm32/stm32cube/lib..__modules__hal__stm32__stm32cube.a(stm32f0xx_ll_utils.c.obj)
                0x00000000080078dc                LL_SetFlashLatency
 .text.k_sys_fatal_error_handler
                0x0000000008007914       0x20 zephyr/kernel/libkernel.a(fatal.c.obj)
                0x0000000008007914                k_sys_fatal_error_handler
 .text.z_fatal_error
                0x0000000008007934       0xf4 zephyr/kernel/libkernel.a(fatal.c.obj)
                0x0000000008007934                z_fatal_error
 .text.z_sys_init_run_level
                0x0000000008007a28       0x30 zephyr/kernel/libkernel.a(init.c.obj)
 .text.bg_thread_main
                0x0000000008007a58       0xac zephyr/kernel/libkernel.a(init.c.obj)
 .text.z_bss_zero
                0x0000000008007b04       0x18 zephyr/kernel/libkernel.a(init.c.obj)
                0x0000000008007b04                z_bss_zero
 .text.z_init_cpu
                0x0000000008007b1c       0x70 zephyr/kernel/libkernel.a(init.c.obj)
                0x0000000008007b1c                z_init_cpu
 .text.z_cstart
                0x0000000008007b8c       0xbc zephyr/kernel/libkernel.a(init.c.obj)
                0x0000000008007b8c                z_cstart
 .text.init_mem_slab_obj_core_list
                0x0000000008007c48       0x24 zephyr/kernel/libkernel.a(mem_slab.c.obj)
 .text.k_mem_slab_alloc
                0x0000000008007c6c       0x58 zephyr/kernel/libkernel.a(mem_slab.c.obj)
                0x0000000008007c6c                k_mem_slab_alloc
 .text.z_impl_k_mutex_lock
                0x0000000008007cc4       0xf0 zephyr/kernel/libkernel.a(mutex.c.obj)
                0x0000000008007cc4                z_impl_k_mutex_lock
 .text.z_impl_k_mutex_unlock
                0x0000000008007db4       0x78 zephyr/kernel/libkernel.a(mutex.c.obj)
                0x0000000008007db4                z_impl_k_mutex_unlock
 .text.z_impl_k_sem_give
                0x0000000008007e2c       0x48 zephyr/kernel/libkernel.a(sem.c.obj)
                0x0000000008007e2c                z_impl_k_sem_give
 .text.z_impl_k_sem_take
                0x0000000008007e74       0x4c zephyr/kernel/libkernel.a(sem.c.obj)
                0x0000000008007e74                z_impl_k_sem_take
 .text.z_impl_k_thread_name_set
                0x0000000008007ec0       0x20 zephyr/kernel/libkernel.a(thread.c.obj)
                0x0000000008007ec0                z_impl_k_thread_name_set
 .text.z_setup_new_thread
                0x0000000008007ee0       0x9c zephyr/kernel/libkernel.a(thread.c.obj)
                0x0000000008007ee0                z_setup_new_thread
 .text.z_impl_k_thread_create
                0x0000000008007f7c       0x58 zephyr/kernel/libkernel.a(thread.c.obj)
                0x0000000008007f7c                z_impl_k_thread_create
 .text.update_cache
                0x0000000008007fd4       0x44 zephyr/kernel/libkernel.a(sched.c.obj)
 .text.unready_thread
                0x0000000008008018       0x2c zephyr/kernel/libkernel.a(sched.c.obj)
 .text.ready_thread
                0x0000000008008044       0x70 zephyr/kernel/libkernel.a(sched.c.obj)
 .text.z_thread_halt
                0x00000000080080b4       0xd8 zephyr/kernel/libkernel.a(sched.c.obj)
 .text.move_thread_to_end_of_prio_q
                0x000000000800818c       0x78 zephyr/kernel/libkernel.a(sched.c.obj)
                0x000000000800818c                move_thread_to_end_of_prio_q
 .text.z_pend_curr
                0x0000000008008204       0x50 zephyr/kernel/libkernel.a(sched.c.obj)
                0x0000000008008204                z_pend_curr
 .text.z_thread_prio_set
                0x0000000008008254       0x94 zephyr/kernel/libkernel.a(sched.c.obj)
                0x0000000008008254                z_thread_prio_set
 .text.z_reschedule
                0x00000000080082e8       0x2c zephyr/kernel/libkernel.a(sched.c.obj)
                0x00000000080082e8                z_reschedule
 .text.z_sched_start
                0x0000000008008314       0x34 zephyr/kernel/libkernel.a(sched.c.obj)
                0x0000000008008314                z_sched_start
 .text.z_reschedule_irqlock
                0x0000000008008348       0x2c zephyr/kernel/libkernel.a(sched.c.obj)
                0x0000000008008348                z_reschedule_irqlock
 .text.k_sched_lock
                0x0000000008008374       0x20 zephyr/kernel/libkernel.a(sched.c.obj)
                0x0000000008008374                k_sched_lock
 .text.k_sched_unlock
                0x0000000008008394       0x34 zephyr/kernel/libkernel.a(sched.c.obj)
                0x0000000008008394                k_sched_unlock
 .text.z_sched_init
                0x00000000080083c8       0x14 zephyr/kernel/libkernel.a(sched.c.obj)
                0x00000000080083c8                z_sched_init
 .text.z_impl_k_yield
                0x00000000080083dc       0x78 zephyr/kernel/libkernel.a(sched.c.obj)
                0x00000000080083dc                z_impl_k_yield
 .text.z_tick_sleep
                0x0000000008008454       0x8c zephyr/kernel/libkernel.a(sched.c.obj)
 .text.z_impl_k_sleep
                0x00000000080084e0       0x3c zephyr/kernel/libkernel.a(sched.c.obj)
                0x00000000080084e0                z_impl_k_sleep
 .text.z_impl_k_sched_current_thread_query
                0x000000000800851c        0xc zephyr/kernel/libkernel.a(sched.c.obj)
                0x000000000800851c                z_impl_k_sched_current_thread_query
 .text.slice_timeout
                0x0000000008008528       0x20 zephyr/kernel/libkernel.a(timeslicing.c.obj)
 .text.thread_is_sliceable
                0x0000000008008548       0x40 zephyr/kernel/libkernel.a(timeslicing.c.obj)
                0x0000000008008548                thread_is_sliceable
 .text.z_reset_time_slice
                0x0000000008008588       0x4c zephyr/kernel/libkernel.a(timeslicing.c.obj)
                0x0000000008008588                z_reset_time_slice
 .text.z_time_slice
                0x00000000080085d4       0x58 zephyr/kernel/libkernel.a(timeslicing.c.obj)
                0x00000000080085d4                z_time_slice
 .text.z_data_copy
                0x000000000800862c       0x34 zephyr/kernel/libkernel.a(xip.c.obj)
                0x000000000800862c                z_data_copy
 .text.elapsed  0x0000000008008660       0x18 zephyr/kernel/libkernel.a(timeout.c.obj)
 .text.remove_timeout
                0x0000000008008678       0x38 zephyr/kernel/libkernel.a(timeout.c.obj)
 .text.next_timeout
                0x00000000080086b0       0x44 zephyr/kernel/libkernel.a(timeout.c.obj)
 .text.z_add_timeout
                0x00000000080086f4       0xe8 zephyr/kernel/libkernel.a(timeout.c.obj)
                0x00000000080086f4                z_add_timeout
 .text.sys_clock_announce
                0x00000000080087dc       0xdc zephyr/kernel/libkernel.a(timeout.c.obj)
                0x00000000080087dc                sys_clock_announce
 .text.sys_clock_tick_get
                0x00000000080088b8       0x2c zephyr/kernel/libkernel.a(timeout.c.obj)
                0x00000000080088b8                sys_clock_tick_get
 .text.z_timer_expiration_handler
                0x00000000080088e4       0xec zephyr/kernel/libkernel.a(timer.c.obj)
                0x00000000080088e4                z_timer_expiration_handler
 .text.z_impl_k_timer_start
                0x00000000080089d0       0x70 zephyr/kernel/libkernel.a(timer.c.obj)
                0x00000000080089d0                z_impl_k_timer_start
 .text.boot_banner
                0x0000000008008a40       0x10 zephyr/kernel/libkernel.a(banner.c.obj)
                0x0000000008008a40                boot_banner
 .text.snprintf
                0x0000000008008a50       0x5c c:\users\julien\zephyr-sdk-0.16.8\arm-zephyr-eabi\bin\../lib/gcc/../../picolibc/arm-zephyr-eabi/lib/thumb/v6-m/nofp\libc.a(libc_tinystdio_snprintf.c.o)
                0x0000000008008a50                snprintf
 .text.sprintf  0x0000000008008aac       0x50 c:\users\julien\zephyr-sdk-0.16.8\arm-zephyr-eabi\bin\../lib/gcc/../../picolibc/arm-zephyr-eabi/lib/thumb/v6-m/nofp\libc.a(libc_tinystdio_sprintf.c.o)
                0x0000000008008aac                sprintf
 .text.__l_vfprintf
                0x0000000008008afc      0x4d0 c:\users\julien\zephyr-sdk-0.16.8\arm-zephyr-eabi\bin\../lib/gcc/../../picolibc/arm-zephyr-eabi/lib/thumb/v6-m/nofp\libc.a(libc_tinystdio_vflprintf.c.o)
                0x0000000008008afc                __l_vfprintf
 .text.pow      0x0000000008008fcc      0xb44 c:\users\julien\zephyr-sdk-0.16.8\arm-zephyr-eabi\bin\../lib/gcc/../../picolibc/arm-zephyr-eabi/lib/thumb/v6-m/nofp\libc.a(libm_math_s_pow.c.o)
                0x0000000008008fcc                _pow
                0x0000000008008fcc                powl
                0x0000000008008fcc                pow
 .text.scalbn   0x0000000008009b10       0xa8 c:\users\julien\zephyr-sdk-0.16.8\arm-zephyr-eabi\bin\../lib/gcc/../../picolibc/arm-zephyr-eabi/lib/thumb/v6-m/nofp\libc.a(libm_common_s_scalbn.c.o)
                0x0000000008009b10                scalbnl
                0x0000000008009b10                scalbn
                0x0000000008009b10                ldexpl
                0x0000000008009b10                ldexp
 .text.__math_oflow
                0x0000000008009bb8       0x18 c:\users\julien\zephyr-sdk-0.16.8\arm-zephyr-eabi\bin\../lib/gcc/../../picolibc/arm-zephyr-eabi/lib/thumb/v6-m/nofp\libc.a(libm_common_math_err_oflow.c.o)
                0x0000000008009bb8                __math_oflow
 .text.__math_divzero
                0x0000000008009bd0       0x18 c:\users\julien\zephyr-sdk-0.16.8\arm-zephyr-eabi\bin\../lib/gcc/../../picolibc/arm-zephyr-eabi/lib/thumb/v6-m/nofp\libc.a(libm_common_math_err_divzero.c.o)
                0x0000000008009bd0                __math_divzero
 .text.__math_invalid
                0x0000000008009be8       0x10 c:\users\julien\zephyr-sdk-0.16.8\arm-zephyr-eabi\bin\../lib/gcc/../../picolibc/arm-zephyr-eabi/lib/thumb/v6-m/nofp\libc.a(libm_common_math_err_invalid.c.o)
                0x0000000008009be8                __math_invalid
 .text.sqrt     0x0000000008009bf8      0x17c c:\users\julien\zephyr-sdk-0.16.8\arm-zephyr-eabi\bin\../lib/gcc/../../picolibc/arm-zephyr-eabi/lib/thumb/v6-m/nofp\libc.a(libm_machine_arm_s_sqrt.c.o)
                0x0000000008009bf8                sqrtl
                0x0000000008009bf8                sqrt
 .text.__fpclassifyd
                0x0000000008009d74       0x38 c:\users\julien\zephyr-sdk-0.16.8\arm-zephyr-eabi\bin\../lib/gcc/../../picolibc/arm-zephyr-eabi/lib/thumb/v6-m/nofp\libc.a(libm_common_s_fpclassify.c.o)
                0x0000000008009d74                __fpclassifyd
                0x0000000008009d74                __fpclassifyl
 .text._OffsetAbsSyms
                0x0000000008009dac        0x2 zephyr/CMakeFiles/offsets.dir/./arch/arm/core/offsets/offsets.c.obj
                0x0000000008009dac                _OffsetAbsSyms
 .text.k_sleep.isra.0
                0x0000000008009dae        0x8 app/libapp.a(main.c.obj)
 .text.chunk_size
                0x0000000008009db6        0xa zephyr/libzephyr.a(heap.c.obj)
 .text.free_list_add
                0x0000000008009dc0       0x4e zephyr/libzephyr.a(heap.c.obj)
 .text.sys_heap_init
                0x0000000008009e0e       0x74 zephyr/libzephyr.a(heap.c.obj)
                0x0000000008009e0e                sys_heap_init
 .text.sys_mem_blocks_alloc_contiguous
                0x0000000008009e82       0x36 zephyr/libzephyr.a(mem_blocks.c.obj)
                0x0000000008009e82                sys_mem_blocks_alloc_contiguous
 .text.sys_mem_blocks_free_contiguous
                0x0000000008009eb8       0x34 zephyr/libzephyr.a(mem_blocks.c.obj)
                0x0000000008009eb8                sys_mem_blocks_free_contiguous
 .text.cbpprintf_external
                0x0000000008009eec       0x68 zephyr/libzephyr.a(cbprintf_packaged.c.obj)
                0x0000000008009eec                cbpprintf_external
 .text.is_ptr   0x0000000008009f54       0x4a zephyr/libzephyr.a(cbprintf_packaged.c.obj)
                0x0000000008009f54                is_ptr
 .text.arch_printk_char_out
                0x0000000008009f9e        0x4 zephyr/libzephyr.a(printk.c.obj)
                0x0000000008009f9e                arch_printk_char_out
 .text.printk   0x0000000008009fa2       0x16 zephyr/libzephyr.a(printk.c.obj)
                0x0000000008009fa2                printk
 .text.free_space
                0x0000000008009fb8       0x2c zephyr/libzephyr.a(mpsc_pbuf.c.obj)
 .text.get_usage
                0x0000000008009fe4       0x22 zephyr/libzephyr.a(mpsc_pbuf.c.obj)
 .text.idx_inc  0x000000000800a006       0x1c zephyr/libzephyr.a(mpsc_pbuf.c.obj)
 .text.rd_idx_inc
                0x000000000800a022       0x18 zephyr/libzephyr.a(mpsc_pbuf.c.obj)
 .text.add_skip_item
                0x000000000800a03a       0x3a zephyr/libzephyr.a(mpsc_pbuf.c.obj)
 .text.drop_item_locked
                0x000000000800a074       0xe2 zephyr/libzephyr.a(mpsc_pbuf.c.obj)
 .text.post_drop_action
                0x000000000800a156       0x38 zephyr/libzephyr.a(mpsc_pbuf.c.obj)
 .text.max_utilization_update
                0x000000000800a18e       0x1a zephyr/libzephyr.a(mpsc_pbuf.c.obj)
 .text.mpsc_pbuf_init
                0x000000000800a1a8       0x42 zephyr/libzephyr.a(mpsc_pbuf.c.obj)
                0x000000000800a1a8                mpsc_pbuf_init
 .text.mpsc_pbuf_alloc
                0x000000000800a1ea       0xfc zephyr/libzephyr.a(mpsc_pbuf.c.obj)
                0x000000000800a1ea                mpsc_pbuf_alloc
 .text.mpsc_pbuf_commit
                0x000000000800a2e6       0x38 zephyr/libzephyr.a(mpsc_pbuf.c.obj)
                0x000000000800a2e6                mpsc_pbuf_commit
 .text.mpsc_pbuf_claim
                0x000000000800a31e       0xa2 zephyr/libzephyr.a(mpsc_pbuf.c.obj)
                0x000000000800a31e                mpsc_pbuf_claim
 .text.mpsc_pbuf_free
                0x000000000800a3c0       0x72 zephyr/libzephyr.a(mpsc_pbuf.c.obj)
                0x000000000800a3c0                mpsc_pbuf_free
 .text.mpsc_pbuf_is_pending
                0x000000000800a432       0x2e zephyr/libzephyr.a(mpsc_pbuf.c.obj)
                0x000000000800a432                mpsc_pbuf_is_pending
 .text.rb_lessthan
                0x000000000800a460       0x36 zephyr/libzephyr.a(p4wq.c.obj)
 .text.find_and_stack
                0x000000000800a496       0x3a zephyr/libzephyr.a(rb.c.obj)
 .text.set_child
                0x000000000800a4d0       0x14 zephyr/libzephyr.a(rb.c.obj)
 .text.z_rb_get_minmax
                0x000000000800a4e4       0x1e zephyr/libzephyr.a(rb.c.obj)
                0x000000000800a4e4                z_rb_get_minmax
 .text.setup_bundle_data.constprop.0
                0x000000000800a502       0x38 zephyr/libzephyr.a(bitarray.c.obj)
 .text.set_region
                0x000000000800a53a       0x8e zephyr/libzephyr.a(bitarray.c.obj)
 .text.match_region
                0x000000000800a5c8       0x92 zephyr/libzephyr.a(bitarray.c.obj)
 .text.sys_bitarray_alloc
                0x000000000800a65a       0x9e zephyr/libzephyr.a(bitarray.c.obj)
                0x000000000800a65a                sys_bitarray_alloc
 .text.sys_bitarray_free
                0x000000000800a6f8       0x6a zephyr/libzephyr.a(bitarray.c.obj)
                0x000000000800a6f8                sys_bitarray_free
 .text._ConfigAbsSyms
                0x000000000800a762        0x2 zephyr/libzephyr.a(configs.c.obj)
                0x000000000800a762                _ConfigAbsSyms
 .text.log_msg_generic_get_wlen
                0x000000000800a764       0x22 zephyr/libzephyr.a(log_core.c.obj)
 .text.dummy_timestamp
                0x000000000800a786        0x4 zephyr/libzephyr.a(log_core.c.obj)
 .text.atomic_inc
                0x000000000800a78a        0xa zephyr/libzephyr.a(log_core.c.obj)
 .text.default_lf_get_timestamp
                0x000000000800a794       0x10 zephyr/libzephyr.a(log_core.c.obj)
 .text.z_log_vprintk
                0x000000000800a7a4       0x1a zephyr/libzephyr.a(log_core.c.obj)
                0x000000000800a7a4                z_log_vprintk
 .text.z_log_notify_drop
                0x000000000800a7be        0xa zephyr/libzephyr.a(log_core.c.obj)
 .text.z_log_get_tag
                0x000000000800a7c8        0x4 zephyr/libzephyr.a(log_core.c.obj)
                0x000000000800a7c8                z_log_get_tag
 .text.z_cbprintf_cpy
                0x000000000800a7cc       0x2e zephyr/libzephyr.a(log_msg.c.obj)
 .text.z_log_msg_finalize
                0x000000000800a7fa       0x32 zephyr/libzephyr.a(log_msg.c.obj)
                0x000000000800a7fa                z_log_msg_finalize
 .text.z_impl_z_log_msg_simple_create_0
                0x000000000800a82c        0xe zephyr/libzephyr.a(log_msg.c.obj)
                0x000000000800a82c                z_impl_z_log_msg_simple_create_0
 .text.z_impl_z_log_msg_simple_create_1
                0x000000000800a83a       0x10 zephyr/libzephyr.a(log_msg.c.obj)
                0x000000000800a83a                z_impl_z_log_msg_simple_create_1
 .text.z_impl_z_log_msg_simple_create_2
                0x000000000800a84a       0x16 zephyr/libzephyr.a(log_msg.c.obj)
                0x000000000800a84a                z_impl_z_log_msg_simple_create_2
 .text.buffer_write
                0x000000000800a860       0x1e zephyr/libzephyr.a(log_output.c.obj)
 .text.log_output_flush
                0x000000000800a87e       0x18 zephyr/libzephyr.a(log_output.c.obj)
                0x000000000800a87e                log_output_flush
 .text.out_func
                0x000000000800a896       0x26 zephyr/libzephyr.a(log_output.c.obj)
 .text.cr_out_func
                0x000000000800a8bc       0x1c zephyr/libzephyr.a(log_output.c.obj)
 .text.log_output_msg_process
                0x000000000800a8d8       0x62 zephyr/libzephyr.a(log_output.c.obj)
                0x000000000800a8d8                log_output_msg_process
 .text.format_set
                0x000000000800a93a        0xc zephyr/libzephyr.a(log_backend_uart.c.obj)
 .text.log_backend_uart_init
                0x000000000800a946        0xc zephyr/libzephyr.a(log_backend_uart.c.obj)
 .text.panic    0x000000000800a952       0x14 zephyr/libzephyr.a(log_backend_uart.c.obj)
 .text.dropped  0x000000000800a966        0xe zephyr/libzephyr.a(log_backend_uart.c.obj)
 .text.process  0x000000000800a974       0x1c zephyr/libzephyr.a(log_backend_uart.c.obj)
 .text.z_do_kernel_oops
                0x000000000800a990        0xc zephyr/arch/arch/arm/core/libarch__arm__core.a(fatal.c.obj)
                0x000000000800a990                z_do_kernel_oops
 .text.z_irq_spurious
                0x000000000800a99c        0xc zephyr/arch/arch/arm/core/cortex_m/libarch__arm__core__cortex_m.a(irq_manage.c.obj)
                0x000000000800a99c                z_irq_spurious
 .text.z_prep_c
                0x000000000800a9a8       0x16 zephyr/arch/arch/arm/core/cortex_m/libarch__arm__core__cortex_m.a(prep_c.c.obj)
                0x000000000800a9a8                z_prep_c
 .text.arch_irq_unlock_outlined
                0x000000000800a9be        0xc zephyr/arch/arch/arm/core/cortex_m/libarch__arm__core__cortex_m.a(thread.c.obj)
                0x000000000800a9be                arch_irq_unlock_outlined
 .text.arch_cpu_idle
                0x000000000800a9ca        0xe zephyr/arch/arch/arm/core/cortex_m/libarch__arm__core__cortex_m.a(cpu_idle.c.obj)
                0x000000000800a9ca                arch_cpu_idle
 .text.cbputc   0x000000000800a9d8        0xc zephyr/lib/libc/picolibc/liblib__libc__picolibc.a(libc-hooks.c.obj)
 .text.picolibc_put
                0x000000000800a9e4        0xa zephyr/lib/libc/picolibc/liblib__libc__picolibc.a(libc-hooks.c.obj)
 .text.mpsc_pop
                0x000000000800a9ee       0x4a zephyr/subsys/rtio/libsubsys__rtio.a(rtio_executor.c.obj)
 .text.rtio_executor_err
                0x000000000800aa38        0xa zephyr/subsys/rtio/libsubsys__rtio.a(rtio_executor.c.obj)
                0x000000000800aa38                rtio_executor_err
 .text.rtio_iodev_submit
                0x000000000800aa42       0x40 zephyr/subsys/rtio/libsubsys__rtio.a(rtio_executor.c.obj)
 .text.rtio_executor_submit
                0x000000000800aa82       0x68 zephyr/subsys/rtio/libsubsys__rtio.a(rtio_executor.c.obj)
                0x000000000800aa82                rtio_executor_submit
 .text.rtio_executor_ok
                0x000000000800aaea        0xa zephyr/subsys/rtio/libsubsys__rtio.a(rtio_executor.c.obj)
                0x000000000800aaea                rtio_executor_ok
 .text.stm32_gpio_intc_get_pin_irq_line
                0x000000000800aaf4        0x6 zephyr/drivers/interrupt_controller/libdrivers__interrupt_controller.a(intc_exti_stm32.c.obj)
                0x000000000800aaf4                stm32_gpio_intc_get_pin_irq_line
 .text.adc_stm32_isr_12_init
                0x000000000800aafa       0x14 zephyr/drivers/adc/libdrivers__adc.a(adc_stm32.c.obj)
 .text.z_log_msg_simple_create_0.constprop.0
                0x000000000800ab0e        0xc zephyr/drivers/adc/libdrivers__adc.a(adc_stm32.c.obj)
 .text.adc_context_on_timer_expired
                0x000000000800ab1a       0x22 zephyr/drivers/adc/libdrivers__adc.a(adc_stm32.c.obj)
 .text.config_regulator_voltage
                0x000000000800ab3c        0x2 zephyr/drivers/clock_control/libdrivers__clock_control.a(clock_stm32_ll_common.c.obj)
                0x000000000800ab3c                config_regulator_voltage
 .text.gpio_stm32_port_get_raw
                0x000000000800ab3e        0xc zephyr/drivers/gpio/libdrivers__gpio.a(gpio_stm32.c.obj)
 .text.gpio_stm32_port_set_masked_raw
                0x000000000800ab4a       0x12 zephyr/drivers/gpio/libdrivers__gpio.a(gpio_stm32.c.obj)
 .text.gpio_stm32_port_set_bits_raw
                0x000000000800ab5c        0xa zephyr/drivers/gpio/libdrivers__gpio.a(gpio_stm32.c.obj)
 .text.gpio_stm32_port_clear_bits_raw
                0x000000000800ab66        0xa zephyr/drivers/gpio/libdrivers__gpio.a(gpio_stm32.c.obj)
 .text.gpio_stm32_port_toggle_bits
                0x000000000800ab70        0xe zephyr/drivers/gpio/libdrivers__gpio.a(gpio_stm32.c.obj)
 .text.gpio_stm32_manage_callback
                0x000000000800ab7e       0x58 zephyr/drivers/gpio/libdrivers__gpio.a(gpio_stm32.c.obj)
 .text.gpio_stm32_configure_raw.isra.0
                0x000000000800abd6       0xa0 zephyr/drivers/gpio/libdrivers__gpio.a(gpio_stm32.c.obj)
 .text.gpio_stm32_config
                0x000000000800ac76       0x70 zephyr/drivers/gpio/libdrivers__gpio.a(gpio_stm32.c.obj)
 .text.gpio_stm32_isr
                0x000000000800ace6       0x32 zephyr/drivers/gpio/libdrivers__gpio.a(gpio_stm32.c.obj)
 .text.gpio_stm32_configure
                0x000000000800ad18       0x2a zephyr/drivers/gpio/libdrivers__gpio.a(gpio_stm32.c.obj)
                0x000000000800ad18                gpio_stm32_configure
 .text.stm32_i2c_disable_transfer_interrupts
                0x000000000800ad42       0x40 zephyr/drivers/i2c/libdrivers__i2c.a(i2c_ll_stm32_v2.c.obj)
 .text.stm32_i2c_enable_transfer_interrupts.isra.0
                0x000000000800ad82       0x24 zephyr/drivers/i2c/libdrivers__i2c.a(i2c_ll_stm32_v2.c.obj)
 .text.i2c_stm32_irq_config_func_0
                0x000000000800ada6       0x14 zephyr/drivers/i2c/libdrivers__i2c.a(i2c_ll_stm32.c.obj)
 .text.i2c_stm32_transfer
                0x000000000800adba       0x9a zephyr/drivers/i2c/libdrivers__i2c.a(i2c_ll_stm32.c.obj)
 .text.i2c_stm32_get_config
                0x000000000800ae54       0x1c zephyr/drivers/i2c/libdrivers__i2c.a(i2c_ll_stm32.c.obj)
                0x000000000800ae54                i2c_stm32_get_config
 .text.pinctrl_lookup_state
                0x000000000800ae70       0x26 zephyr/drivers/pinctrl/libdrivers__pinctrl.a(common.c.obj)
                0x000000000800ae70                pinctrl_lookup_state
 .text.reset_stm32_status
                0x000000000800ae96       0x20 zephyr/drivers/reset/libdrivers__reset.a(reset_stm32.c.obj)
 .text.reset_stm32_line_assert
                0x000000000800aeb6       0x1c zephyr/drivers/reset/libdrivers__reset.a(reset_stm32.c.obj)
 .text.reset_stm32_line_deassert
                0x000000000800aed2       0x1c zephyr/drivers/reset/libdrivers__reset.a(reset_stm32.c.obj)
 .text.reset_stm32_line_toggle
                0x000000000800aeee       0x16 zephyr/drivers/reset/libdrivers__reset.a(reset_stm32.c.obj)
 .text.bme280_reg_write.isra.0
                0x000000000800af04        0xa zephyr/drivers/sensor/bosch/bme280/libdrivers__sensor__bosch__bme280.a(bme280.c.obj)
 .text.bme280_reg_read.isra.0
                0x000000000800af0e        0xa zephyr/drivers/sensor/bosch/bme280/libdrivers__sensor__bosch__bme280.a(bme280.c.obj)
 .text.bme280_wait_until_ready
                0x000000000800af18       0x34 zephyr/drivers/sensor/bosch/bme280/libdrivers__sensor__bosch__bme280.a(bme280.c.obj)
 .text.bme280_chip_init
                0x000000000800af4c      0x136 zephyr/drivers/sensor/bosch/bme280/libdrivers__sensor__bosch__bme280.a(bme280.c.obj)
 .text.bme280_sample_fetch
                0x000000000800b082        0xc zephyr/drivers/sensor/bosch/bme280/libdrivers__sensor__bosch__bme280.a(bme280.c.obj)
                0x000000000800b082                bme280_sample_fetch
 .text.bme280_bus_check_i2c
                0x000000000800b08e       0x16 zephyr/drivers/sensor/bosch/bme280/libdrivers__sensor__bosch__bme280.a(bme280_i2c.c.obj)
 .text.bme280_reg_read_i2c
                0x000000000800b0a4       0x38 zephyr/drivers/sensor/bosch/bme280/libdrivers__sensor__bosch__bme280.a(bme280_i2c.c.obj)
 .text.bme280_reg_write_i2c
                0x000000000800b0dc       0x2c zephyr/drivers/sensor/bosch/bme280/libdrivers__sensor__bosch__bme280.a(bme280_i2c.c.obj)
 .text.bme280_decoder_get_frame_count
                0x000000000800b108       0x3e zephyr/drivers/sensor/bosch/bme280/libdrivers__sensor__bosch__bme280.a(bme280_decoder.c.obj)
 .text.bme280_decoder_get_size_info
                0x000000000800b146       0x22 zephyr/drivers/sensor/bosch/bme280/libdrivers__sensor__bosch__bme280.a(bme280_decoder.c.obj)
 .text.stm32_vref_channel_get
                0x000000000800b168       0x46 zephyr/drivers/sensor/st/stm32_vref/libdrivers__sensor__st__stm32_vref.a(stm32_vref.c.obj)
 .text.sensor_decoders_init
                0x000000000800b1ae        0x4 zephyr/drivers/sensor/libdrivers__sensor.a(sensor_decoders_init.c.obj)
 .text.uart_stm32_ll2cfg_databits
                0x000000000800b1b2       0x2c zephyr/drivers/serial/libdrivers__serial.a(uart_stm32.c.obj)
 .text.uart_stm32_err_check
                0x000000000800b1de       0x5e zephyr/drivers/serial/libdrivers__serial.a(uart_stm32.c.obj)
 .text.uart_stm32_irq_tx_enable
                0x000000000800b23c       0x1c zephyr/drivers/serial/libdrivers__serial.a(uart_stm32.c.obj)
 .text.uart_stm32_irq_tx_disable
                0x000000000800b258       0x1c zephyr/drivers/serial/libdrivers__serial.a(uart_stm32.c.obj)
 .text.uart_stm32_irq_rx_enable
                0x000000000800b274       0x1c zephyr/drivers/serial/libdrivers__serial.a(uart_stm32.c.obj)
 .text.uart_stm32_irq_rx_disable
                0x000000000800b290       0x1c zephyr/drivers/serial/libdrivers__serial.a(uart_stm32.c.obj)
 .text.uart_stm32_irq_rx_ready
                0x000000000800b2ac        0xc zephyr/drivers/serial/libdrivers__serial.a(uart_stm32.c.obj)
 .text.uart_stm32_irq_update
                0x000000000800b2b8        0x4 zephyr/drivers/serial/libdrivers__serial.a(uart_stm32.c.obj)
 .text.uart_stm32_irq_callback_set
                0x000000000800b2bc        0x8 zephyr/drivers/serial/libdrivers__serial.a(uart_stm32.c.obj)
 .text.uart_stm32_isr
                0x000000000800b2c4       0x10 zephyr/drivers/serial/libdrivers__serial.a(uart_stm32.c.obj)
 .text.uart_stm32_irq_config_func_0
                0x000000000800b2d4       0x14 zephyr/drivers/serial/libdrivers__serial.a(uart_stm32.c.obj)
 .text.uart_stm32_irq_config_func_1
                0x000000000800b2e8       0x14 zephyr/drivers/serial/libdrivers__serial.a(uart_stm32.c.obj)
 .text.uart_stm32_irq_tx_complete
                0x000000000800b2fc        0xc zephyr/drivers/serial/libdrivers__serial.a(uart_stm32.c.obj)
 .text.uart_stm32_irq_tx_ready
                0x000000000800b308       0x14 zephyr/drivers/serial/libdrivers__serial.a(uart_stm32.c.obj)
 .text.uart_stm32_poll_out
                0x000000000800b31c       0x36 zephyr/drivers/serial/libdrivers__serial.a(uart_stm32.c.obj)
 .text.uart_stm32_irq_is_pending
                0x000000000800b352       0x24 zephyr/drivers/serial/libdrivers__serial.a(uart_stm32.c.obj)
 .text.uart_stm32_poll_in
                0x000000000800b376       0x22 zephyr/drivers/serial/libdrivers__serial.a(uart_stm32.c.obj)
 .text.z_impl_k_busy_wait
                0x000000000800b398       0x1c zephyr/kernel/libkernel.a(busy_wait.c.obj)
                0x000000000800b398                z_impl_k_busy_wait
 .text.z_device_state_init
                0x000000000800b3b4        0x2 zephyr/kernel/libkernel.a(device.c.obj)
                0x000000000800b3b4                z_device_state_init
 .text.z_impl_device_is_ready
                0x000000000800b3b6       0x1a zephyr/kernel/libkernel.a(device.c.obj)
                0x000000000800b3b6                z_impl_device_is_ready
 .text.arch_system_halt
                0x000000000800b3d0        0x8 zephyr/kernel/libkernel.a(fatal.c.obj)
                0x000000000800b3d0                arch_system_halt
 .text.do_device_init
                0x000000000800b3d8       0x30 zephyr/kernel/libkernel.a(init.c.obj)
 .text.z_early_memset
                0x000000000800b408        0x8 zephyr/kernel/libkernel.a(init.c.obj)
                0x000000000800b408                z_early_memset
 .text.z_early_memcpy
                0x000000000800b410        0x8 zephyr/kernel/libkernel.a(init.c.obj)
                0x000000000800b410                z_early_memcpy
 .text.z_init_static
                0x000000000800b418        0x2 zephyr/kernel/libkernel.a(init_static.c.obj)
                0x000000000800b418                z_init_static
 .text.create_free_list
                0x000000000800b41a       0x3a zephyr/kernel/libkernel.a(mem_slab.c.obj)
 .text.k_mem_slab_free
                0x000000000800b454       0x4a zephyr/kernel/libkernel.a(mem_slab.c.obj)
                0x000000000800b454                k_mem_slab_free
 .text.idle     0x000000000800b49e        0xe zephyr/kernel/libkernel.a(idle.c.obj)
                0x000000000800b49e                idle
 .text.adjust_owner_prio.isra.0
                0x000000000800b4ac       0x16 zephyr/kernel/libkernel.a(mutex.c.obj)
 .text.z_impl_k_mutex_init
                0x000000000800b4c2        0xe zephyr/kernel/libkernel.a(mutex.c.obj)
                0x000000000800b4c2                z_impl_k_mutex_init
 .text.z_impl_k_sem_init
                0x000000000800b4d0       0x1a zephyr/kernel/libkernel.a(sem.c.obj)
                0x000000000800b4d0                z_impl_k_sem_init
 .text.k_is_in_isr
                0x000000000800b4ea        0xc zephyr/kernel/libkernel.a(thread.c.obj)
                0x000000000800b4ea                k_is_in_isr
 .text.k_thread_name_get
                0x000000000800b4f6        0x4 zephyr/kernel/libkernel.a(thread.c.obj)
                0x000000000800b4f6                k_thread_name_get
 .text.z_impl_k_thread_start
                0x000000000800b4fa        0x8 zephyr/kernel/libkernel.a(thread.c.obj)
                0x000000000800b4fa                z_impl_k_thread_start
 .text.sys_dlist_remove
                0x000000000800b502       0x10 zephyr/kernel/libkernel.a(sched.c.obj)
 .text.unpend_thread_no_timeout
                0x000000000800b512       0x16 zephyr/kernel/libkernel.a(sched.c.obj)
 .text.z_sched_prio_cmp
                0x000000000800b528       0x1e zephyr/kernel/libkernel.a(sched.c.obj)
                0x000000000800b528                z_sched_prio_cmp
 .text.add_to_waitq_locked
                0x000000000800b546       0x4e zephyr/kernel/libkernel.a(sched.c.obj)
 .text.z_ready_thread
                0x000000000800b594       0x18 zephyr/kernel/libkernel.a(sched.c.obj)
                0x000000000800b594                z_ready_thread
 .text.z_impl_k_thread_suspend
                0x000000000800b5ac       0x30 zephyr/kernel/libkernel.a(sched.c.obj)
                0x000000000800b5ac                z_impl_k_thread_suspend
 .text.z_unpend_thread_no_timeout
                0x000000000800b5dc       0x1e zephyr/kernel/libkernel.a(sched.c.obj)
                0x000000000800b5dc                z_unpend_thread_no_timeout
 .text.z_sched_wake_thread
                0x000000000800b5fa       0x3e zephyr/kernel/libkernel.a(sched.c.obj)
                0x000000000800b5fa                z_sched_wake_thread
 .text.z_thread_timeout
                0x000000000800b638        0xc zephyr/kernel/libkernel.a(sched.c.obj)
                0x000000000800b638                z_thread_timeout
 .text.z_unpend1_no_timeout
                0x000000000800b644       0x2a zephyr/kernel/libkernel.a(sched.c.obj)
                0x000000000800b644                z_unpend1_no_timeout
 .text.z_unpend_first_thread
                0x000000000800b66e       0x32 zephyr/kernel/libkernel.a(sched.c.obj)
                0x000000000800b66e                z_unpend_first_thread
 .text.z_impl_k_usleep
                0x000000000800b6a0       0x22 zephyr/kernel/libkernel.a(sched.c.obj)
                0x000000000800b6a0                z_impl_k_usleep
 .text.z_thread_abort
                0x000000000800b6c2       0x40 zephyr/kernel/libkernel.a(sched.c.obj)
                0x000000000800b6c2                z_thread_abort
 .text.z_abort_timeout
                0x000000000800b702       0x26 zephyr/kernel/libkernel.a(timeout.c.obj)
                0x000000000800b702                z_abort_timeout
 .text.sys_clock_tick_get_32
                0x000000000800b728        0x8 zephyr/kernel/libkernel.a(timeout.c.obj)
                0x000000000800b728                sys_clock_tick_get_32
 .text.z_impl_k_uptime_ticks
                0x000000000800b730        0x8 zephyr/kernel/libkernel.a(timeout.c.obj)
                0x000000000800b730                z_impl_k_uptime_ticks
 .text.k_timer_init
                0x000000000800b738       0x18 zephyr/kernel/libkernel.a(timer.c.obj)
                0x000000000800b738                k_timer_init
 .text.z_impl_k_timer_stop
                0x000000000800b750       0x32 zephyr/kernel/libkernel.a(timer.c.obj)
                0x000000000800b750                z_impl_k_timer_stop
 .text.z_impl_atomic_add
                0x000000000800b782       0x1a zephyr/kernel/libkernel.a(atomic_c.c.obj)
                0x000000000800b782                z_impl_atomic_add
 .text.z_impl_atomic_sub
                0x000000000800b79c       0x1a zephyr/kernel/libkernel.a(atomic_c.c.obj)
                0x000000000800b79c                z_impl_atomic_sub
 .text.z_impl_atomic_set
                0x000000000800b7b6       0x18 zephyr/kernel/libkernel.a(atomic_c.c.obj)
                0x000000000800b7b6                z_impl_atomic_set
 .text.strncpy  0x000000000800b7ce       0x22 c:\users\julien\zephyr-sdk-0.16.8\arm-zephyr-eabi\bin\../lib/gcc/../../picolibc/arm-zephyr-eabi/lib/thumb/v6-m/nofp\libc.a(libc_string_strncpy.c.o)
                0x000000000800b7ce                strncpy
 .text.strnlen  0x000000000800b7f0       0x16 c:\users\julien\zephyr-sdk-0.16.8\arm-zephyr-eabi\bin\../lib/gcc/../../picolibc/arm-zephyr-eabi/lib/thumb/v6-m/nofp\libc.a(libc_string_strnlen.c.o)
                0x000000000800b7f0                strnlen
 .text.__ultoa_invert
                0x000000000800b806      0x10e c:\users\julien\zephyr-sdk-0.16.8\arm-zephyr-eabi\bin\../lib/gcc/../../picolibc/arm-zephyr-eabi/lib/thumb/v6-m/nofp\libc.a(libc_tinystdio_vflprintf.c.o)
 .text.__math_uflow
                0x000000000800b914       0x12 c:\users\julien\zephyr-sdk-0.16.8\arm-zephyr-eabi\bin\../lib/gcc/../../picolibc/arm-zephyr-eabi/lib/thumb/v6-m/nofp\libc.a(libm_common_math_err_uflow.c.o)
                0x000000000800b914                __math_uflow
 .text.memcpy   0x000000000800b926       0x12 c:\users\julien\zephyr-sdk-0.16.8\arm-zephyr-eabi\bin\../lib/gcc/../../picolibc/arm-zephyr-eabi/lib/thumb/v6-m/nofp\libc.a(memcpy.c.o)
                0x000000000800b926                __aeabi_memcpy
                0x000000000800b926                __aeabi_memcpy4
                0x000000000800b926                __aeabi_memcpy8
                0x000000000800b926                memcpy
 .text.memset   0x000000000800b938       0x10 c:\users\julien\zephyr-sdk-0.16.8\arm-zephyr-eabi\bin\../lib/gcc/../../picolibc/arm-zephyr-eabi/lib/thumb/v6-m/nofp\libc.a(memset.c.o)
                0x000000000800b938                memset
 .text.__file_str_put
                0x000000000800b948       0x10 c:\users\julien\zephyr-sdk-0.16.8\arm-zephyr-eabi\bin\../lib/gcc/../../picolibc/arm-zephyr-eabi/lib/thumb/v6-m/nofp\libc.a(libc_tinystdio_filestrput.c.o)
                0x000000000800b948                __file_str_put
 *(SORT_BY_ALIGNMENT(.TEXT.*))
 .TEXT.__aeabi_read_tp
                0x000000000800b958        0xc zephyr/arch/arch/arm/core/cortex_m/libarch__arm__core__cortex_m.a(__aeabi_read_tp.S.obj)
                0x000000000800b958                __aeabi_read_tp
 *(SORT_BY_ALIGNMENT(.gnu.linkonce.t.*))
 *(SORT_BY_ALIGNMENT(.glue_7t))
 .glue_7t       0x000000000800b964        0x0 linker stubs
 *(SORT_BY_ALIGNMENT(.glue_7))
 .glue_7        0x000000000800b964        0x0 linker stubs
 *(SORT_BY_ALIGNMENT(.vfp11_veneer))
 .vfp11_veneer  0x000000000800b964        0x0 linker stubs
 *(SORT_BY_ALIGNMENT(.v4_bx))
 .v4_bx         0x000000000800b964        0x0 linker stubs
                0x000000000800b964                . = ALIGN (0x4)
                0x000000000800b964                __text_region_end = .

.ARM.exidx      0x000000000800b964        0x8
                0x000000000800b964                __exidx_start = .
 *(SORT_BY_ALIGNMENT(.ARM.exidx*) SORT_BY_ALIGNMENT(gnu.linkonce.armexidx.*))
 .ARM.exidx     0x000000000800b964        0x8 c:/users/julien/zephyr-sdk-0.16.8/arm-zephyr-eabi/bin/../lib/gcc/arm-zephyr-eabi/12.2.0/thumb/v6-m/nofp\libgcc.a(_udivmoddi4.o)
 .ARM.exidx     0x000000000800b96c        0x0 c:/users/julien/zephyr-sdk-0.16.8/arm-zephyr-eabi/bin/../lib/gcc/arm-zephyr-eabi/12.2.0/thumb/v6-m/nofp\libgcc.a(_divdi3.o)
                                          0x8 (size before relaxing)
                0x000000000800b96c                __exidx_end = .
                0x000000000800b96c                __rodata_region_start = .

initlevel       0x000000000800b96c       0xd8
                0x000000000800b96c                __init_start = .
                0x000000000800b96c                __init_EARLY_start = .
 *(SORT_BY_NAME(SORT_BY_ALIGNMENT(.z_init_EARLY?_*)))
 *(SORT_BY_NAME(SORT_BY_ALIGNMENT(.z_init_EARLY??_*)))
                0x000000000800b96c                __init_PRE_KERNEL_1_start = .
 *(SORT_BY_NAME(SORT_BY_ALIGNMENT(.z_init_PRE_KERNEL_1?_*)))
 .z_init_PRE_KERNEL_10_0_
                0x000000000800b96c        0x8 zephyr/libzephyr.a(soc.c.obj)
 .z_init_PRE_KERNEL_11_00009_
                0x000000000800b974        0x8 zephyr/drivers/clock_control/libdrivers__clock_control.a(clock_stm32_ll_common.c.obj)
 .z_init_PRE_KERNEL_11_0_
                0x000000000800b97c        0x8 zephyr/libzephyr.a(soc_config.c.obj)
 *(SORT_BY_NAME(SORT_BY_ALIGNMENT(.z_init_PRE_KERNEL_1??_*)))
 .z_init_PRE_KERNEL_130_0_
                0x000000000800b984        0x8 zephyr/kernel/libkernel.a(mem_slab.c.obj)
 .z_init_PRE_KERNEL_135_00040_
                0x000000000800b98c        0x8 zephyr/drivers/reset/libdrivers__reset.a(reset_stm32.c.obj)
 .z_init_PRE_KERNEL_140_00033_
                0x000000000800b994        0x8 zephyr/drivers/gpio/libdrivers__gpio.a(gpio_stm32.c.obj)
 .z_init_PRE_KERNEL_140_00036_
                0x000000000800b99c        0x8 zephyr/drivers/gpio/libdrivers__gpio.a(gpio_stm32.c.obj)
 .z_init_PRE_KERNEL_140_00053_
                0x000000000800b9a4        0x8 zephyr/drivers/interrupt_controller/libdrivers__interrupt_controller.a(intc_exti_stm32.c.obj)
 .z_init_PRE_KERNEL_140_00084_
                0x000000000800b9ac        0x8 zephyr/drivers/gpio/libdrivers__gpio.a(gpio_stm32.c.obj)
 .z_init_PRE_KERNEL_140_00085_
                0x000000000800b9b4        0x8 zephyr/drivers/gpio/libdrivers__gpio.a(gpio_stm32.c.obj)
 .z_init_PRE_KERNEL_140_00086_
                0x000000000800b9bc        0x8 zephyr/drivers/gpio/libdrivers__gpio.a(gpio_stm32.c.obj)
 .z_init_PRE_KERNEL_140_00087_
                0x000000000800b9c4        0x8 zephyr/drivers/gpio/libdrivers__gpio.a(gpio_stm32.c.obj)
 .z_init_PRE_KERNEL_150_00056_
                0x000000000800b9cc        0x8 zephyr/drivers/serial/libdrivers__serial.a(uart_stm32.c.obj)
 .z_init_PRE_KERNEL_150_00065_
                0x000000000800b9d4        0x8 zephyr/drivers/serial/libdrivers__serial.a(uart_stm32.c.obj)
 .z_init_PRE_KERNEL_160_0_
                0x000000000800b9dc        0x8 zephyr/drivers/console/libdrivers__console.a(uart_console.c.obj)
                0x000000000800b9e4                __init_PRE_KERNEL_2_start = .
 *(SORT_BY_NAME(SORT_BY_ALIGNMENT(.z_init_PRE_KERNEL_2?_*)))
 .z_init_PRE_KERNEL_20_0_
                0x000000000800b9e4        0x8 zephyr/drivers/timer/libdrivers__timer.a(cortex_m_systick.c.obj)
 *(SORT_BY_NAME(SORT_BY_ALIGNMENT(.z_init_PRE_KERNEL_2??_*)))
                0x000000000800b9ec                __init_POST_KERNEL_start = .
 *(SORT_BY_NAME(SORT_BY_ALIGNMENT(.z_init_POST_KERNEL?_*)))
 .z_init_POST_KERNEL0_0_
                0x000000000800b9ec        0x8 zephyr/libzephyr.a(log_core.c.obj)
 .z_init_POST_KERNEL0_0_
                0x000000000800b9f4        0x8 zephyr/subsys/rtio/libsubsys__rtio.a(rtio_init.c.obj)
 *(SORT_BY_NAME(SORT_BY_ALIGNMENT(.z_init_POST_KERNEL??_*)))
 .z_init_POST_KERNEL35_0_
                0x000000000800b9fc        0x8 zephyr/lib/libc/common/liblib__libc__common.a(malloc.c.obj)
 .z_init_POST_KERNEL50_00012_
                0x000000000800ba04        0x8 zephyr/drivers/adc/libdrivers__adc.a(adc_stm32.c.obj)
 .z_init_POST_KERNEL50_00017_
                0x000000000800ba0c        0x8 zephyr/drivers/i2c/libdrivers__i2c.a(i2c_ll_stm32.c.obj)
 .z_init_POST_KERNEL90_00013_
                0x000000000800ba14        0x8 zephyr/drivers/sensor/st/stm32_temp/libdrivers__sensor__st__stm32_temp.a(stm32_temp.c.obj)
 .z_init_POST_KERNEL90_00024_
                0x000000000800ba1c        0x8 zephyr/drivers/sensor/st/stm32_vbat/libdrivers__sensor__st__stm32_vbat.a(stm32_vbat.c.obj)
 .z_init_POST_KERNEL90_00025_
                0x000000000800ba24        0x8 zephyr/drivers/sensor/st/stm32_vref/libdrivers__sensor__st__stm32_vref.a(stm32_vref.c.obj)
 .z_init_POST_KERNEL90_00083_
                0x000000000800ba2c        0x8 zephyr/drivers/sensor/bosch/bme280/libdrivers__sensor__bosch__bme280.a(bme280.c.obj)
 .z_init_POST_KERNEL99_0_
                0x000000000800ba34        0x8 zephyr/drivers/sensor/libdrivers__sensor.a(sensor_decoders_init.c.obj)
                0x000000000800ba3c                __init_APPLICATION_start = .
 *(SORT_BY_NAME(SORT_BY_ALIGNMENT(.z_init_APPLICATION?_*)))
 *(SORT_BY_NAME(SORT_BY_ALIGNMENT(.z_init_APPLICATION??_*)))
 .z_init_APPLICATION99_0_
                0x000000000800ba3c        0x8 zephyr/libzephyr.a(p4wq.c.obj)
                0x000000000800ba44                __init_SMP_start = .
 *(SORT_BY_NAME(SORT_BY_ALIGNMENT(.z_init_SMP?_*)))
 *(SORT_BY_NAME(SORT_BY_ALIGNMENT(.z_init_SMP??_*)))
                0x000000000800ba44                __init_end = .
                0x000000000800ba44                __deferred_init_list_start = .
 *(SORT_BY_ALIGNMENT(.z_deferred_init*))
                0x000000000800ba44                __deferred_init_list_end = .

device_area     0x000000000800ba44      0x154
                0x000000000800ba44                _device_list_start = .
 *(SORT_BY_NAME(SORT_BY_ALIGNMENT(._device.static.*_?_*)))
 ._device.static.1_1_
                0x000000000800ba44       0x14 zephyr/drivers/clock_control/libdrivers__clock_control.a(clock_stm32_ll_common.c.obj)
                0x000000000800ba44                __device_dts_ord_9
 *(SORT_BY_NAME(SORT_BY_ALIGNMENT(._device.static.*_??_*)))
 ._device.static.1_35_
                0x000000000800ba58       0x14 zephyr/drivers/reset/libdrivers__reset.a(reset_stm32.c.obj)
                0x000000000800ba58                __device_dts_ord_40
 ._device.static.1_40_
                0x000000000800ba6c       0x14 zephyr/drivers/interrupt_controller/libdrivers__interrupt_controller.a(intc_exti_stm32.c.obj)
                0x000000000800ba6c                __device_dts_ord_53
 ._device.static.1_40_
                0x000000000800ba80       0x78 zephyr/drivers/gpio/libdrivers__gpio.a(gpio_stm32.c.obj)
                0x000000000800ba80                __device_dts_ord_87
                0x000000000800ba94                __device_dts_ord_86
                0x000000000800baa8                __device_dts_ord_85
                0x000000000800babc                __device_dts_ord_33
                0x000000000800bad0                __device_dts_ord_84
                0x000000000800bae4                __device_dts_ord_36
 ._device.static.1_50_
                0x000000000800baf8       0x28 zephyr/drivers/serial/libdrivers__serial.a(uart_stm32.c.obj)
                0x000000000800baf8                __device_dts_ord_56
                0x000000000800bb0c                __device_dts_ord_65
 ._device.static.3_50_
                0x000000000800bb20       0x14 zephyr/drivers/adc/libdrivers__adc.a(adc_stm32.c.obj)
                0x000000000800bb20                __device_dts_ord_12
 ._device.static.3_50_
                0x000000000800bb34       0x14 zephyr/drivers/i2c/libdrivers__i2c.a(i2c_ll_stm32.c.obj)
                0x000000000800bb34                __device_dts_ord_17
 ._device.static.3_90_
                0x000000000800bb48       0x14 zephyr/drivers/sensor/bosch/bme280/libdrivers__sensor__bosch__bme280.a(bme280.c.obj)
                0x000000000800bb48                __device_dts_ord_83
 ._device.static.3_90_
                0x000000000800bb5c       0x14 zephyr/drivers/sensor/st/stm32_temp/libdrivers__sensor__st__stm32_temp.a(stm32_temp.c.obj)
                0x000000000800bb5c                __device_dts_ord_13
 ._device.static.3_90_
                0x000000000800bb70       0x14 zephyr/drivers/sensor/st/stm32_vbat/libdrivers__sensor__st__stm32_vbat.a(stm32_vbat.c.obj)
                0x000000000800bb70                __device_dts_ord_24
 ._device.static.3_90_
                0x000000000800bb84       0x14 zephyr/drivers/sensor/st/stm32_vref/libdrivers__sensor__st__stm32_vref.a(stm32_vref.c.obj)
                0x000000000800bb84                __device_dts_ord_25
                0x000000000800bb98                _device_list_end = .

sw_isr_table    0x000000000800bb98       0xf8
                0x000000000800bb98                . = ALIGN (0x4)
 *(SORT_BY_ALIGNMENT(.gnu.linkonce.sw_isr_table*))
 .gnu.linkonce.sw_isr_table
                0x000000000800bb98       0xf8 zephyr/CMakeFiles/zephyr_final.dir/isr_tables.c.obj
                0x000000000800bb98                _sw_isr_table

initlevel_error
                0x000000000800b96c        0x0
 *(SORT_BY_NAME(SORT_BY_ALIGNMENT(.z_init_[_A-Z0-9]*)))
                0x0000000000000001                ASSERT ((SIZEOF (initlevel_error) == 0x0), Undefined initialization levels used.)

app_shmem_regions
                0x000000000800bc90        0x0
                0x000000000800bc90                __app_shmem_regions_start = .
 *(SORT_BY_NAME(SORT_BY_ALIGNMENT(.app_regions.*)))
                0x000000000800bc90                __app_shmem_regions_end = .

k_p4wq_initparam_area
                0x000000000800bc90       0x18
                0x000000000800bc90                _k_p4wq_initparam_list_start = .
 *(SORT_BY_NAME(SORT_BY_ALIGNMENT(._k_p4wq_initparam.static.*)))
 ._k_p4wq_initparam.static._init_rtio_workq_
                0x000000000800bc90       0x18 zephyr/subsys/rtio/libsubsys__rtio.a(rtio_workq.c.obj)
                0x000000000800bca8                _k_p4wq_initparam_list_end = .

_static_thread_data_area
                0x000000000800bca8        0x0
                0x000000000800bca8                __static_thread_data_list_start = .
 *(SORT_BY_NAME(SORT_BY_ALIGNMENT(.__static_thread_data.static.*)))
                0x000000000800bca8                __static_thread_data_list_end = .

device_deps     0x000000000800bca8        0x0
                0x000000000800bca8                __device_deps_start = .
 *(SORT_BY_NAME(SORT_BY_ALIGNMENT(.__device_deps_pass2*)))
                0x000000000800bca8                __device_deps_end = .

ztest           0x000000000800bca8        0x0
                0x000000000800bca8                _ztest_expected_result_entry_list_start = .
 *(SORT_BY_NAME(SORT_BY_ALIGNMENT(._ztest_expected_result_entry.static.*)))
                0x000000000800bca8                _ztest_expected_result_entry_list_end = .
                0x000000000800bca8                _ztest_suite_node_list_start = .
 *(SORT_BY_NAME(SORT_BY_ALIGNMENT(._ztest_suite_node.static.*)))
                0x000000000800bca8                _ztest_suite_node_list_end = .
                0x000000000800bca8                _ztest_unit_test_list_start = .
 *(SORT_BY_NAME(SORT_BY_ALIGNMENT(._ztest_unit_test.static.*)))
                0x000000000800bca8                _ztest_unit_test_list_end = .
                0x000000000800bca8                _ztest_test_rule_list_start = .
 *(SORT_BY_NAME(SORT_BY_ALIGNMENT(._ztest_test_rule.static.*)))
                0x000000000800bca8                _ztest_test_rule_list_end = .

init_array      0x000000000800bca8        0x0
 *(SORT_BY_NAME(SORT_BY_ALIGNMENT(.ctors*)))
 *(SORT_BY_NAME(SORT_BY_ALIGNMENT(.init_array*)))
                0x0000000000000001                ASSERT ((SIZEOF (init_array) == 0x0), GNU-style constructors required but STATIC_INIT_GNU not enabled)

bt_l2cap_fixed_chan_area
                0x000000000800bca8        0x0
                0x000000000800bca8                _bt_l2cap_fixed_chan_list_start = .
 *(SORT_BY_NAME(SORT_BY_ALIGNMENT(._bt_l2cap_fixed_chan.static.*)))
                0x000000000800bca8                _bt_l2cap_fixed_chan_list_end = .

bt_gatt_service_static_area